BL51 BANKED LINKER/LOCATER V6.22                                                        06/27/2020  18:06:15  PAGE 1


BL51 BANKED LINKER/LOCATER V6.22, INVOKED BY:
C:\KEIL\C51\BIN\BL51.EXE .\obj\z_main.obj, .\obj\z_adc.obj, .\obj\z_delay.obj, .\obj\z_global.obj, .\obj\z_gpio.obj, .\o
>> bj\z_ps2.obj, .\obj\z_timer.obj, .\obj\z_uart.obj, .\obj\z_w25q64.obj, .\obj\z_oled.obj, .\obj\z_sensor.obj TO .\obj\
>> Gihand-51 PRINT (.\lst\Gihand-51.m51)


MEMORY MODEL: LARGE WITH FLOATING POINT ARITHMETIC


INPUT MODULES INCLUDED:
  .\obj\z_main.obj (Z_MAIN)
  .\obj\z_adc.obj (Z_ADC)
  .\obj\z_delay.obj (Z_DELAY)
  .\obj\z_global.obj (Z_GLOBAL)
  .\obj\z_gpio.obj (Z_GPIO)
  .\obj\z_ps2.obj (Z_PS2)
  .\obj\z_timer.obj (Z_TIMER)
  .\obj\z_uart.obj (Z_UART)
  .\obj\z_w25q64.obj (Z_W25Q64)
  .\obj\z_oled.obj (Z_OLED)
  .\obj\z_sensor.obj (Z_SENSOR)
  C:\KEIL\C51\LIB\C51FPL.LIB (?C?FPADD)
  C:\KEIL\C51\LIB\C51FPL.LIB (?C?FPMUL)
  C:\KEIL\C51\LIB\C51FPL.LIB (?C?FPDIV)
  C:\KEIL\C51\LIB\C51FPL.LIB (?C?FPCMP)
  C:\KEIL\C51\LIB\C51FPL.LIB (?C?FPNEG)
  C:\KEIL\C51\LIB\C51FPL.LIB (?C?FCAST)
  C:\KEIL\C51\LIB\C51FPL.LIB (?C?CASTF)
  C:\KEIL\C51\LIB\C51FPL.LIB (PRINTF)
  C:\KEIL\C51\LIB\C51FPL.LIB (SCANF)
  C:\KEIL\C51\LIB\C51FPL.LIB (?C?FPGETOPN)
  C:\KEIL\C51\LIB\C51FPL.LIB (?C?FPROUND)
  C:\KEIL\C51\LIB\C51FPL.LIB (?C?FPCONVERT)
  C:\KEIL\C51\LIB\C51FPL.LIB (?C?ATOF)
  C:\KEIL\C51\LIB\C51FPL.LIB (?C?FTNPWR)
  C:\KEIL\C51\LIB\C51L.LIB (?C_STARTUP)
  C:\KEIL\C51\LIB\C51L.LIB (?C?COPY)
  C:\KEIL\C51\LIB\C51L.LIB (?C?CLDPTR)
  C:\KEIL\C51\LIB\C51L.LIB (?C?CLDOPTR)
  C:\KEIL\C51\LIB\C51L.LIB (?C?CSTPTR)
  C:\KEIL\C51\LIB\C51L.LIB (?C?CSTOPTR)
  C:\KEIL\C51\LIB\C51L.LIB (?C?IMUL)
  C:\KEIL\C51\LIB\C51L.LIB (?C?SIDIV)
  C:\KEIL\C51\LIB\C51L.LIB (?C?IILDX)
  C:\KEIL\C51\LIB\C51L.LIB (?C?ILDIX)
  C:\KEIL\C51\LIB\C51L.LIB (?C?ILDPTR)
  C:\KEIL\C51\LIB\C51L.LIB (?C?ILDOPTR)
  C:\KEIL\C51\LIB\C51L.LIB (?C?ISTPTR)
  C:\KEIL\C51\LIB\C51L.LIB (?C?ISTOPTR)
  C:\KEIL\C51\LIB\C51L.LIB (?C?LMUL)
  C:\KEIL\C51\LIB\C51L.LIB (?C?ULDIV)
  C:\KEIL\C51\LIB\C51L.LIB (?C?LNEG)
  C:\KEIL\C51\LIB\C51L.LIB (?C?ULCMP)
  C:\KEIL\C51\LIB\C51L.LIB (?C?ULSHR)
  C:\KEIL\C51\LIB\C51L.LIB (?C?LSHL)
  C:\KEIL\C51\LIB\C51L.LIB (?C?LSTPTR)
  C:\KEIL\C51\LIB\C51L.LIB (?C?LSTXDATA)
  C:\KEIL\C51\LIB\C51L.LIB (?C?LSTKXDATA)
BL51 BANKED LINKER/LOCATER V6.22                                                      06/27/2020  18:06:15  PAGE 2


  C:\KEIL\C51\LIB\C51L.LIB (?C?OFFXADD)
  C:\KEIL\C51\LIB\C51L.LIB (?C?PLDXDATA)
  C:\KEIL\C51\LIB\C51L.LIB (?C?PLDIXDATA)
  C:\KEIL\C51\LIB\C51L.LIB (?C?PILDXDATA)
  C:\KEIL\C51\LIB\C51L.LIB (?C?PSTXDATA)
  C:\KEIL\C51\LIB\C51L.LIB (?C?CCASE)
  C:\KEIL\C51\LIB\C51L.LIB (PUTCHAR)
  C:\KEIL\C51\LIB\C51L.LIB (GETCHAR)
  C:\KEIL\C51\LIB\C51L.LIB (UNGETC)
  C:\KEIL\C51\LIB\C51L.LIB (ISSPACE)
  C:\KEIL\C51\LIB\C51L.LIB (?C?STRCPY)
  C:\KEIL\C51\LIB\C51L.LIB (STRLEN)
  C:\KEIL\C51\LIB\C51L.LIB (?C?MEMSET)
  C:\KEIL\C51\LIB\C51L.LIB (?C_INIT)
  C:\KEIL\C51\LIB\C51L.LIB (?C?UIDIV)
  C:\KEIL\C51\LIB\C51L.LIB (?C?LSTIDATA)
  C:\KEIL\C51\LIB\C51L.LIB (?C?LSTPDATA)
  C:\KEIL\C51\LIB\C51L.LIB (_GETKEY)


LINK MAP OF MODULE:  .\obj\Gihand-51 (Z_MAIN)


            TYPE    BASE      LENGTH    RELOCATION   SEGMENT NAME
            -----------------------------------------------------

            * * * * * * *   D A T A   M E M O R Y   * * * * * * *
            REG     0000H     0008H     ABSOLUTE     "REG BANK 0"
                    0008H     0008H                  *** GAP ***
            REG     0010H     0008H     ABSOLUTE     "REG BANK 2"
                    0018H     0008H                  *** GAP ***
            BIT     0020H.0   0001H.3   UNIT         _BIT_GROUP_
            BIT     0021H.3   0000H.1   UNIT         ?BI?GETCHAR
                    0021H.4   0000H.4                *** GAP ***
            DATA    0022H     000BH     UNIT         _DATA_GROUP_
            IDATA   002DH     0001H     UNIT         ?STACK

            * * * * * * *  X D A T A   M E M O R Y  * * * * * * *
            XDATA   0000H     03A2H     UNIT         ?XD?Z_GLOBAL
            XDATA   03A2H     006BH     UNIT         ?XD?Z_SENSOR
            XDATA   040DH     0066H     UNIT         ?XD?Z_MAIN
            XDATA   0473H     004BH     UNIT         _XDATA_GROUP_
            XDATA   04BEH     0010H     UNIT         ?XD?Z_UART
            XDATA   04CEH     000DH     UNIT         ?XD?_SPIFLASHWRITE?Z_W25Q64
            XDATA   04DBH     000BH     UNIT         ?XD?_OLED_BMP?Z_OLED
            XDATA   04E6H     0009H     UNIT         ?XD?_OLED_SHOWSTR?Z_OLED
            XDATA   04EFH     0008H     UNIT         ?XD?_OLED_P6X8STR?Z_OLED
            XDATA   04F7H     0008H     UNIT         ?XD?_OLED_P8X16STR?Z_OLED
            XDATA   04FFH     0006H     UNIT         ?XD?Z_TIMER
            XDATA   0505H     0005H     UNIT         ?XD?_OLED_P16X16CH?Z_OLED
            XDATA   050AH     0003H     UNIT         ?XD?_OLED_FILL?Z_OLED
            XDATA   050DH     0002H     UNIT         ?XD?_I2C_WRITEBYTE?Z_OLED
            XDATA   050FH     0001H     UNIT         ?XD?SETUP_OLED?Z_MAIN
            XDATA   0510H     0001H     UNIT         ?XD?_OLED_WRITE_DAT?Z_OLED
            XDATA   0511H     0001H     UNIT         ?XD?_OLED_WRITE_CMD?Z_OLED
            XDATA   0512H     0001H     UNIT         ?XD?_OLED_SET_POS?Z_OLED
            XDATA   0513H     0001H     UNIT         ?XD?Z_OLED
BL51 BANKED LINKER/LOCATER V6.22                                                      06/27/2020  18:06:15  PAGE 3


            XDATA   0514H     0001H     UNIT         ?XD?GETCHAR

            * * * * * * *   C O D E   M E M O R Y   * * * * * * *
            CODE    0000H     0003H     ABSOLUTE     
            CODE    0003H     0008H     UNIT         ?PR?SPIFLASHWAITBUSY?Z_W25Q64
            CODE    000BH     0003H     ABSOLUTE     
            CODE    000EH     000DH     UNIT         ?PR?DJ_IO_INIT?Z_GPIO
            CODE    001BH     0003H     ABSOLUTE     
            CODE    001EH     0005H     UNIT         ?PR?SETUP_VOL?Z_MAIN
            CODE    0023H     0003H     ABSOLUTE     
            CODE    0026H     001DH     UNIT         ?PR?_UART1_SEND_BYTE?Z_UART
            CODE    0043H     0003H     ABSOLUTE     
            CODE    0046H     004DH     UNIT         ?PR?_I2C_WRITEBYTE?Z_OLED
            CODE    0093H     0003H     ABSOLUTE     
            CODE    0096H     0005H     UNIT         ?PR?OLED_CLS?Z_OLED
            CODE    009BH     0003H     ABSOLUTE     
            CODE    009EH     0CA4H     UNIT         ?CO?Z_OLED
            CODE    0D42H     0BCDH     UNIT         ?C?LIB_CODE
            CODE    190FH     0AE2H     UNIT         ?PR?_PARSE_CMD?Z_MAIN
            CODE    23F1H     07E4H     UNIT         ?PR?_PARSE_ACTION?Z_MAIN
            CODE    2BD5H     0573H     UNIT         ?CO?Z_MAIN
            CODE    3148H     0483H     UNIT         ?PR?PRINTF?PRINTF
            CODE    35CBH     035AH     UNIT         ?PR?SCANF?SCANF
            CODE    3925H     0332H     UNIT         ?PR?_PARSE_PSX_BUF?Z_MAIN
            CODE    3C57H     02C8H     UNIT         ?PR?SMART_YSSBJIAQU?Z_SENSOR
            CODE    3F1FH     025DH     UNIT         ?PR?LOOP_PS2_JOYSTICK?Z_MAIN
            CODE    417CH     0258H     UNIT         ?PR?SMART_XUNJIYANSE?Z_SENSOR
            CODE    43D4H     01E0H     UNIT         ?PR?_ACTION_SAVE?Z_MAIN
            CODE    45B4H     0195H     UNIT         ?PR?SMART_YSSB_VERIFY?Z_SENSOR
            CODE    4749H     0187H     UNIT         ?C_INITSEG
            CODE    48D0H     0184H     UNIT         ?PR?LOOP_BT_ONCE?Z_MAIN
            CODE    4A54H     0171H     UNIT         ?PR?_DUOJI_INC_HANDLE?Z_TIMER
            CODE    4BC5H     0142H     UNIT         ?PR?_OLED_SHOWSTR?Z_OLED
            CODE    4D07H     013FH     UNIT         ?PR?_SELECTION_SORT?Z_GLOBAL
            CODE    4E46H     013EH     UNIT         ?PR?UART1?Z_UART
            CODE    4F84H     013CH     UNIT         ?PR?UART2_INT?Z_UART
            CODE    50C0H     013CH     UNIT         ?PR?UART4?Z_UART
            CODE    51FCH     011BH     UNIT         ?PR?_CAR_PWM_SET?Z_MAIN
            CODE    5317H     0119H     UNIT         ?PR?_STR_CONTAIN_STR?Z_GLOBAL
            CODE    5430H     010EH     UNIT         ?PR?T0_IRQ?Z_TIMER
            CODE    553EH     00F1H     UNIT         ?PR?SMART_SOUNDJIAQU?Z_SENSOR
            CODE    562FH     00ECH     UNIT         ?PR?SETUP_START?Z_MAIN
            CODE    571BH     00EAH     UNIT         ?PR?_SPIFLASHWRITENOCHECK?Z_W25Q64
            CODE    5805H     00E6H     UNIT         ?PR??C?ATOF??C?ATOF
            CODE    58EBH     00DBH     UNIT         ?PR?_OLED_P8X16STR?Z_OLED
            CODE    59C6H     00D9H     UNIT         ?PR?LOOP_ACTION?Z_MAIN
            CODE    5A9FH     00CAH     UNIT         ?PR?LOOP_OLED?Z_MAIN
            CODE    5B69H     00C6H     UNIT         ?PR?_ERASE_SECTOR?Z_MAIN
            CODE    5C2FH     00C1H     UNIT         ?PR?SMART_XUNJICSBJIAQU?Z_SENSOR
            CODE    5CF0H     00B1H     UNIT         ?PR?GET_ADC_YSSB_MIDDLE?Z_SENSOR
            CODE    5DA1H     00B0H     UNIT         ?PR?_PSX_WRITE_READ?Z_PS2
            CODE    5E51H     00ABH     UNIT         ?PR?_PRINT_GROUP?Z_MAIN
            CODE    5EFCH     00AAH     UNIT         ?PR?OLED_TEST?Z_OLED
            CODE    5FA6H     00A6H     UNIT         ?PR?SETUP_W25Q64?Z_MAIN
            CODE    604CH     009DH     UNIT         ?PR?OLED_INIT?Z_OLED
            CODE    60E9H     0096H     UNIT         ?PR?SMART_GENSUI?Z_SENSOR
            CODE    617FH     0090H     UNIT         ?PR?_OLED_BMP?Z_OLED
BL51 BANKED LINKER/LOCATER V6.22                                                      06/27/2020  18:06:15  PAGE 4


            CODE    620FH     008CH     UNIT         ?PR?_GET_ACTION_INDEX?Z_MAIN
            CODE    629BH     008CH     UNIT         ?C_C51STARTUP
            CODE    6327H     008BH     UNIT         ?PR?GET_CSB_VALUE?Z_SENSOR
            CODE    63B2H     0086H     UNIT         ?PR?SETUP_SERVO_BIAS?Z_MAIN
            CODE    6438H     0083H     UNIT         ?PR?_OLED_P16X16CH?Z_OLED
            CODE    64BBH     0082H     UNIT         ?PR?_SPIFLASHWRITEPAGE?Z_W25Q64
            CODE    653DH     0080H     UNIT         ?PR?CHECK_DJ_STATE?Z_MAIN
            CODE    65BDH     007CH     UNIT         ?PR?_PSX_TRANSFER?Z_PS2
            CODE    6639H     007AH     UNIT         ?PR?_OLED_P6X8STR?Z_OLED
            CODE    66B3H     0078H     UNIT         ?PR?MAIN?Z_MAIN
            CODE    672BH     0077H     UNIT         ?PR?LOOP_SENSOR?Z_SENSOR
            CODE    67A2H     006CH     UNIT         ?PR?SMART_CSBJIAQU?Z_SENSOR
            CODE    680EH     0068H     UNIT         ?PR?_SPIFLASHERASESECTOR?Z_W25Q64
            CODE    6876H     0067H     UNIT         ?PR?_DO_GROUP_ONCE?Z_MAIN
            CODE    68DDH     0067H     UNIT         ?PR?SMART_ZIYOUBIZHANG?Z_SENSOR
            CODE    6944H     0064H     UNIT         ?PR?LOOP_VOL_WARNING?Z_MAIN
            CODE    69A8H     0064H     UNIT         ?CO?Z_SENSOR
            CODE    6A0CH     0063H     UNIT         ?PR?_SPIFLASHREAD?Z_W25Q64
            CODE    6A6FH     0061H     UNIT         ?PR?_UART4_INIT?Z_UART
            CODE    6AD0H     0060H     UNIT         ?PR?_UART1_INIT?Z_UART
            CODE    6B30H     005EH     UNIT         ?PR?_UART2_INIT?Z_UART
            CODE    6B8EH     005CH     UNIT         ?PR?LOOP_PS2_BUTTON?Z_MAIN
            CODE    6BEAH     0059H     UNIT         ?PR?_BEEP_ON_TIMES?Z_GPIO
            CODE    6C43H     0056H     UNIT         ?PR?LOOP_UART?Z_MAIN
            CODE    6C99H     0056H     UNIT         ?PR?_TIMER0_RESET?Z_TIMER
            CODE    6CEFH     0050H     UNIT         ?PR?GLOBAL_INIT?Z_GLOBAL
            CODE    6D3FH     004CH     UNIT         ?PR?LOOP_SAVE_SOMETHING?Z_MAIN
            CODE    6D8BH     004BH     UNIT         ?PR?T3_IRQ?Z_TIMER
            CODE    6DD6H     004AH     UNIT         ?PR?SMART_XUNJIBIZHANG?Z_SENSOR
            CODE    6E20H     0049H     UNIT         ?PR?GET_ADC_CSB_MIDDLE?Z_SENSOR
            CODE    6E69H     0045H     UNIT         ?PR?_OLED_FILL?Z_OLED
            CODE    6EAEH     0043H     UNIT         ?PR?_INT_EXCHANGE?Z_MAIN
            CODE    6EF1H     0041H     UNIT         ?PR?_ABS_FLOAT?Z_TIMER
            CODE    6F32H     003DH     UNIT         ?PR?LOOP_PS2_DATA?Z_MAIN
            CODE    6F6FH     003BH     UNIT         ?PR?_UART1_SEND_STR?Z_UART
            CODE    6FAAH     0038H     UNIT         ?PR?_DJ_IO_SET?Z_GPIO
            CODE    6FE2H     0037H     UNIT         ?PR?LOOP_NLED?Z_MAIN
            CODE    7019H     0037H     UNIT         ?PR?_ZX_UART_SEND_STR?Z_UART
            CODE    7050H     0036H     UNIT         ?PR?SETUP_OLED?Z_MAIN
            CODE    7086H     0033H     UNIT         ?PR?_UART4_SEND_STR?Z_UART
            CODE    70B9H     0032H     UNIT         ?PR?_SPIFLASHWRITE?Z_W25Q64
            CODE    70EBH     0032H     UNIT         ?PR?_OLED_WRITE_DAT?Z_OLED
            CODE    711DH     002FH     UNIT         ?PR?_UART2_SEND_BYTE?Z_UART
            CODE    714CH     002FH     UNIT         ?PR?_OLED_SET_POS?Z_OLED
            CODE    717BH     002AH     UNIT         ?PR?SPIFLASHREADID?Z_W25Q64
            CODE    71A5H     0028H     UNIT         ?PR?_ADC_READ?Z_ADC
            CODE    71CDH     0027H     UNIT         ?PR?PUTCHAR?PUTCHAR
            CODE    71F4H     0025H     UNIT         ?PR?REWRITE_EEPROM?Z_MAIN
            CODE    7219H     0024H     UNIT         ?PR?_UART2_SEND_STR?Z_UART
            CODE    723DH     0022H     UNIT         ?PR?IO_INIT?Z_GPIO
            CODE    725FH     0021H     UNIT         ?PR?T1_IRQ?Z_TIMER
            CODE    7280H     0020H     UNIT         ?PR?_MDELAY?Z_DELAY
            CODE    72A0H     0020H     UNIT         ?PR?_UART4_SEND_BYTE?Z_UART
            CODE    72C0H     001EH     UNIT         ?PR?_SPIWRITEREAD?Z_W25Q64
            CODE    72DEH     0019H     UNIT         ?PR?_REPLACE_CHAR?Z_MAIN
            CODE    72F7H     0018H     UNIT         ?PR?TIMER0_INIT?Z_TIMER
            CODE    730FH     0017H     UNIT         ?PR?SETUP_UART1?Z_MAIN
BL51 BANKED LINKER/LOCATER V6.22                                                      06/27/2020  18:06:15  PAGE 5


            CODE    7326H     0017H     UNIT         ?PR?SETUP_UART2?Z_MAIN
            CODE    733DH     0017H     UNIT         ?PR?SETUP_UART4?Z_MAIN
            CODE    7354H     0016H     UNIT         ?PR?_OLED_WRITE_CMD?Z_OLED
            CODE    736AH     0015H     UNIT         ?PR?_ADC_INIT?Z_ADC
            CODE    737FH     0015H     UNIT         ?PR?_STRLEN?STRLEN
            CODE    7394H     0014H     UNIT         ?PR?___ABS_INT?Z_MAIN
            CODE    73A8H     0014H     UNIT         ?PR?_ABS_INT?Z_GLOBAL
            CODE    73BCH     0014H     UNIT         ?PR?TIMER1_INIT?Z_TIMER
            CODE    73D0H     0014H     UNIT         ?PR?GETCHAR?GETCHAR
            CODE    73E4H     0014H     UNIT         ?PR?_ISSPACE?ISSPACE
            CODE    73F8H     0013H     UNIT         ?PR?_UDELAY?Z_DELAY
            CODE    740BH     0012H     UNIT         ?PR?TIMER3_INIT?Z_TIMER
            CODE    741DH     0010H     UNIT         ?PR?SPIMASTERINIT?Z_W25Q64
            CODE    742DH     000FH     UNIT         ?PR?MILLIS?Z_TIMER
            CODE    743CH     000FH     UNIT         ?PR?GET_UART_TIMEOUT?Z_UART
            CODE    744BH     000FH     UNIT         ?PR?SPIFLASHREADSR?Z_W25Q64
            CODE    745AH     000FH     UNIT         ?PR?OLED_ON?Z_OLED
            CODE    7469H     000FH     UNIT         ?PR?OLED_OFF?Z_OLED
            CODE    7478H     000BH     UNIT         ?PR?_DELAY?Z_DELAY
            CODE    7483H     000AH     UNIT         ?PR?SPIFLASHWRITEENABLE?Z_W25Q64
            CODE    748DH     000AH     UNIT         ?PR?_GETKEY?_GETKEY
            CODE    7497H     0009H     UNIT         ?PR?SPIFLASHINIT?Z_W25Q64
            CODE    74A0H     0009H     UNIT         ?PR?I2C_START?Z_OLED
            CODE    74A9H     0009H     UNIT         ?PR?I2C_STOP?Z_OLED
            CODE    74B2H     0009H     UNIT         ?PR?SETUP_SENSOR?Z_SENSOR
            CODE    74BBH     0008H     UNIT         ?PR?GETCHAR?UNGETCHAR
            CODE    74C3H     0007H     UNIT         ?PR?PSX_INIT?Z_PS2
            CODE    74CAH     0006H     UNIT         ?PR?SETUP_INTERRUPT?Z_MAIN
            CODE    74D0H     0004H     UNIT         ?PR?SOFT_RESET?Z_MAIN
            CODE    74D4H     0004H     UNIT         ?PR?UART2_OPEN?Z_UART
            CODE    74D8H     0004H     UNIT         ?PR?UART2_CLOSE?Z_UART
            CODE    74DCH     0004H     UNIT         ?PR?UART4_OPEN?Z_UART
            CODE    74E0H     0004H     UNIT         ?PR?UART4_CLOSE?Z_UART
            CODE    74E4H     0003H     UNIT         ?PR?SETUP_GLOBAL?Z_MAIN
            CODE    74E7H     0003H     UNIT         ?PR?SETUP_GPIO?Z_MAIN
            CODE    74EAH     0003H     UNIT         ?PR?SETUP_NLED?Z_MAIN
            CODE    74EDH     0003H     UNIT         ?PR?SETUP_BEEP?Z_MAIN
            CODE    74F0H     0003H     UNIT         ?PR?SETUP_DJIO?Z_MAIN
            CODE    74F3H     0003H     UNIT         ?PR?SETUP_PS2?Z_MAIN
            CODE    74F6H     0003H     UNIT         ?PR?SETUP_DJ_TIMER?Z_MAIN
            CODE    74F9H     0003H     UNIT         ?PR?SETUP_SYSTICK?Z_MAIN
            CODE    74FCH     0003H     UNIT         ?PR?UART1_OPEN?Z_UART
            CODE    74FFH     0003H     UNIT         ?PR?UART1_CLOSE?Z_UART
            CODE    7502H     0003H     UNIT         ?PR?SETUP_CSB?Z_SENSOR
            CODE    7505H     0001H     UNIT         ?PR?HANDLE_UART?Z_MAIN
            CODE    7506H     0001H     UNIT         ?PR?SETUP_INFRARED?Z_SENSOR
            CODE    7507H     0001H     UNIT         ?PR?SETUP_SOUND?Z_SENSOR
            CODE    7508H     0001H     UNIT         ?PR?SMART_XUNJI?Z_SENSOR



OVERLAY MAP OF MODULE:   .\obj\Gihand-51 (Z_MAIN)


SEGMENT                                       BIT_GROUP          DATA_GROUP          XDATA_GROUP
  +--> CALLED SEGMENT                      START    LENGTH     START    LENGTH     START    LENGTH
--------------------------------------------------------------------------------------------------
BL51 BANKED LINKER/LOCATER V6.22                                                      06/27/2020  18:06:15  PAGE 6


?PR?T0_IRQ?Z_TIMER                         -----    -----      -----    -----      -----    -----
  +--> ?PR?_TIMER0_RESET?Z_TIMER
  +--> ?PR?_DJ_IO_SET?Z_GPIO
  +--> ?PR?_DUOJI_INC_HANDLE?Z_TIMER

?PR?_TIMER0_RESET?Z_TIMER                  -----    -----      -----    -----      0473H    0002H

?PR?_DUOJI_INC_HANDLE?Z_TIMER              -----    -----      -----    -----      0473H    0003H
  +--> ?PR?_ABS_FLOAT?Z_TIMER

?PR?_ABS_FLOAT?Z_TIMER                     -----    -----      -----    -----      0476H    0004H

*** NEW ROOT ***************************************************

?PR?UART2_INT?Z_UART                       -----    -----      -----    -----      -----    -----
  +--> ?PR?MILLIS?Z_TIMER

*** NEW ROOT ***************************************************

?PR?UART4?Z_UART                           -----    -----      -----    -----      -----    -----
  +--> ?PR?MILLIS?Z_TIMER

*** NEW ROOT ***************************************************

?C_C51STARTUP                              -----    -----      -----    -----      -----    -----
  +--> ?PR?MAIN?Z_MAIN
  +--> ?C_INITSEG

?PR?MAIN?Z_MAIN                            -----    -----      -----    -----      -----    -----
  +--> ?PR?SETUP_GLOBAL?Z_MAIN
  +--> ?PR?SETUP_GPIO?Z_MAIN
  +--> ?PR?SETUP_DJIO?Z_MAIN
  +--> ?PR?SETUP_NLED?Z_MAIN
  +--> ?PR?SETUP_BEEP?Z_MAIN
  +--> ?PR?SETUP_W25Q64?Z_MAIN
  +--> ?PR?SETUP_PS2?Z_MAIN
  +--> ?PR?SETUP_VOL?Z_MAIN
  +--> ?PR?SETUP_UART1?Z_MAIN
  +--> ?PR?SETUP_UART2?Z_MAIN
  +--> ?PR?SETUP_SYSTICK?Z_MAIN
  +--> ?PR?SETUP_SERVO_BIAS?Z_MAIN
  +--> ?PR?SETUP_DJ_TIMER?Z_MAIN
  +--> ?PR?SETUP_INTERRUPT?Z_MAIN
  +--> ?PR?SETUP_START?Z_MAIN
  +--> ?PR?SETUP_SENSOR?Z_SENSOR
  +--> ?PR?LOOP_NLED?Z_MAIN
  +--> ?PR?LOOP_UART?Z_MAIN
  +--> ?PR?MILLIS?Z_TIMER
  +--> ?PR?LOOP_ACTION?Z_MAIN
  +--> ?PR?LOOP_BT_ONCE?Z_MAIN
  +--> ?PR?LOOP_PS2_DATA?Z_MAIN
  +--> ?PR?LOOP_PS2_BUTTON?Z_MAIN
  +--> ?PR?LOOP_PS2_JOYSTICK?Z_MAIN
  +--> ?PR?LOOP_SAVE_SOMETHING?Z_MAIN
  +--> ?PR?LOOP_SENSOR?Z_SENSOR

?PR?SETUP_GLOBAL?Z_MAIN                    -----    -----      -----    -----      -----    -----
BL51 BANKED LINKER/LOCATER V6.22                                                      06/27/2020  18:06:15  PAGE 7


  +--> ?PR?GLOBAL_INIT?Z_GLOBAL

?PR?SETUP_GPIO?Z_MAIN                      -----    -----      -----    -----      -----    -----
  +--> ?PR?IO_INIT?Z_GPIO

?PR?SETUP_DJIO?Z_MAIN                      -----    -----      -----    -----      -----    -----
  +--> ?PR?DJ_IO_INIT?Z_GPIO

?PR?SETUP_W25Q64?Z_MAIN                    -----    -----      -----    -----      -----    -----
  +--> ?PR?SPIFLASHINIT?Z_W25Q64
  +--> ?PR?SPIFLASHREADID?Z_W25Q64
  +--> ?PR?_SPIFLASHREAD?Z_W25Q64

?PR?SPIFLASHINIT?Z_W25Q64                  -----    -----      -----    -----      -----    -----
  +--> ?PR?SPIMASTERINIT?Z_W25Q64

?PR?SPIFLASHREADID?Z_W25Q64                -----    -----      -----    -----      -----    -----
  +--> ?PR?_SPIWRITEREAD?Z_W25Q64

?PR?_SPIFLASHREAD?Z_W25Q64                 -----    -----      -----    -----      048EH    0009H
  +--> ?PR?_SPIWRITEREAD?Z_W25Q64

?PR?SETUP_PS2?Z_MAIN                       -----    -----      -----    -----      -----    -----
  +--> ?PR?PSX_INIT?Z_PS2

?PR?SETUP_VOL?Z_MAIN                       -----    -----      -----    -----      -----    -----
  +--> ?PR?_ADC_INIT?Z_ADC

?PR?SETUP_UART1?Z_MAIN                     -----    -----      -----    -----      -----    -----
  +--> ?PR?_UART1_INIT?Z_UART
  +--> ?PR?UART1_OPEN?Z_UART
  +--> ?CO?Z_MAIN
  +--> ?PR?_UART1_SEND_STR?Z_UART

?PR?_UART1_INIT?Z_UART                     -----    -----      -----    -----      047AH    0004H

?PR?_UART1_SEND_STR?Z_UART                 -----    -----      -----    -----      048EH    0003H
  +--> ?PR?_UART1_SEND_BYTE?Z_UART

?PR?SETUP_UART2?Z_MAIN                     -----    -----      -----    -----      -----    -----
  +--> ?PR?_UART2_INIT?Z_UART
  +--> ?PR?UART2_OPEN?Z_UART
  +--> ?CO?Z_MAIN
  +--> ?PR?_UART2_SEND_STR?Z_UART

?PR?_UART2_INIT?Z_UART                     -----    -----      -----    -----      047AH    0004H

?PR?_UART2_SEND_STR?Z_UART                 -----    -----      -----    -----      047AH    0003H
  +--> ?PR?_UART2_SEND_BYTE?Z_UART

?PR?SETUP_SYSTICK?Z_MAIN                   -----    -----      -----    -----      -----    -----
  +--> ?PR?TIMER3_INIT?Z_TIMER

?PR?SETUP_DJ_TIMER?Z_MAIN                  -----    -----      -----    -----      -----    -----
  +--> ?PR?TIMER0_INIT?Z_TIMER

?PR?SETUP_START?Z_MAIN                     -----    -----      -----    -----      -----    -----
BL51 BANKED LINKER/LOCATER V6.22                                                      06/27/2020  18:06:15  PAGE 8


  +--> ?PR?_MDELAY?Z_DELAY
  +--> ?CO?Z_MAIN
  +--> ?PR?_ZX_UART_SEND_STR?Z_UART
  +--> ?PR?_PARSE_CMD?Z_MAIN
  +--> ?PR?_STRLEN?STRLEN
  +--> ?PR?_PARSE_ACTION?Z_MAIN

?PR?_ZX_UART_SEND_STR?Z_UART               -----    -----      -----    -----      04A3H    0003H
  +--> ?PR?_UART2_SEND_BYTE?Z_UART

?PR?_PARSE_CMD?Z_MAIN                      -----    -----      -----    -----      047DH    000DH
  +--> ?PR?_UART1_SEND_STR?Z_UART
  +--> ?CO?Z_MAIN
  +--> ?PR?_STR_CONTAIN_STR?Z_GLOBAL
  +--> ?PR?_ZX_UART_SEND_STR?Z_UART
  +--> ?PR?_CAR_PWM_SET?Z_MAIN
  +--> ?PR?SCANF?SCANF
  +--> ?PR?SOFT_RESET?Z_MAIN
  +--> ?PR?_PRINT_GROUP?Z_MAIN
  +--> ?PR?_ERASE_SECTOR?Z_MAIN
  +--> ?PR?_DO_GROUP_ONCE?Z_MAIN
  +--> ?PR?PRINTF?PRINTF
  +--> ?PR?_MDELAY?Z_DELAY
  +--> ?PR?_BEEP_ON_TIMES?Z_GPIO

?PR?_STR_CONTAIN_STR?Z_GLOBAL              -----    -----      -----    -----      048AH    000CH

?PR?_CAR_PWM_SET?Z_MAIN                    -----    -----      -----    -----      048AH    0004H
  +--> ?CO?Z_MAIN
  +--> ?PR?PRINTF?PRINTF
  +--> ?PR?_ZX_UART_SEND_STR?Z_UART

?PR?PRINTF?PRINTF                          0020H.0  0001H.1    0022H    0005H      048EH    0030H
  +--> ?PR?PUTCHAR?PUTCHAR

?PR?SCANF?SCANF                            0020H.0  0000H.6    0022H    0009H      048AH    002EH
  +--> ?PR?GETCHAR?UNGETCHAR
  +--> ?PR?_ISSPACE?ISSPACE
  +--> ?PR?GETCHAR?GETCHAR
  +--> ?PR??C?ATOF??C?ATOF

?PR?GETCHAR?GETCHAR                        -----    -----      -----    -----      -----    -----
  +--> ?PR?_GETKEY?_GETKEY
  +--> ?PR?PUTCHAR?PUTCHAR

?PR??C?ATOF??C?ATOF                        0020H.6  0000H.5    002BH    0002H      -----    -----

?PR?_PRINT_GROUP?Z_MAIN                    -----    -----      -----    -----      048AH    0004H
  +--> ?PR?_INT_EXCHANGE?Z_MAIN
  +--> ?PR?_SPIFLASHREAD?Z_W25Q64
  +--> ?PR?_UART1_SEND_STR?Z_UART
  +--> ?CO?Z_MAIN

?PR?_INT_EXCHANGE?Z_MAIN                   -----    -----      -----    -----      048EH    0006H

?PR?_ERASE_SECTOR?Z_MAIN                   -----    -----      -----    -----      048AH    0004H
  +--> ?PR?_INT_EXCHANGE?Z_MAIN
BL51 BANKED LINKER/LOCATER V6.22                                                      06/27/2020  18:06:15  PAGE 9


  +--> ?PR?_SPIFLASHERASESECTOR?Z_W25Q64
  +--> ?CO?Z_MAIN
  +--> ?PR?PRINTF?PRINTF
  +--> ?PR?_UART1_SEND_STR?Z_UART

?PR?_SPIFLASHERASESECTOR?Z_W25Q64          -----    -----      -----    -----      048EH    0004H
  +--> ?PR?SPIFLASHWRITEENABLE?Z_W25Q64
  +--> ?PR?SPIFLASHWAITBUSY?Z_W25Q64
  +--> ?PR?_SPIWRITEREAD?Z_W25Q64

?PR?SPIFLASHWRITEENABLE?Z_W25Q64           -----    -----      -----    -----      -----    -----
  +--> ?PR?_SPIWRITEREAD?Z_W25Q64

?PR?SPIFLASHWAITBUSY?Z_W25Q64              -----    -----      -----    -----      -----    -----
  +--> ?PR?SPIFLASHREADSR?Z_W25Q64

?PR?SPIFLASHREADSR?Z_W25Q64                -----    -----      -----    -----      -----    -----
  +--> ?PR?_SPIWRITEREAD?Z_W25Q64

?PR?_DO_GROUP_ONCE?Z_MAIN                  -----    -----      -----    -----      048AH    0002H
  +--> ?PR?_SPIFLASHREAD?Z_W25Q64
  +--> ?PR?_PARSE_ACTION?Z_MAIN
  +--> ?CO?Z_MAIN
  +--> ?PR?PRINTF?PRINTF
  +--> ?PR?_UART1_SEND_STR?Z_UART

?PR?_PARSE_ACTION?Z_MAIN                   -----    -----      -----    -----      048CH    0017H
  +--> ?PR?_ZX_UART_SEND_STR?Z_UART
  +--> ?CO?Z_MAIN
  +--> ?PR?MILLIS?Z_TIMER

?PR?_BEEP_ON_TIMES?Z_GPIO                  -----    -----      -----    -----      048AH    0006H
  +--> ?PR?_MDELAY?Z_DELAY

?PR?SETUP_SENSOR?Z_SENSOR                  -----    -----      -----    -----      -----    -----
  +--> ?PR?SETUP_INFRARED?Z_SENSOR
  +--> ?PR?SETUP_SOUND?Z_SENSOR
  +--> ?PR?SETUP_CSB?Z_SENSOR

?PR?SETUP_CSB?Z_SENSOR                     -----    -----      -----    -----      -----    -----
  +--> ?PR?TIMER0_INIT?Z_TIMER

?PR?LOOP_NLED?Z_MAIN                       -----    -----      -----    -----      -----    -----
  +--> ?PR?MILLIS?Z_TIMER

?PR?LOOP_UART?Z_MAIN                       -----    -----      -----    -----      -----    -----
  +--> ?PR?_PARSE_CMD?Z_MAIN
  +--> ?PR?_PARSE_ACTION?Z_MAIN
  +--> ?PR?_ACTION_SAVE?Z_MAIN
  +--> ?PR?MILLIS?Z_TIMER

?PR?_ACTION_SAVE?Z_MAIN                    -----    -----      -----    -----      047AH    0005H
  +--> ?PR?REWRITE_EEPROM?Z_MAIN
  +--> ?CO?Z_MAIN
  +--> ?PR?SCANF?SCANF
  +--> ?PR?_SPIFLASHREAD?Z_W25Q64
  +--> ?PR?_STRLEN?STRLEN
BL51 BANKED LINKER/LOCATER V6.22                                                      06/27/2020  18:06:15  PAGE 10


  +--> ?PR?_GET_ACTION_INDEX?Z_MAIN
  +--> ?PR?_SPIFLASHERASESECTOR?Z_W25Q64
  +--> ?PR?_REPLACE_CHAR?Z_MAIN
  +--> ?PR?_SPIFLASHWRITENOCHECK?Z_W25Q64
  +--> ?PR?_UART1_SEND_STR?Z_UART

?PR?REWRITE_EEPROM?Z_MAIN                  -----    -----      -----    -----      -----    -----
  +--> ?PR?_SPIFLASHERASESECTOR?Z_W25Q64
  +--> ?PR?_SPIFLASHWRITENOCHECK?Z_W25Q64

?PR?_SPIFLASHWRITENOCHECK?Z_W25Q64         -----    -----      -----    -----      047FH    000BH
  +--> ?PR?_SPIFLASHWRITEPAGE?Z_W25Q64

?PR?_SPIFLASHWRITEPAGE?Z_W25Q64            -----    -----      -----    -----      048AH    0009H
  +--> ?PR?SPIFLASHWRITEENABLE?Z_W25Q64
  +--> ?PR?_SPIWRITEREAD?Z_W25Q64
  +--> ?PR?SPIFLASHWAITBUSY?Z_W25Q64

?PR?_GET_ACTION_INDEX?Z_MAIN               -----    -----      -----    -----      047FH    0005H

?PR?_REPLACE_CHAR?Z_MAIN                   -----    -----      -----    -----      047FH    0005H

?PR?LOOP_ACTION?Z_MAIN                     -----    -----      -----    -----      -----    -----
  +--> ?PR?CHECK_DJ_STATE?Z_MAIN
  +--> ?PR?_DO_GROUP_ONCE?Z_MAIN
  +--> ?CO?Z_MAIN
  +--> ?PR?_UART1_SEND_STR?Z_UART

?PR?CHECK_DJ_STATE?Z_MAIN                  -----    -----      -----    -----      047CH    0006H

?PR?LOOP_BT_ONCE?Z_MAIN                    -----    -----      -----    -----      -----    -----
  +--> ?PR?MILLIS?Z_TIMER
  +--> ?PR?_UART4_INIT?Z_UART
  +--> ?PR?UART4_OPEN?Z_UART
  +--> ?CO?Z_MAIN
  +--> ?PR?_UART4_SEND_STR?Z_UART

?PR?_UART4_INIT?Z_UART                     -----    -----      -----    -----      047AH    0004H

?PR?_UART4_SEND_STR?Z_UART                 -----    -----      -----    -----      047AH    0003H
  +--> ?PR?_UART4_SEND_BYTE?Z_UART

?PR?LOOP_PS2_DATA?Z_MAIN                   -----    -----      -----    -----      -----    -----
  +--> ?PR?MILLIS?Z_TIMER
  +--> ?PR?_PSX_WRITE_READ?Z_PS2

?PR?_PSX_WRITE_READ?Z_PS2                  -----    -----      -----    -----      047AH    0003H
  +--> ?PR?_PSX_TRANSFER?Z_PS2

?PR?_PSX_TRANSFER?Z_PS2                    -----    -----      -----    -----      047DH    0003H
  +--> ?PR?_DELAY?Z_DELAY

?PR?LOOP_PS2_BUTTON?Z_MAIN                 -----    -----      -----    -----      -----    -----
  +--> ?PR?_CAR_PWM_SET?Z_MAIN
  +--> ?PR?_PARSE_PSX_BUF?Z_MAIN

?PR?_PARSE_PSX_BUF?Z_MAIN                  -----    -----      -----    -----      047AH    0003H
BL51 BANKED LINKER/LOCATER V6.22                                                      06/27/2020  18:06:15  PAGE 11


  +--> ?CO?Z_MAIN
  +--> ?PR?_STRLEN?STRLEN
  +--> ?PR?_STR_CONTAIN_STR?Z_GLOBAL
  +--> ?PR?_PARSE_CMD?Z_MAIN
  +--> ?PR?_PARSE_ACTION?Z_MAIN
  +--> ?PR?_MDELAY?Z_DELAY

?PR?LOOP_PS2_JOYSTICK?Z_MAIN               -----    -----      -----    -----      -----    -----
  +--> ?PR?___ABS_INT?Z_MAIN
  +--> ?CO?Z_MAIN
  +--> ?PR?PRINTF?PRINTF
  +--> ?PR?_PARSE_ACTION?Z_MAIN
  +--> ?PR?_CAR_PWM_SET?Z_MAIN

?PR?LOOP_SAVE_SOMETHING?Z_MAIN             -----    -----      -----    -----      -----    -----
  +--> ?PR?MILLIS?Z_TIMER
  +--> ?PR?REWRITE_EEPROM?Z_MAIN

?PR?LOOP_SENSOR?Z_SENSOR                   -----    -----      -----    -----      -----    -----
  +--> ?PR?SMART_XUNJI?Z_SENSOR
  +--> ?PR?SMART_SOUNDJIAQU?Z_SENSOR
  +--> ?PR?SMART_ZIYOUBIZHANG?Z_SENSOR
  +--> ?PR?SMART_YSSBJIAQU?Z_SENSOR
  +--> ?PR?SMART_CSBJIAQU?Z_SENSOR
  +--> ?PR?SMART_GENSUI?Z_SENSOR
  +--> ?PR?SMART_XUNJIBIZHANG?Z_SENSOR
  +--> ?PR?SMART_XUNJIYANSE?Z_SENSOR
  +--> ?PR?SMART_XUNJICSBJIAQU?Z_SENSOR
  +--> ?PR?SMART_YSSB_VERIFY?Z_SENSOR

?PR?SMART_SOUNDJIAQU?Z_SENSOR              -----    -----      -----    -----      -----    -----
  +--> ?PR?CHECK_DJ_STATE?Z_MAIN
  +--> ?PR?MILLIS?Z_TIMER
  +--> ?CO?Z_SENSOR
  +--> ?PR?_PARSE_CMD?Z_MAIN
  +--> ?PR?_BEEP_ON_TIMES?Z_GPIO

?PR?SMART_ZIYOUBIZHANG?Z_SENSOR            -----    -----      -----    -----      047AH    0002H
  +--> ?PR?MILLIS?Z_TIMER
  +--> ?PR?GET_ADC_CSB_MIDDLE?Z_SENSOR
  +--> ?PR?_CAR_PWM_SET?Z_MAIN

?PR?GET_ADC_CSB_MIDDLE?Z_SENSOR            -----    -----      -----    -----      047EH    0001H
  +--> ?PR?GET_CSB_VALUE?Z_SENSOR
  +--> ?PR?_SELECTION_SORT?Z_GLOBAL

?PR?_SELECTION_SORT?Z_GLOBAL               -----    -----      -----    -----      047FH    000AH

?PR?SMART_YSSBJIAQU?Z_SENSOR               -----    -----      -----    -----      -----    -----
  +--> ?PR?CHECK_DJ_STATE?Z_MAIN
  +--> ?PR?MILLIS?Z_TIMER
  +--> ?PR?GET_ADC_YSSB_MIDDLE?Z_SENSOR
  +--> ?CO?Z_SENSOR
  +--> ?PR?PRINTF?PRINTF
  +--> ?PR?_UART1_SEND_STR?Z_UART
  +--> ?PR?_MDELAY?Z_DELAY
  +--> ?PR?_PARSE_CMD?Z_MAIN
BL51 BANKED LINKER/LOCATER V6.22                                                      06/27/2020  18:06:15  PAGE 12


  +--> ?PR?_BEEP_ON_TIMES?Z_GPIO

?PR?GET_ADC_YSSB_MIDDLE?Z_SENSOR           -----    -----      -----    -----      -----    -----
  +--> ?PR?_ADC_READ?Z_ADC
  +--> ?PR?_SELECTION_SORT?Z_GLOBAL

?PR?_ADC_READ?Z_ADC                        -----    -----      -----    -----      -----    -----
  +--> ?PR?_ADC_INIT?Z_ADC

?PR?SMART_CSBJIAQU?Z_SENSOR                -----    -----      -----    -----      -----    -----
  +--> ?PR?CHECK_DJ_STATE?Z_MAIN
  +--> ?PR?MILLIS?Z_TIMER
  +--> ?PR?GET_ADC_CSB_MIDDLE?Z_SENSOR
  +--> ?CO?Z_SENSOR
  +--> ?PR?_PARSE_CMD?Z_MAIN
  +--> ?PR?_BEEP_ON_TIMES?Z_GPIO

?PR?SMART_GENSUI?Z_SENSOR                  -----    -----      -----    -----      047AH    0004H
  +--> ?PR?MILLIS?Z_TIMER
  +--> ?PR?GET_ADC_CSB_MIDDLE?Z_SENSOR
  +--> ?PR?_CAR_PWM_SET?Z_MAIN

?PR?SMART_XUNJIBIZHANG?Z_SENSOR            -----    -----      -----    -----      -----    -----
  +--> ?PR?MILLIS?Z_TIMER
  +--> ?PR?GET_ADC_CSB_MIDDLE?Z_SENSOR
  +--> ?PR?_CAR_PWM_SET?Z_MAIN
  +--> ?PR?SMART_XUNJI?Z_SENSOR

?PR?SMART_XUNJIYANSE?Z_SENSOR              -----    -----      -----    -----      -----    -----
  +--> ?PR?CHECK_DJ_STATE?Z_MAIN
  +--> ?PR?MILLIS?Z_TIMER
  +--> ?PR?GET_ADC_YSSB_MIDDLE?Z_SENSOR
  +--> ?PR?_CAR_PWM_SET?Z_MAIN
  +--> ?PR?_MDELAY?Z_DELAY
  +--> ?CO?Z_SENSOR
  +--> ?PR?_PARSE_CMD?Z_MAIN
  +--> ?PR?_BEEP_ON_TIMES?Z_GPIO
  +--> ?PR?SMART_XUNJI?Z_SENSOR

?PR?SMART_XUNJICSBJIAQU?Z_SENSOR           -----    -----      -----    -----      047AH    0002H
  +--> ?PR?CHECK_DJ_STATE?Z_MAIN
  +--> ?PR?GET_ADC_CSB_MIDDLE?Z_SENSOR
  +--> ?PR?MILLIS?Z_TIMER
  +--> ?PR?_BEEP_ON_TIMES?Z_GPIO
  +--> ?PR?_CAR_PWM_SET?Z_MAIN
  +--> ?CO?Z_SENSOR
  +--> ?PR?_PARSE_CMD?Z_MAIN
  +--> ?PR?SMART_XUNJI?Z_SENSOR

?PR?SMART_YSSB_VERIFY?Z_SENSOR             -----    -----      -----    -----      047AH    0004H
  +--> ?PR?_BEEP_ON_TIMES?Z_GPIO
  +--> ?PR?GET_ADC_YSSB_MIDDLE?Z_SENSOR
  +--> ?PR?_MDELAY?Z_DELAY
  +--> ?PR?REWRITE_EEPROM?Z_MAIN
  +--> ?CO?Z_SENSOR
  +--> ?PR?PRINTF?PRINTF
  +--> ?PR?_UART1_SEND_STR?Z_UART
BL51 BANKED LINKER/LOCATER V6.22                                                      06/27/2020  18:06:15  PAGE 13





SYMBOL TABLE OF MODULE:  .\obj\Gihand-51 (Z_MAIN)

  VALUE           TYPE          NAME
  ----------------------------------

  -------         MODULE        Z_MAIN
  C:0000H         SYMBOL        _ICE_DUMMY_
  D:00D0H         PUBLIC        PSW
  D:0080H         PUBLIC        P0
  D:0090H         PUBLIC        P1
  D:00A0H         PUBLIC        P2
  D:00B0H         PUBLIC        P3
  D:00C0H         PUBLIC        P4
  D:00C8H         PUBLIC        P5
  D:00E8H         PUBLIC        P6
  D:00F8H         PUBLIC        P7
  D:00A8H         PUBLIC        IE
  B:00A8H.7       PUBLIC        EA
  D:00B8H         PUBLIC        IP
  D:0088H         PUBLIC        TCON
  D:0098H         PUBLIC        SCON
  D:00C7H         PUBLIC        IAP_CONTR
  D:00D8H         PUBLIC        CCON
  C:74E4H         PUBLIC        setup_global
  C:74E7H         PUBLIC        setup_gpio
  C:74EAH         PUBLIC        setup_nled
  C:001EH         PUBLIC        setup_vol
  C:74EDH         PUBLIC        setup_beep
  C:74F0H         PUBLIC        setup_djio
  C:5FA6H         PUBLIC        setup_w25q64
  C:74F3H         PUBLIC        setup_ps2
  C:74F6H         PUBLIC        setup_dj_timer
  C:730FH         PUBLIC        setup_uart1
  C:7326H         PUBLIC        setup_uart2
  C:733DH         PUBLIC        setup_uart4
  C:74F9H         PUBLIC        setup_systick
  C:7050H         PUBLIC        setup_oled
  C:562FH         PUBLIC        setup_start
  C:63B2H         PUBLIC        setup_servo_bias
  C:74CAH         PUBLIC        setup_interrupt
  C:6FE2H         PUBLIC        loop_nled
  C:6C43H         PUBLIC        loop_uart
  C:59C6H         PUBLIC        loop_action
  C:48D0H         PUBLIC        loop_bt_once
  C:6F32H         PUBLIC        loop_ps2_data
  C:6B8EH         PUBLIC        loop_ps2_button
  C:3F1FH         PUBLIC        loop_ps2_joystick
  C:6D3FH         PUBLIC        loop_save_something
  C:6944H         PUBLIC        loop_vol_warning
  C:74D0H         PUBLIC        soft_reset
  C:3925H         PUBLIC        _parse_psx_buf
  C:1924H         PUBLIC        _parse_cmd
  C:43D4H         PUBLIC        _action_save
  C:620FH         PUBLIC        _get_action_index
BL51 BANKED LINKER/LOCATER V6.22                                                      06/27/2020  18:06:15  PAGE 14


  C:5E51H         PUBLIC        _print_group
  C:6EAEH         PUBLIC        _int_exchange
  C:5B69H         PUBLIC        _erase_sector
  C:6876H         PUBLIC        _do_group_once
  C:653DH         PUBLIC        check_dj_state
  C:2406H         PUBLIC        _parse_action
  C:72DEH         PUBLIC        _replace_char
  C:71F4H         PUBLIC        rewrite_eeprom
  C:5A9FH         PUBLIC        loop_oled
  C:51FCH         PUBLIC        _car_pwm_set
  B:00A0H.0       PUBLIC        nled
  B:00C8H.1       PUBLIC        beep
  X:0441H         PUBLIC        adc7_value
  X:0443H         PUBLIC        adc0_value
  X:0445H         PUBLIC        do_start_index
  X:0447H         PUBLIC        do_time
  X:0449H         PUBLIC        group_num_start
  X:044BH         PUBLIC        group_num_end
  X:044DH         PUBLIC        group_num_times
  X:044FH         PUBLIC        i
  X:0450H         PUBLIC        car_dw
  X:0451H         PUBLIC        bias_systick_ms_bak
  X:0455H         PUBLIC        djBiasSaveFlag
  X:0456H         PUBLIC        dbt_flag
  X:0457H         PUBLIC        vol_adc
  X:045BH         PUBLIC        save_addr_sector
  X:045FH         PUBLIC        save_action_index_bak
  X:0463H         PUBLIC        psx_buf
  X:046CH         PUBLIC        csb_switch
  X:046DH         PUBLIC        oled_switch
  X:046EH         PUBLIC        sound_hw_switch
  X:046FH         PUBLIC        downLoadTime
  C:30E8H         PUBLIC        pre_cmd_set_red
  C:3118H         PUBLIC        pre_cmd_set_grn
  C:66B3H         PUBLIC        main
  C:7394H         PUBLIC        ___abs_int
  C:7505H         PUBLIC        handle_uart
  -------         PROC          MAIN
  C:66B3H         LINE#         121
  C:66B3H         LINE#         122
  C:66B6H         LINE#         123
  C:66B9H         LINE#         124
  C:66BCH         LINE#         125
  C:66BFH         LINE#         126
  C:66C2H         LINE#         128
  C:66C5H         LINE#         129
  C:66C8H         LINE#         130
  C:66CBH         LINE#         131
  C:66CEH         LINE#         132
  C:66D1H         LINE#         135
  C:66D4H         LINE#         136
  C:66D7H         LINE#         138
  C:66DAH         LINE#         139
  C:66DDH         LINE#         141
  C:66E0H         LINE#         145
  C:66E3H         LINE#         147
  C:66E3H         LINE#         148
BL51 BANKED LINKER/LOCATER V6.22                                                      06/27/2020  18:06:15  PAGE 15


  C:66E6H         LINE#         149
  C:66E9H         LINE#         150
  C:6714H         LINE#         151
  C:6717H         LINE#         152
  C:671AH         LINE#         153
  C:671DH         LINE#         154
  C:6720H         LINE#         155
  C:6723H         LINE#         156
  C:6726H         LINE#         158
  C:6729H         LINE#         159
  C:6729H         LINE#         160
  -------         ENDPROC       MAIN
  -------         PROC          SETUP_GLOBAL
  C:74E4H         LINE#         168
  C:74E4H         LINE#         170
  -------         ENDPROC       SETUP_GLOBAL
  -------         PROC          SETUP_GPIO
  C:74E7H         LINE#         173
  C:74E7H         LINE#         175
  -------         ENDPROC       SETUP_GPIO
  -------         PROC          SETUP_NLED
  C:74EAH         LINE#         178
  C:74EAH         LINE#         179
  C:74ECH         LINE#         180
  -------         ENDPROC       SETUP_NLED
  -------         PROC          SETUP_BEEP
  C:74EDH         LINE#         182
  C:74EDH         LINE#         183
  C:74EFH         LINE#         184
  -------         ENDPROC       SETUP_BEEP
  -------         PROC          SETUP_DJIO
  C:74F0H         LINE#         186
  C:74F0H         LINE#         187
  -------         ENDPROC       SETUP_DJIO
  -------         PROC          SETUP_VOL
  C:001EH         LINE#         190
  C:001EH         LINE#         191
  -------         ENDPROC       SETUP_VOL
  -------         PROC          SETUP_W25Q64
  C:5FA6H         LINE#         195
  C:5FA6H         LINE#         197
  C:5FA9H         LINE#         198
  C:5FBAH         LINE#         200
  C:5FD4H         LINE#         201
  C:5FF0H         LINE#         202
  C:5FFAH         LINE#         203
  C:6004H         LINE#         204
  C:6004H         LINE#         206
  C:6010H         LINE#         207
  C:601FH         LINE#         208
  C:602FH         LINE#         209
  C:6037H         LINE#         210
  C:6040H         LINE#         211
  C:6040H         LINE#         213
  C:6049H         LINE#         214
  C:604BH         LINE#         215
  C:604BH         LINE#         216
BL51 BANKED LINKER/LOCATER V6.22                                                      06/27/2020  18:06:15  PAGE 16


  -------         ENDPROC       SETUP_W25Q64
  -------         PROC          SETUP_PS2
  C:74F3H         LINE#         219
  C:74F3H         LINE#         221
  -------         ENDPROC       SETUP_PS2
  -------         PROC          SETUP_DJ_TIMER
  C:74F6H         LINE#         224
  C:74F6H         LINE#         225
  -------         ENDPROC       SETUP_DJ_TIMER
  -------         PROC          SETUP_UART1
  C:730FH         LINE#         229
  C:730FH         LINE#         231
  C:731AH         LINE#         233
  C:731DH         LINE#         235
  -------         ENDPROC       SETUP_UART1
  -------         PROC          SETUP_UART2
  C:7326H         LINE#         238
  C:7326H         LINE#         240
  C:7331H         LINE#         242
  C:7334H         LINE#         244
  -------         ENDPROC       SETUP_UART2
  -------         PROC          SETUP_UART4
  C:733DH         LINE#         247
  C:733DH         LINE#         249
  C:7348H         LINE#         251
  C:734BH         LINE#         254
  -------         ENDPROC       SETUP_UART4
  -------         PROC          SETUP_SYSTICK
  C:74F9H         LINE#         257
  C:74F9H         LINE#         259
  -------         ENDPROC       SETUP_SYSTICK
  -------         PROC          SETUP_OLED
  -------         DO            
  X:050FH         SYMBOL        i
  -------         ENDDO         
  C:7050H         LINE#         262
  C:7050H         LINE#         265
  C:7053H         LINE#         266
  C:705AH         LINE#         268
  C:705FH         LINE#         269
  C:7073H         LINE#         270
  C:707FH         LINE#         272
  -------         ENDPROC       SETUP_OLED
  -------         PROC          SETUP_START
  C:562FH         LINE#         279
  C:562FH         LINE#         281
  C:5636H         LINE#         282
  C:563FH         LINE#         285
  C:5655H         LINE#         286
  C:566BH         LINE#         287
  C:5681H         LINE#         289
  C:5688H         LINE#         292
  C:5691H         LINE#         295
  C:569CH         LINE#         296
  C:56ABH         LINE#         297
  C:56B2H         LINE#         298
  C:56BBH         LINE#         299
BL51 BANKED LINKER/LOCATER V6.22                                                      06/27/2020  18:06:15  PAGE 17


  C:56BBH         LINE#         300
  C:56D9H         LINE#         301
  C:56E7H         LINE#         302
  C:56F4H         LINE#         303
  C:5701H         LINE#         304
  C:570EH         LINE#         305
  C:5717H         LINE#         306
  C:571AH         LINE#         307
  C:571AH         LINE#         308
  C:571AH         LINE#         309
  -------         ENDPROC       SETUP_START
  -------         PROC          SETUP_SERVO_BIAS
  C:63B2H         LINE#         311
  C:63B2H         LINE#         314
  C:63C1H         LINE#         315
  C:63F0H         LINE#         316
  C:641AH         LINE#         317
  C:642FH         LINE#         318
  C:6437H         LINE#         319
  -------         ENDPROC       SETUP_SERVO_BIAS
  -------         PROC          SETUP_INTERRUPT
  C:74CAH         LINE#         322
  C:74CAH         LINE#         324
  C:74CDH         LINE#         327
  C:74CFH         LINE#         328
  -------         ENDPROC       SETUP_INTERRUPT
  -------         PROC          LOOP_NLED
  -------         DO            
  X:040DH         SYMBOL        systick_ms_bak
  -------         ENDDO         
  C:6FE2H         LINE#         337
  C:6FE2H         LINE#         339
  C:700DH         LINE#         340
  C:7016H         LINE#         341
  C:7018H         LINE#         342
  C:7018H         LINE#         343
  -------         ENDPROC       LOOP_NLED
  -------         PROC          LOOP_UART
  C:6C43H         LINE#         345
  C:6C43H         LINE#         346
  C:6C49H         LINE#         350
  C:6C50H         LINE#         352
  C:6C53H         LINE#         353
  C:6C62H         LINE#         355
  C:6C65H         LINE#         356
  C:6C6EH         LINE#         359
  C:6C77H         LINE#         360
  C:6C80H         LINE#         361
  C:6C80H         LINE#         363
  C:6C8FH         LINE#         364
  C:6C94H         LINE#         365
  C:6C98H         LINE#         366
  C:6C98H         LINE#         369
  -------         ENDPROC       LOOP_UART
  -------         PROC          LOOP_SAVE_SOMETHING
  -------         DO            
  X:0411H         SYMBOL        saveTime
BL51 BANKED LINKER/LOCATER V6.22                                                      06/27/2020  18:06:15  PAGE 18


  -------         ENDDO         
  C:6D3FH         LINE#         372
  C:6D3FH         LINE#         374
  C:6D79H         LINE#         375
  C:6D7EH         LINE#         376
  C:6D87H         LINE#         377
  C:6D8AH         LINE#         378
  C:6D8AH         LINE#         380
  -------         ENDPROC       LOOP_SAVE_SOMETHING
  -------         PROC          LOOP_PS2_DATA
  -------         DO            
  X:0415H         SYMBOL        systick_ms_bak
  -------         ENDDO         
  C:6F32H         LINE#         383
  C:6F32H         LINE#         385
  C:6F5CH         LINE#         387
  C:6F5CH         LINE#         388
  C:6F65H         LINE#         389
  C:6F6EH         LINE#         398
  -------         ENDPROC       LOOP_PS2_DATA
  -------         PROC          ___ABS_INT
  D:0006H         SYMBOL        a
  C:7394H         LINE#         400
  C:7394H         LINE#         401
  C:73A0H         LINE#         402
  C:73A7H         LINE#         403
  -------         ENDPROC       ___ABS_INT
  -------         PROC          LOOP_PS2_JOYSTICK
  -------         DO            
  X:0419H         SYMBOL        joystick_left_LR_bak
  X:041BH         SYMBOL        joystick_right_UD_bak
  X:041DH         SYMBOL        joystick_left_UD_bak
  X:041FH         SYMBOL        joystick_left_LR
  X:0421H         SYMBOL        joystick_right_UD
  X:0423H         SYMBOL        joystick_left_UD
  -------         ENDDO         
  C:3F1FH         LINE#         405
  C:3F1FH         LINE#         409
  C:3F2AH         LINE#         411
  C:3F48H         LINE#         412
  C:3F68H         LINE#         413
  C:3F86H         LINE#         417
  C:3FC9H         LINE#         421
  C:3FE6H         LINE#         428
  C:40D5H         LINE#         429
  C:40D8H         LINE#         433
  C:40E7H         LINE#         434
  C:40F6H         LINE#         435
  C:40F6H         LINE#         437
  C:4119H         LINE#         438
  C:4155H         LINE#         439
  C:4161H         LINE#         444
  C:416CH         LINE#         445
  C:417BH         LINE#         446
  C:417BH         LINE#         448
  -------         ENDPROC       LOOP_PS2_JOYSTICK
  -------         PROC          LOOP_PS2_BUTTON
BL51 BANKED LINKER/LOCATER V6.22                                                      06/27/2020  18:06:15  PAGE 19


  -------         DO            
  X:0425H         SYMBOL        psx_button_bak
  X:0427H         SYMBOL        mode_bak
  -------         ENDDO         
  C:6B8EH         LINE#         452
  C:6B8EH         LINE#         457
  C:6B9AH         LINE#         458
  C:6B9CH         LINE#         459
  C:6B9FH         LINE#         460
  C:6BA5H         LINE#         461
  C:6BA5H         LINE#         462
  C:6BADH         LINE#         463
  C:6BB3H         LINE#         465
  C:6BB3H         LINE#         467
  C:6BCBH         LINE#         468
  C:6BCBH         LINE#         469
  C:6BCBH         LINE#         470
  C:6BD9H         LINE#         471
  C:6BE1H         LINE#         472
  C:6BE9H         LINE#         473
  C:6BE9H         LINE#         475
  -------         ENDPROC       LOOP_PS2_BUTTON
  -------         PROC          _PARSE_PSX_BUF
  D:0001H         SYMBOL        buf
  X:047AH         SYMBOL        mode
  -------         DO            
  X:047BH         SYMBOL        i
  X:047CH         SYMBOL        pos
  X:0428H         SYMBOL        bak
  X:042AH         SYMBOL        temp
  X:042CH         SYMBOL        temp2
  -------         ENDDO         
  C:3925H         LINE#         477
  C:392AH         LINE#         478
  C:392FH         LINE#         480
  C:3949H         LINE#         482
  C:395BH         LINE#         483
  C:3967H         LINE#         484
  C:3975H         LINE#         485
  C:3987H         LINE#         486
  C:39A7H         LINE#         487
  C:39A7H         LINE#         488
  C:39B6H         LINE#         490
  C:39C5H         LINE#         491
  C:39CDH         LINE#         492
  C:39F9H         LINE#         493
  C:3A06H         LINE#         494
  C:3A48H         LINE#         495
  C:3A48H         LINE#         497
  C:3A64H         LINE#         498
  C:3A72H         LINE#         499
  C:3A8DH         LINE#         503
  C:3A9CH         LINE#         504
  C:3A9CH         LINE#         505
  C:3A9FH         LINE#         506
  C:3ABCH         LINE#         510
  C:3ACBH         LINE#         511
BL51 BANKED LINKER/LOCATER V6.22                                                      06/27/2020  18:06:15  PAGE 20


  C:3ACBH         LINE#         512
  C:3ACEH         LINE#         513
  C:3ACEH         LINE#         518
  C:3AD6H         LINE#         519
  C:3AD9H         LINE#         521
  C:3AE8H         LINE#         522
  C:3AF0H         LINE#         523
  C:3B1CH         LINE#         524
  C:3B29H         LINE#         525
  C:3B6BH         LINE#         526
  C:3B6BH         LINE#         528
  C:3B87H         LINE#         529
  C:3B8CH         LINE#         530
  C:3BADH         LINE#         534
  C:3BC5H         LINE#         535
  C:3BDAH         LINE#         536
  C:3BDAH         LINE#         537
  C:3BDDH         LINE#         538
  C:3C03H         LINE#         542
  C:3C1BH         LINE#         543
  C:3C30H         LINE#         544
  C:3C30H         LINE#         545
  C:3C33H         LINE#         546
  C:3C33H         LINE#         549
  C:3C33H         LINE#         550
  C:3C33H         LINE#         554
  C:3C33H         LINE#         555
  C:3C3CH         LINE#         556
  C:3C4BH         LINE#         557
  C:3C56H         LINE#         558
  C:3C56H         LINE#         560
  -------         ENDPROC       _PARSE_PSX_BUF
  -------         PROC          HANDLE_UART
  C:7505H         LINE#         562
  C:7505H         LINE#         566
  -------         ENDPROC       HANDLE_UART
  C:191EH         SYMBOL        L?0352
  -------         PROC          L?0351
  -------         ENDPROC       L?0351
  C:191EH         SYMBOL        L?0352
  -------         PROC          _PARSE_CMD
  X:047DH         SYMBOL        cmd
  -------         DO            
  X:042EH         SYMBOL        djrFlag
  X:0480H         SYMBOL        pos
  X:0482H         SYMBOL        i
  X:0484H         SYMBOL        index
  X:0486H         SYMBOL        int1
  X:0488H         SYMBOL        int2
  -------         ENDDO         
  C:1924H         LINE#         583
  C:192FH         LINE#         588
  C:1932H         LINE#         590
  C:195CH         LINE#         591
  C:1962H         LINE#         592
  C:1979H         LINE#         593
  C:1993H         LINE#         594
BL51 BANKED LINKER/LOCATER V6.22                                                      06/27/2020  18:06:15  PAGE 21


  C:19CDH         LINE#         595
  C:19DDH         LINE#         596
  C:19E6H         LINE#         597
  C:19EEH         LINE#         598
  C:19F4H         LINE#         599
  C:1A1FH         LINE#         600
  C:1A4EH         LINE#         601
  C:1A6FH         LINE#         602
  C:1AA9H         LINE#         603
  C:1AC5H         LINE#         604
  C:1AC5H         LINE#         605
  C:1AC5H         LINE#         608
  C:1AEFH         LINE#         609
  C:1AF2H         LINE#         610
  C:1B19H         LINE#         611
  C:1B54H         LINE#         612
  C:1B65H         LINE#         613
  C:1B65H         LINE#         614
  C:1B8CH         LINE#         615
  C:1BC7H         LINE#         616
  C:1BD8H         LINE#         617
  C:1BD8H         LINE#         618
  C:1BFFH         LINE#         619
  C:1C2EH         LINE#         620
  C:1C39H         LINE#         621
  C:1C3FH         LINE#         622
  C:1C3FH         LINE#         623
  C:1C6AH         LINE#         624
  C:1CB1H         LINE#         626
  C:1CC8H         LINE#         627
  C:1CD0H         LINE#         628
  C:1CDFH         LINE#         629
  C:1CE4H         LINE#         631
  C:1CE5H         LINE#         632
  C:1CEBH         LINE#         633
  C:1CEBH         LINE#         635
  C:1CEBH         LINE#         636
  C:1CEBH         LINE#         637
  C:1D18H         LINE#         638
  C:1D53H         LINE#         639
  C:1D64H         LINE#         640
  C:1DA3H         LINE#         642
  C:1DACH         LINE#         643
  C:1DACH         LINE#         644
  C:1DD3H         LINE#         645
  C:1DD9H         LINE#         646
  C:1DDEH         LINE#         647
  C:1DDEH         LINE#         648
  C:1E07H         LINE#         649
  C:1E0DH         LINE#         650
  C:1E14H         LINE#         651
  C:1E1FH         LINE#         652
  C:1E47H         LINE#         653
  C:1E4BH         LINE#         654
  C:1E75H         LINE#         655
  C:1E79H         LINE#         656
  C:1EA2H         LINE#         657
BL51 BANKED LINKER/LOCATER V6.22                                                      06/27/2020  18:06:15  PAGE 22


  C:1EAAH         LINE#         658
  C:1ED4H         LINE#         659
  C:1EDCH         LINE#         660
  C:1F06H         LINE#         661
  C:1F0BH         LINE#         662
  C:1F35H         LINE#         663
  C:1F39H         LINE#         664
  C:1F62H         LINE#         665
  C:1F69H         LINE#         666
  C:1F93H         LINE#         667
  C:1F9CH         LINE#         669
  C:1FA3H         LINE#         670
  C:1FE5H         LINE#         671
  C:2080H         LINE#         672
  C:209EH         LINE#         673
  C:20C8H         LINE#         674
  C:20CEH         LINE#         675
  C:20D7H         LINE#         676
  C:20F1H         LINE#         677
  C:210BH         LINE#         678
  C:2125H         LINE#         679
  C:21C6H         LINE#         680
  C:21D7H         LINE#         682
  C:21DDH         LINE#         683
  C:21DFH         LINE#         684
  C:21E1H         LINE#         685
  C:21E8H         LINE#         686
  C:21E8H         LINE#         687
  C:21F9H         LINE#         688
  C:2221H         LINE#         689
  C:2227H         LINE#         690
  C:2251H         LINE#         691
  C:2259H         LINE#         692
  C:225DH         LINE#         693
  C:2260H         LINE#         694
  C:2264H         LINE#         695
  C:2264H         LINE#         696
  C:228EH         LINE#         697
  C:2293H         LINE#         698
  C:22DDH         LINE#         699
  C:22E6H         LINE#         700
  C:2304H         LINE#         701
  C:232BH         LINE#         702
  C:2334H         LINE#         703
  C:235BH         LINE#         704
  C:2387H         LINE#         705
  C:2399H         LINE#         706
  C:239EH         LINE#         707
  C:23A9H         LINE#         708
  C:23AEH         LINE#         710
  C:23AEH         LINE#         711
  C:23AEH         LINE#         712
  C:23D7H         LINE#         713
  C:23DDH         LINE#         714
  C:23E8H         LINE#         715
  C:23F0H         LINE#         716
  C:23F0H         LINE#         717
BL51 BANKED LINKER/LOCATER V6.22                                                      06/27/2020  18:06:15  PAGE 23


  -------         ENDPROC       _PARSE_CMD
  -------         PROC          _ACTION_SAVE
  X:047AH         SYMBOL        str
  -------         DO            
  X:047DH         SYMBOL        action_index
  -------         ENDDO         
  C:43D4H         LINE#         721
  C:43DFH         LINE#         722
  C:43E4H         LINE#         725
  C:4401H         LINE#         726
  C:4406H         LINE#         727
  C:4409H         LINE#         728
  C:4412H         LINE#         730
  C:442AH         LINE#         731
  C:4466H         LINE#         732
  C:447AH         LINE#         733
  C:4491H         LINE#         734
  C:4493H         LINE#         735
  C:44A2H         LINE#         736
  C:44BBH         LINE#         737
  C:44D5H         LINE#         738
  C:44D5H         LINE#         739
  C:44DBH         LINE#         740
  C:44DEH         LINE#         742
  C:44E4H         LINE#         743
  C:44E7H         LINE#         745
  C:44E7H         LINE#         747
  C:44FDH         LINE#         749
  C:4519H         LINE#         751
  C:4522H         LINE#         753
  C:4522H         LINE#         755
  C:4549H         LINE#         756
  C:455FH         LINE#         757
  C:4575H         LINE#         758
  C:45AAH         LINE#         760
  C:45B3H         LINE#         762
  -------         ENDPROC       _ACTION_SAVE
  -------         PROC          _GET_ACTION_INDEX
  X:047FH         SYMBOL        str
  -------         DO            
  X:0482H         SYMBOL        index
  -------         ENDDO         
  C:620FH         LINE#         764
  C:621AH         LINE#         765
  C:621FH         LINE#         767
  C:622FH         LINE#         768
  C:6233H         LINE#         769
  C:6238H         LINE#         770
  C:6250H         LINE#         771
  C:6275H         LINE#         772
  C:627FH         LINE#         773
  C:6281H         LINE#         774
  C:628AH         LINE#         775
  C:628AH         LINE#         776
  C:6294H         LINE#         777
  C:6294H         LINE#         778
  C:6296H         LINE#         779
BL51 BANKED LINKER/LOCATER V6.22                                                      06/27/2020  18:06:15  PAGE 24


  C:629AH         LINE#         780
  -------         ENDPROC       _GET_ACTION_INDEX
  -------         PROC          _PRINT_GROUP
  X:048AH         SYMBOL        start
  X:048CH         SYMBOL        end
  C:5E51H         LINE#         782
  C:5E5FH         LINE#         783
  C:5E7AH         LINE#         784
  C:5E91H         LINE#         785
  C:5E91H         LINE#         786
  C:5EACH         LINE#         787
  C:5EBBH         LINE#         788
  C:5ED9H         LINE#         789
  C:5EE2H         LINE#         790
  C:5EEBH         LINE#         791
  C:5EFBH         LINE#         792
  -------         ENDPROC       _PRINT_GROUP
  -------         PROC          _INT_EXCHANGE
  X:048EH         SYMBOL        int1
  X:0491H         SYMBOL        int2
  -------         DO            
  D:0006H         SYMBOL        int_temp
  -------         ENDDO         
  C:6EAEH         LINE#         795
  C:6EB9H         LINE#         797
  C:6EBFH         LINE#         798
  C:6EE0H         LINE#         799
  -------         ENDPROC       _INT_EXCHANGE
  -------         PROC          _ERASE_SECTOR
  X:048AH         SYMBOL        start
  X:048CH         SYMBOL        end
  C:5B69H         LINE#         802
  C:5B77H         LINE#         803
  C:5B92H         LINE#         804
  C:5BA9H         LINE#         805
  C:5BA9H         LINE#         806
  C:5BC0H         LINE#         807
  C:5BDCH         LINE#         808
  C:5BE5H         LINE#         809
  C:5C0BH         LINE#         810
  C:5C14H         LINE#         811
  C:5C24H         LINE#         812
  C:5C2EH         LINE#         813
  -------         ENDPROC       _ERASE_SECTOR
  -------         PROC          _DO_GROUP_ONCE
  X:048AH         SYMBOL        group_num
  C:6876H         LINE#         817
  C:687EH         LINE#         818
  C:688DH         LINE#         820
  C:68ABH         LINE#         822
  C:68AEH         LINE#         823
  C:68D4H         LINE#         824
  -------         ENDPROC       _DO_GROUP_ONCE
  -------         PROC          LOOP_ACTION
  C:59C6H         LINE#         856
  C:59C6H         LINE#         860
  C:59D8H         LINE#         861
BL51 BANKED LINKER/LOCATER V6.22                                                      06/27/2020  18:06:15  PAGE 25


  C:59E3H         LINE#         863
  C:59F9H         LINE#         864
  C:5A05H         LINE#         865
  C:5A0DH         LINE#         866
  C:5A1AH         LINE#         867
  C:5A28H         LINE#         868
  C:5A2FH         LINE#         869
  C:5A2FH         LINE#         870
  C:5A2FH         LINE#         871
  C:5A2FH         LINE#         872
  C:5A31H         LINE#         874
  C:5A31H         LINE#         875
  C:5A3FH         LINE#         876
  C:5A40H         LINE#         877
  C:5A54H         LINE#         878
  C:5A63H         LINE#         879
  C:5A6DH         LINE#         880
  C:5A7BH         LINE#         881
  C:5A82H         LINE#         882
  C:5A87H         LINE#         883
  C:5A90H         LINE#         884
  C:5A90H         LINE#         885
  C:5A90H         LINE#         887
  C:5A90H         LINE#         888
  C:5A9EH         LINE#         889
  C:5A9EH         LINE#         890
  C:5A9EH         LINE#         892
  -------         ENDPROC       LOOP_ACTION
  -------         PROC          CHECK_DJ_STATE
  -------         DO            
  X:047CH         SYMBOL        i
  X:047EH         SYMBOL        inc
  -------         ENDDO         
  C:653DH         LINE#         894
  C:653DH         LINE#         896
  C:6547H         LINE#         897
  C:6560H         LINE#         898
  C:6593H         LINE#         899
  C:65AAH         LINE#         900
  C:65BAH         LINE#         901
  C:65BCH         LINE#         902
  -------         ENDPROC       CHECK_DJ_STATE
  C:2400H         SYMBOL        L?0350
  -------         PROC          L?0349
  -------         ENDPROC       L?0349
  C:2400H         SYMBOL        L?0350
  -------         PROC          _PARSE_ACTION
  X:048CH         SYMBOL        uart_receive_buf
  -------         DO            
  X:048FH         SYMBOL        index
  X:0491H         SYMBOL        time
  X:0493H         SYMBOL        i
  X:0495H         SYMBOL        lst_i
  X:0497H         SYMBOL        parse_ok
  X:0499H         SYMBOL        bias
  X:049BH         SYMBOL        pwm
  X:049FH         SYMBOL        aim_temp
BL51 BANKED LINKER/LOCATER V6.22                                                      06/27/2020  18:06:15  PAGE 26


  -------         ENDDO         
  C:2406H         LINE#         904
  C:2411H         LINE#         909
  C:2414H         LINE#         910
  C:241DH         LINE#         912
  C:2473H         LINE#         913
  C:24BDH         LINE#         914
  C:2506H         LINE#         915
  C:253AH         LINE#         916
  C:2545H         LINE#         917
  C:2549H         LINE#         918
  C:2556H         LINE#         919
  C:2556H         LINE#         920
  C:25CAH         LINE#         921
  C:25EEH         LINE#         922
  C:260BH         LINE#         923
  C:2615H         LINE#         924
  C:2631H         LINE#         925
  C:263BH         LINE#         926
  C:263BH         LINE#         928
  C:2666H         LINE#         929
  C:268AH         LINE#         930
  C:26A4H         LINE#         931
  C:26ADH         LINE#         932
  C:26B3H         LINE#         933
  C:26B4H         LINE#         935
  C:26FDH         LINE#         936
  C:2748H         LINE#         937
  C:2753H         LINE#         938
  C:278EH         LINE#         939
  C:27AEH         LINE#         940
  C:27AFH         LINE#         943
  C:27AFH         LINE#         946
  C:27BCH         LINE#         947
  C:27DBH         LINE#         948
  C:27DFH         LINE#         949
  C:27EBH         LINE#         950
  C:2800H         LINE#         951
  C:2820H         LINE#         952
  C:2853H         LINE#         953
  C:2855H         LINE#         954
  C:2875H         LINE#         955
  C:288DH         LINE#         956
  C:28B3H         LINE#         957
  C:290DH         LINE#         958
  C:2910H         LINE#         959
  C:2930H         LINE#         960
  C:2944H         LINE#         961
  C:2964H         LINE#         962
  C:2997H         LINE#         963
  C:2999H         LINE#         966
  C:29F9H         LINE#         968
  C:2A40H         LINE#         969
  C:2A67H         LINE#         970
  C:2A8BH         LINE#         972
  C:2AC5H         LINE#         973
  C:2AD4H         LINE#         974
BL51 BANKED LINKER/LOCATER V6.22                                                      06/27/2020  18:06:15  PAGE 27


  C:2ADAH         LINE#         975
  C:2ADAH         LINE#         977
  C:2B05H         LINE#         978
  C:2B25H         LINE#         979
  C:2BC0H         LINE#         980
  C:2BC0H         LINE#         983
  C:2BC0H         LINE#         986
  C:2BC3H         LINE#         987
  C:2BD1H         LINE#         988
  C:2BD1H         LINE#         989
  C:2BD4H         LINE#         990
  -------         ENDPROC       _PARSE_ACTION
  -------         PROC          _REPLACE_CHAR
  D:0001H         SYMBOL        str
  D:0005H         SYMBOL        ch1
  X:0483H         SYMBOL        ch2
  C:72DEH         LINE#         992
  C:72DEH         LINE#         993
  C:72E3H         LINE#         994
  C:72E6H         LINE#         995
  C:72EDH         LINE#         996
  C:72EDH         LINE#         997
  C:72F4H         LINE#         998
  C:72F6H         LINE#         1000
  -------         ENDPROC       _REPLACE_CHAR
  -------         PROC          LOOP_VOL_WARNING
  -------         DO            
  X:042FH         SYMBOL        systick_ms_bak
  -------         ENDDO         
  C:6944H         LINE#         1003
  C:6944H         LINE#         1006
  C:696FH         LINE#         1007
  C:6978H         LINE#         1008
  C:6985H         LINE#         1009
  C:69A7H         LINE#         1011
  -------         ENDPROC       LOOP_VOL_WARNING
  -------         PROC          REWRITE_EEPROM
  C:71F4H         LINE#         1017
  C:71F4H         LINE#         1018
  C:71FFH         LINE#         1019
  -------         ENDPROC       REWRITE_EEPROM
  -------         PROC          LOOP_BT_ONCE
  -------         DO            
  X:0433H         SYMBOL        first_change
  X:0434H         SYMBOL        step
  X:0435H         SYMBOL        systick_ms_bak
  -------         ENDDO         
  C:48D0H         LINE#         1022
  C:48D0H         LINE#         1025
  C:48D9H         LINE#         1026
  C:490AH         LINE#         1027
  C:4913H         LINE#         1028
  C:491EH         LINE#         1029
  C:4921H         LINE#         1030
  C:4927H         LINE#         1031
  C:4927H         LINE#         1032
  C:495CH         LINE#         1033
BL51 BANKED LINKER/LOCATER V6.22                                                      06/27/2020  18:06:15  PAGE 28


  C:4965H         LINE#         1034
  C:4970H         LINE#         1035
  C:4970H         LINE#         1036
  C:49A5H         LINE#         1037
  C:49AEH         LINE#         1038
  C:49B7H         LINE#         1039
  C:49B7H         LINE#         1040
  C:49EBH         LINE#         1041
  C:49F4H         LINE#         1042
  C:49FDH         LINE#         1043
  C:4A03H         LINE#         1044
  C:4A36H         LINE#         1045
  C:4A3FH         LINE#         1046
  C:4A48H         LINE#         1047
  C:4A4EH         LINE#         1048
  C:4A53H         LINE#         1049
  C:4A53H         LINE#         1050
  C:4A53H         LINE#         1051
  -------         ENDPROC       LOOP_BT_ONCE
  -------         PROC          SOFT_RESET
  C:74D0H         LINE#         1053
  C:74D0H         LINE#         1054
  C:74D3H         LINE#         1055
  -------         ENDPROC       SOFT_RESET
  -------         PROC          LOOP_OLED
  -------         DO            
  X:0439H         SYMBOL        i
  X:043AH         SYMBOL        oled_switch_bak
  -------         ENDDO         
  C:5A9FH         LINE#         1057
  C:5A9FH         LINE#         1061
  C:5AA6H         LINE#         1062
  C:5AB0H         LINE#         1063
  C:5AB2H         LINE#         1064
  C:5AB5H         LINE#         1065
  C:5ABCH         LINE#         1066
  C:5ABFH         LINE#         1067
  C:5ABFH         LINE#         1069
  C:5ABFH         LINE#         1070
  C:5ACBH         LINE#         1071
  C:5ACDH         LINE#         1072
  C:5ACDH         LINE#         1074
  C:5B44H         LINE#         1075
  C:5B5CH         LINE#         1076
  C:5B62H         LINE#         1077
  C:5B68H         LINE#         1078
  C:5B68H         LINE#         1080
  -------         ENDPROC       LOOP_OLED
  -------         PROC          _CAR_PWM_SET
  X:048AH         SYMBOL        car_left
  X:048CH         SYMBOL        car_right
  -------         DO            
  X:043BH         SYMBOL        car_left_bak
  X:043DH         SYMBOL        car_right_bak
  X:043FH         SYMBOL        car_zx_count
  X:0440H         SYMBOL        car_zx_count0
  -------         ENDDO         
BL51 BANKED LINKER/LOCATER V6.22                                                      06/27/2020  18:06:15  PAGE 29


  C:51FCH         LINE#         1082
  C:520CH         LINE#         1087
  C:522FH         LINE#         1088
  C:523EH         LINE#         1090
  C:5280H         LINE#         1091
  C:5289H         LINE#         1092
  C:528BH         LINE#         1093
  C:529AH         LINE#         1094
  C:52A9H         LINE#         1095
  C:52ACH         LINE#         1096
  C:52ACH         LINE#         1097
  C:52B1H         LINE#         1098
  C:52B1H         LINE#         1099
  C:52B1H         LINE#         1101
  C:52C4H         LINE#         1102
  C:52D3H         LINE#         1104
  C:530DH         LINE#         1105
  C:5316H         LINE#         1106
  C:5316H         LINE#         1107
  C:5316H         LINE#         1109
  -------         ENDPROC       _CAR_PWM_SET
  -------         ENDMOD        Z_MAIN

  -------         MODULE        Z_ADC
  C:0000H         SYMBOL        _ICE_DUMMY_
  C:736AH         PUBLIC        _adc_init
  C:71A5H         PUBLIC        _adc_read
  D:00BCH         PUBLIC        ADC_CONTR
  D:00BDH         PUBLIC        ADC_RES
  D:00BEH         PUBLIC        ADC_LOW2
  D:009DH         PUBLIC        P1ASF
  -------         PROC          _ADC_INIT
  D:0007H         SYMBOL        ch
  C:736AH         LINE#         16
  C:736AH         LINE#         17
  C:7377H         LINE#         18
  C:737AH         LINE#         19
  C:737DH         LINE#         20
  C:737EH         LINE#         21
  -------         ENDPROC       _ADC_INIT
  -------         PROC          _ADC_READ
  D:0006H         SYMBOL        ch
  C:71A5H         LINE#         23
  C:71A7H         LINE#         24
  C:71AAH         LINE#         25
  C:71AFH         LINE#         26
  C:71B0H         LINE#         27
  C:71B1H         LINE#         28
  C:71B2H         LINE#         29
  C:71B3H         LINE#         30
  C:71B8H         LINE#         31
  C:71BBH         LINE#         33
  C:71CCH         LINE#         36
  -------         ENDPROC       _ADC_READ
  -------         ENDMOD        Z_ADC

  -------         MODULE        Z_DELAY
BL51 BANKED LINKER/LOCATER V6.22                                                      06/27/2020  18:06:15  PAGE 30


  C:0000H         SYMBOL        _ICE_DUMMY_
  C:7478H         PUBLIC        _delay
  C:73F8H         PUBLIC        _udelay
  C:7280H         PUBLIC        _mdelay
  -------         PROC          _DELAY
  D:0006H         SYMBOL        t
  C:7478H         LINE#         3
  C:7478H         LINE#         5
  C:7482H         LINE#         7
  -------         ENDPROC       _DELAY
  -------         PROC          _UDELAY
  D:0006H         SYMBOL        t
  -------         DO            
  D:0005H         SYMBOL        i
  -------         ENDDO         
  C:73F8H         LINE#         9
  C:73F8H         LINE#         11
  C:7402H         LINE#         12
  C:7404H         LINE#         13
  C:740AH         LINE#         15
  -------         ENDPROC       _UDELAY
  -------         PROC          _MDELAY
  D:0006H         SYMBOL        t
  -------         DO            
  D:0004H         SYMBOL        i
  D:0002H         SYMBOL        j
  -------         ENDDO         
  C:7280H         LINE#         17
  C:7280H         LINE#         19
  C:728AH         LINE#         20
  C:7298H         LINE#         21
  C:729FH         LINE#         22
  -------         ENDPROC       _MDELAY
  -------         ENDMOD        Z_DELAY

  -------         MODULE        Z_GLOBAL
  C:0000H         SYMBOL        _ICE_DUMMY_
  D:00D0H         PUBLIC        PSW
  D:0080H         PUBLIC        P0
  D:0090H         PUBLIC        P1
  D:00A0H         PUBLIC        P2
  D:00B0H         PUBLIC        P3
  D:00C0H         PUBLIC        P4
  D:00C8H         PUBLIC        P5
  D:00E8H         PUBLIC        P6
  D:00F8H         PUBLIC        P7
  D:00A8H         PUBLIC        IE
  D:00B8H         PUBLIC        IP
  D:0088H         PUBLIC        TCON
  D:0098H         PUBLIC        SCON
  D:00D8H         PUBLIC        CCON
  X:0000H         PUBLIC        duoji_doing
  X:0070H         PUBLIC        eeprom_info
  X:0131H         PUBLIC        uart_receive_buf
  X:0335H         PUBLIC        uart1_get_ok
  X:0336H         PUBLIC        uart1_mode
  X:0337H         PUBLIC        uart_receive_buf_index
BL51 BANKED LINKER/LOCATER V6.22                                                      06/27/2020  18:06:15  PAGE 31


  X:0338H         PUBLIC        cmd_return
  X:039CH         PUBLIC        timer1_flag_dj
  X:039DH         PUBLIC        duoji_index1
  X:039EH         PUBLIC        smart_mode
  X:039FH         PUBLIC        group_do_ok
  X:03A0H         PUBLIC        csb_cnt
  C:6CEFH         PUBLIC        global_init
  C:5317H         PUBLIC        _str_contain_str
  C:73A8H         PUBLIC        _abs_int
  C:4D07H         PUBLIC        _selection_sort
  -------         PROC          GLOBAL_INIT
  -------         DO            
  D:0003H         SYMBOL        i
  -------         ENDDO         
  C:6CEFH         LINE#         16
  C:6CEFH         LINE#         19
  C:6CF1H         LINE#         20
  C:6D06H         LINE#         21
  C:6D1BH         LINE#         22
  C:6D30H         LINE#         23
  C:6D35H         LINE#         25
  C:6D3AH         LINE#         26
  C:6D3CH         LINE#         27
  C:6D3EH         LINE#         29
  -------         ENDPROC       GLOBAL_INIT
  -------         PROC          _STR_CONTAIN_STR
  X:048AH         SYMBOL        str
  X:048DH         SYMBOL        str2
  -------         DO            
  X:0490H         SYMBOL        str_temp
  X:0493H         SYMBOL        str_temp2
  -------         ENDDO         
  C:5317H         LINE#         31
  C:5322H         LINE#         33
  C:532DH         LINE#         34
  C:5342H         LINE#         35
  C:5356H         LINE#         36
  C:536AH         LINE#         37
  C:537AH         LINE#         38
  C:53A2H         LINE#         39
  C:53DDH         LINE#         40
  C:53F2H         LINE#         41
  C:53F2H         LINE#         42
  C:53F2H         LINE#         43
  C:53F2H         LINE#         44
  C:5405H         LINE#         45
  C:541FH         LINE#         46
  C:541FH         LINE#         48
  C:541FH         LINE#         49
  C:5429H         LINE#         50
  C:5429H         LINE#         51
  C:542CH         LINE#         52
  C:542FH         LINE#         53
  -------         ENDPROC       _STR_CONTAIN_STR
  -------         PROC          _SELECTION_SORT
  D:0001H         SYMBOL        a
  X:047FH         SYMBOL        len
BL51 BANKED LINKER/LOCATER V6.22                                                      06/27/2020  18:06:15  PAGE 32


  -------         DO            
  X:0481H         SYMBOL        i
  X:0483H         SYMBOL        j
  X:0485H         SYMBOL        mi
  X:0487H         SYMBOL        t
  -------         ENDDO         
  C:4D07H         LINE#         55
  C:4D0FH         LINE#         57
  C:4D38H         LINE#         58
  C:4D45H         LINE#         59
  C:4D6DH         LINE#         60
  C:4D9DH         LINE#         61
  C:4DAAH         LINE#         62
  C:4DAAH         LINE#         63
  C:4DBAH         LINE#         65
  C:4DD1H         LINE#         66
  C:4DE8H         LINE#         67
  C:4E13H         LINE#         68
  C:4E31H         LINE#         69
  C:4E31H         LINE#         70
  C:4E45H         LINE#         71
  -------         ENDPROC       _SELECTION_SORT
  -------         PROC          _ABS_INT
  D:0006H         SYMBOL        int1
  C:73A8H         LINE#         74
  C:73A8H         LINE#         75
  C:73B4H         LINE#         76
  C:73BBH         LINE#         77
  -------         ENDPROC       _ABS_INT
  -------         ENDMOD        Z_GLOBAL

  -------         MODULE        Z_GPIO
  C:0000H         SYMBOL        _ICE_DUMMY_
  D:00D0H         PUBLIC        PSW
  D:0080H         PUBLIC        P0
  D:0090H         PUBLIC        P1
  D:00A0H         PUBLIC        P2
  D:00B0H         PUBLIC        P3
  D:00C0H         PUBLIC        P4
  D:00C8H         PUBLIC        P5
  D:00E8H         PUBLIC        P6
  D:00F8H         PUBLIC        P7
  D:0094H         PUBLIC        P0M0
  D:0093H         PUBLIC        P0M1
  D:0092H         PUBLIC        P1M0
  D:0091H         PUBLIC        P1M1
  D:0096H         PUBLIC        P2M0
  D:0095H         PUBLIC        P2M1
  D:00B2H         PUBLIC        P3M0
  D:00B1H         PUBLIC        P3M1
  D:00B4H         PUBLIC        P4M0
  D:00B3H         PUBLIC        P4M1
  D:00CAH         PUBLIC        P5M0
  D:00C9H         PUBLIC        P5M1
  D:00A8H         PUBLIC        IE
  D:00B8H         PUBLIC        IP
  D:0088H         PUBLIC        TCON
BL51 BANKED LINKER/LOCATER V6.22                                                      06/27/2020  18:06:15  PAGE 33


  D:0098H         PUBLIC        SCON
  D:00D8H         PUBLIC        CCON
  B:00C8H.1       PUBLIC        beep
  B:00C8H.0       PUBLIC        dj0
  B:00B0H.4       PUBLIC        dj1
  B:0080H.4       PUBLIC        dj2
  B:00C8H.3       PUBLIC        dj3
  B:0080H.5       PUBLIC        dj4
  B:00C8H.2       PUBLIC        dj5
  B:0080H.0       PUBLIC        key1_led
  B:00C0H.4       PUBLIC        key2_led
[...]
  C:6E00H         LINE#         174
  C:6E06H         LINE#         176
  C:6E09H         LINE#         179
  C:6E14H         LINE#         180
  C:6E1CH         LINE#         181
  C:6E1CH         LINE#         183
  C:6E1FH         LINE#         184
  C:6E1FH         LINE#         185
  C:6E1FH         LINE#         186
  -------         ENDPROC       SMART_XUNJIBIZHANG
BL51 BANKED LINKER/LOCATER V6.22                                                      06/27/2020  18:06:15  PAGE 58


  -------         PROC          SMART_GENSUI
  -------         DO            
  X:03CAH         SYMBOL        systick_ms_bak
  X:047AH         SYMBOL        speed
  X:047CH         SYMBOL        adc_csb
  -------         ENDDO         
  C:60E9H         LINE#         194
  C:60E9H         LINE#         196
  C:60F3H         LINE#         197
  C:611DH         LINE#         198
  C:6123H         LINE#         199
  C:612EH         LINE#         200
  C:6145H         LINE#         201
  C:6150H         LINE#         202
  C:6163H         LINE#         203
  C:6174H         LINE#         204
  C:6176H         LINE#         205
  C:617EH         LINE#         206
  C:617EH         LINE#         207
  C:617EH         LINE#         208
  -------         ENDPROC       SMART_GENSUI
  -------         PROC          SMART_ZIYOUBIZHANG
  -------         DO            
  X:03CEH         SYMBOL        systick_ms_bak
  X:047AH         SYMBOL        speed
  D:0006H         SYMBOL        adc_csb
  -------         ENDDO         
  C:68DDH         LINE#         215
  C:68DDH         LINE#         217
  C:68E7H         LINE#         218
  C:6911H         LINE#         219
  C:691AH         LINE#         221
  C:691DH         LINE#         224
  C:692CH         LINE#         225
  C:6937H         LINE#         226
  C:6939H         LINE#         227
  C:6943H         LINE#         228
  C:6943H         LINE#         229
  C:6943H         LINE#         230
  -------         ENDPROC       SMART_ZIYOUBIZHANG
  -------         PROC          SMART_CSBJIAQU
  -------         DO            
  X:03D2H         SYMBOL        systick_ms_bak
  D:0006H         SYMBOL        adc_csb
  -------         ENDDO         
  C:67A2H         LINE#         237
  C:67A2H         LINE#         240
  C:67A8H         LINE#         241
  C:67AEH         LINE#         244
  C:67D8H         LINE#         245
  C:67E1H         LINE#         246
  C:67E4H         LINE#         249
  C:67F9H         LINE#         250
  C:6802H         LINE#         251
  C:680DH         LINE#         252
  C:680DH         LINE#         253
  C:680DH         LINE#         254
BL51 BANKED LINKER/LOCATER V6.22                                                      06/27/2020  18:06:15  PAGE 59


  -------         ENDPROC       SMART_CSBJIAQU
  -------         PROC          SMART_YSSBJIAQU
  -------         DO            
  X:03D6H         SYMBOL        getCount
  X:03D7H         SYMBOL        getCountOk
  X:03D8H         SYMBOL        i
  X:03D9H         SYMBOL        systick_ms_bak
  X:03DDH         SYMBOL        systick_ms_bak2
  X:03E1H         SYMBOL        adc_yssb
  -------         ENDDO         
  C:3C57H         LINE#         261
  C:3C57H         LINE#         266
  C:3C60H         LINE#         267
  C:3C69H         LINE#         273
  C:3C93H         LINE#         274
  C:3C9CH         LINE#         275
  C:3CA2H         LINE#         276
  C:3CADH         LINE#         277
  C:3CB6H         LINE#         278
  C:3CB8H         LINE#         279
  C:3CBBH         LINE#         280
  C:3CBBH         LINE#         281
  C:3CBBH         LINE#         284
  C:3CF3H         LINE#         285
  C:3CFCH         LINE#         286
  C:3D01H         LINE#         288
  C:3D27H         LINE#         289
  C:3D30H         LINE#         291
  C:3D6AH         LINE#         293
  C:3D6FH         LINE#         294
  C:3D7AH         LINE#         295
  C:3D81H         LINE#         296
  C:3D8DH         LINE#         297
  C:3DCAH         LINE#         299
  C:3DD0H         LINE#         300
  C:3DD0H         LINE#         301
  C:3DD0H         LINE#         302
  C:3E0DH         LINE#         304
  C:3E12H         LINE#         305
  C:3E1DH         LINE#         306
  C:3E24H         LINE#         307
  C:3E30H         LINE#         308
  C:3E6DH         LINE#         310
  C:3E73H         LINE#         311
  C:3E73H         LINE#         312
  C:3E73H         LINE#         313
  C:3EB0H         LINE#         315
  C:3EB5H         LINE#         316
  C:3EC0H         LINE#         317
  C:3EC7H         LINE#         318
  C:3ED3H         LINE#         319
  C:3F0AH         LINE#         321
  C:3F13H         LINE#         322
  C:3F1EH         LINE#         323
  C:3F1EH         LINE#         324
  C:3F1EH         LINE#         326
  C:3F1EH         LINE#         327
BL51 BANKED LINKER/LOCATER V6.22                                                      06/27/2020  18:06:15  PAGE 60


  -------         ENDPROC       SMART_YSSBJIAQU
  -------         PROC          SMART_SOUNDJIAQU
  -------         DO            
  X:03E3H         SYMBOL        systick_ms_bak
  X:03E7H         SYMBOL        systick_ms_bak2
  X:03EBH         SYMBOL        soundCount
  -------         ENDDO         
  C:553EH         LINE#         334
  C:553EH         LINE#         341
  C:5547H         LINE#         342
  C:5550H         LINE#         344
  C:557AH         LINE#         345
  C:5583H         LINE#         346
  C:5586H         LINE#         347
  C:5594H         LINE#         348
  C:5597H         LINE#         349
  C:55ACH         LINE#         350
  C:55ACH         LINE#         351
  C:55ACH         LINE#         353
  C:55D7H         LINE#         354
  C:55E0H         LINE#         361
  C:55F1H         LINE#         362
  C:55FAH         LINE#         363
  C:5600H         LINE#         365
  C:5613H         LINE#         366
  C:561CH         LINE#         367
  C:5627H         LINE#         368
  C:5627H         LINE#         369
  C:562EH         LINE#         370
  C:562EH         LINE#         374
  -------         ENDPROC       SMART_SOUNDJIAQU
  -------         PROC          SMART_XUNJICSBJIAQU
  -------         DO            
  X:03EDH         SYMBOL        systick_ms_bak
  X:03F1H         SYMBOL        nextStepTime
  X:047AH         SYMBOL        adc_csb
  -------         ENDDO         
  C:5C2FH         LINE#         381
  C:5C2FH         LINE#         384
  C:5C38H         LINE#         385
  C:5C41H         LINE#         386
  C:5C4CH         LINE#         387
  C:5C7CH         LINE#         388
  C:5C85H         LINE#         392
  C:5CABH         LINE#         394
  C:5CC7H         LINE#         395
  C:5CCFH         LINE#         396
  C:5CD9H         LINE#         397
  C:5CE2H         LINE#         398
  C:5CE2H         LINE#         399
  C:5CE5H         LINE#         400
  C:5CEFH         LINE#         401
  C:5CEFH         LINE#         402
  C:5CEFH         LINE#         403
  -------         ENDPROC       SMART_XUNJICSBJIAQU
  -------         PROC          SMART_XUNJIYANSE
  -------         DO            
BL51 BANKED LINKER/LOCATER V6.22                                                      06/27/2020  18:06:15  PAGE 61


  X:03F5H         SYMBOL        getCount
  X:03F6H         SYMBOL        getCountOk
  X:03F7H         SYMBOL        i
  X:03F8H         SYMBOL        shibieOK
  X:03F9H         SYMBOL        systick_ms_bak
  X:03FDH         SYMBOL        systick_ms_bak2
  X:0401H         SYMBOL        systick_ms_bak3
  X:0405H         SYMBOL        adc_yssb
  -------         ENDDO         
  C:417CH         LINE#         410
  C:417CH         LINE#         415
  C:4185H         LINE#         416
  C:418EH         LINE#         422
  C:41B8H         LINE#         423
  C:41C1H         LINE#         424
  C:41C7H         LINE#         425
  C:41D2H         LINE#         426
  C:41DBH         LINE#         427
  C:41DDH         LINE#         428
  C:41E0H         LINE#         429
  C:41E0H         LINE#         430
  C:41E0H         LINE#         433
  C:4218H         LINE#         434
  C:4221H         LINE#         435
  C:4226H         LINE#         440
  C:4260H         LINE#         442
  C:4268H         LINE#         443
  C:426DH         LINE#         444
  C:4278H         LINE#         445
  C:427FH         LINE#         446
  C:428BH         LINE#         447
  C:42C8H         LINE#         449
  C:42CEH         LINE#         452
  C:42D4H         LINE#         453
  C:42D4H         LINE#         454
  C:42D4H         LINE#         456
  C:4314H         LINE#         458
  C:431CH         LINE#         459
  C:4321H         LINE#         460
  C:432CH         LINE#         461
  C:4333H         LINE#         462
  C:433FH         LINE#         463
  C:4376H         LINE#         465
  C:437CH         LINE#         467
  C:4385H         LINE#         468
  C:4390H         LINE#         469
  C:4390H         LINE#         470
  C:4392H         LINE#         471
  C:4397H         LINE#         472
  C:4397H         LINE#         474
  C:4397H         LINE#         476
  C:439DH         LINE#         477
  C:43C7H         LINE#         478
  C:43D0H         LINE#         479
  C:43D3H         LINE#         480
  C:43D3H         LINE#         481
  C:43D3H         LINE#         482
BL51 BANKED LINKER/LOCATER V6.22                                                      06/27/2020  18:06:15  PAGE 62


  -------         ENDPROC       SMART_XUNJIYANSE
  -------         PROC          SMART_YSSB_VERIFY
  -------         DO            
  X:047AH         SYMBOL        adc_yssb
  X:047CH         SYMBOL        i
  -------         ENDDO         
  C:45B4H         LINE#         489
  C:45B4H         LINE#         493
  C:45BFH         LINE#         494
  C:45C6H         LINE#         495
  C:45D1H         LINE#         496
  C:45D8H         LINE#         497
  C:45F5H         LINE#         498
  C:4604H         LINE#         499
  C:460FH         LINE#         502
  C:461AH         LINE#         503
  C:4621H         LINE#         504
  C:462CH         LINE#         505
  C:4633H         LINE#         506
  C:4650H         LINE#         507
  C:465FH         LINE#         508
  C:466AH         LINE#         511
  C:4675H         LINE#         512
  C:467CH         LINE#         513
  C:4687H         LINE#         514
  C:468EH         LINE#         515
  C:46ABH         LINE#         516
  C:46BAH         LINE#         517
  C:46C5H         LINE#         519
  C:46D4H         LINE#         520
  C:46E3H         LINE#         521
  C:46F2H         LINE#         524
  C:46F5H         LINE#         527
  C:4739H         LINE#         528
  C:4742H         LINE#         530
  C:4748H         LINE#         532
  -------         ENDPROC       SMART_YSSB_VERIFY
  -------         ENDMOD        Z_SENSOR

  -------         MODULE        ?C?FPADD
  C:0D49H         PUBLIC        ?C?FPADD
  C:0D45H         PUBLIC        ?C?FPSUB
  -------         ENDMOD        ?C?FPADD

  -------         MODULE        ?C?FPMUL
  C:0E3AH         PUBLIC        ?C?FPMUL
  -------         ENDMOD        ?C?FPMUL

  -------         MODULE        ?C?FPDIV
  C:0F43H         PUBLIC        ?C?FPDIV
  -------         ENDMOD        ?C?FPDIV

  -------         MODULE        ?C?FPCMP
  C:0FE2H         PUBLIC        ?C?FPCMP
  C:0FE0H         PUBLIC        ?C?FPCMP3
  -------         ENDMOD        ?C?FPCMP

BL51 BANKED LINKER/LOCATER V6.22                                                      06/27/2020  18:06:15  PAGE 63


  -------         MODULE        ?C?FPNEG
  C:104DH         PUBLIC        ?C?FPNEG
  -------         ENDMOD        ?C?FPNEG

  -------         MODULE        ?C?FCAST
  C:1068H         PUBLIC        ?C?FCASTC
  C:1063H         PUBLIC        ?C?FCASTI
  C:105EH         PUBLIC        ?C?FCASTL
  -------         ENDMOD        ?C?FCAST

  -------         MODULE        ?C?CASTF
  C:109CH         PUBLIC        ?C?CASTF
  -------         ENDMOD        ?C?CASTF

  -------         MODULE        PRINTF
  X:048EH         PUBLIC        ?_PRINTF?BYTE
  X:048EH         PUBLIC        ?_SPRINTF?BYTE
  C:31B3H         PUBLIC        _PRINTF
  C:31ADH         PUBLIC        _SPRINTF
  -------         ENDMOD        PRINTF

  -------         MODULE        SCANF
  X:048AH         PUBLIC        ?_SCANF?BYTE
  X:048AH         PUBLIC        ?_SSCANF?BYTE
  C:3658H         PUBLIC        _SCANF
  C:3654H         PUBLIC        _SSCANF
  -------         ENDMOD        SCANF

  -------         MODULE        ?C?FPROUND
  C:111DH         PUBLIC        ?C?FPROUND
  -------         ENDMOD        ?C?FPROUND

  -------         MODULE        ?C?FPCONVERT
  C:115AH         PUBLIC        ?C?FPCONVERT
  -------         ENDMOD        ?C?FPCONVERT

  -------         MODULE        ?C?FTNPWR
  C:128FH         PUBLIC        ?C?FTNPWR
  -------         ENDMOD        ?C?FTNPWR

  -------         MODULE        ?C?COPY
  C:139FH         PUBLIC        ?C?COPY
  -------         ENDMOD        ?C?COPY

  -------         MODULE        ?C?CLDPTR
  C:13C5H         PUBLIC        ?C?CLDPTR
  -------         ENDMOD        ?C?CLDPTR

  -------         MODULE        ?C?CLDOPTR
  C:13DEH         PUBLIC        ?C?CLDOPTR
  -------         ENDMOD        ?C?CLDOPTR

  -------         MODULE        ?C?CSTPTR
  C:140BH         PUBLIC        ?C?CSTPTR
  -------         ENDMOD        ?C?CSTPTR

  -------         MODULE        ?C?CSTOPTR
BL51 BANKED LINKER/LOCATER V6.22                                                      06/27/2020  18:06:15  PAGE 64


  C:141DH         PUBLIC        ?C?CSTOPTR
  -------         ENDMOD        ?C?CSTOPTR

  -------         MODULE        ?C?IMUL
  C:143FH         PUBLIC        ?C?IMUL
  -------         ENDMOD        ?C?IMUL

  -------         MODULE        ?C?SIDIV
  C:1451H         PUBLIC        ?C?SIDIV
  -------         ENDMOD        ?C?SIDIV

  -------         MODULE        ?C?IILDX
  C:1487H         PUBLIC        ?C?IILDX
  -------         ENDMOD        ?C?IILDX

  -------         MODULE        ?C?ILDIX
  C:149DH         PUBLIC        ?C?ILDIX
  -------         ENDMOD        ?C?ILDIX

  -------         MODULE        ?C?ILDPTR
  C:14B3H         PUBLIC        ?C?ILDPTR
  -------         ENDMOD        ?C?ILDPTR

  -------         MODULE        ?C?ILDOPTR
  C:14DEH         PUBLIC        ?C?ILDOPTR
  -------         ENDMOD        ?C?ILDOPTR

  -------         MODULE        ?C?ISTPTR
  C:1516H         PUBLIC        ?C?ISTPTR
  -------         ENDMOD        ?C?ISTPTR

  -------         MODULE        ?C?ISTOPTR
  C:1535H         PUBLIC        ?C?ISTOPTR
  -------         ENDMOD        ?C?ISTOPTR

  -------         MODULE        ?C?LMUL
  C:1562H         PUBLIC        ?C?LMUL
  -------         ENDMOD        ?C?LMUL

  -------         MODULE        ?C?ULDIV
  C:15EDH         PUBLIC        ?C?ULDIV
  -------         ENDMOD        ?C?ULDIV

  -------         MODULE        ?C?LNEG
  C:167FH         PUBLIC        ?C?LNEG
  -------         ENDMOD        ?C?LNEG

  -------         MODULE        ?C?ULCMP
  C:168DH         PUBLIC        ?C?ULCMP
  -------         ENDMOD        ?C?ULCMP

  -------         MODULE        ?C?ULSHR
  C:169EH         PUBLIC        ?C?ULSHR
  -------         ENDMOD        ?C?ULSHR

  -------         MODULE        ?C?LSHL
  C:16B1H         PUBLIC        ?C?LSHL
BL51 BANKED LINKER/LOCATER V6.22                                                      06/27/2020  18:06:15  PAGE 65


  -------         ENDMOD        ?C?LSHL

  -------         MODULE        ?C?LSTPTR
  C:16C4H         PUBLIC        ?C?LSTPTR
  -------         ENDMOD        ?C?LSTPTR

  -------         MODULE        ?C?LSTXDATA
  C:16DEH         PUBLIC        ?C?LSTXDATA
  -------         ENDMOD        ?C?LSTXDATA

  -------         MODULE        ?C?LSTKXDATA
  C:16EAH         PUBLIC        ?C?LSTKXDATA
  -------         ENDMOD        ?C?LSTKXDATA

  -------         MODULE        ?C?OFFXADD
  C:171BH         PUBLIC        ?C?OFFXADD
  -------         ENDMOD        ?C?OFFXADD

  -------         MODULE        ?C?PLDXDATA
  C:1727H         PUBLIC        ?C?PLDXDATA
  -------         ENDMOD        ?C?PLDXDATA

  -------         MODULE        ?C?PLDIXDATA
  C:1730H         PUBLIC        ?C?PLDIXDATA
  -------         ENDMOD        ?C?PLDIXDATA

  -------         MODULE        ?C?PILDXDATA
  C:1747H         PUBLIC        ?C?PILDXDATA
  -------         ENDMOD        ?C?PILDXDATA

  -------         MODULE        ?C?PSTXDATA
  C:175EH         PUBLIC        ?C?PSTXDATA
  -------         ENDMOD        ?C?PSTXDATA

  -------         MODULE        ?C?CCASE
  C:1767H         PUBLIC        ?C?CCASE
  -------         ENDMOD        ?C?CCASE

  -------         MODULE        PUTCHAR
  C:71CDH         PUBLIC        _PUTCHAR
  -------         ENDMOD        PUTCHAR

  -------         MODULE        GETCHAR
  B:0021H.3       PUBLIC        ?C?CHARLOADED
  X:0514H         PUBLIC        ?_UNGETCHAR?BYTE
  C:73D0H         PUBLIC        GETCHAR
  -------         ENDMOD        GETCHAR

  -------         MODULE        UNGETC
  C:74BBH         PUBLIC        _UNGETCHAR
  -------         ENDMOD        UNGETC

  -------         MODULE        ISSPACE
  C:73E4H         PUBLIC        _isspace
  -------         ENDMOD        ISSPACE

  -------         MODULE        ?C?STRCPY
BL51 BANKED LINKER/LOCATER V6.22                                                      06/27/2020  18:06:15  PAGE 66


  C:1859H         PUBLIC        ?C?STRCPY
  -------         ENDMOD        ?C?STRCPY

  -------         MODULE        STRLEN
  C:737FH         PUBLIC        _STRLEN
  -------         ENDMOD        STRLEN

  -------         MODULE        ?C?MEMSET
  C:1876H         PUBLIC        ?C?MEMSET
  -------         ENDMOD        ?C?MEMSET

  -------         MODULE        ?C?UIDIV
  C:18A2H         PUBLIC        ?C?UIDIV
  -------         ENDMOD        ?C?UIDIV

  -------         MODULE        ?C?LSTIDATA
  C:18F7H         PUBLIC        ?C?LSTIDATA
  -------         ENDMOD        ?C?LSTIDATA

  -------         MODULE        ?C?LSTPDATA
  C:1903H         PUBLIC        ?C?LSTPDATA
  -------         ENDMOD        ?C?LSTPDATA

  -------         MODULE        _GETKEY
  C:748DH         PUBLIC        _GETKEY
  -------         ENDMOD        _GETKEY

*** WARNING L16: UNCALLED SEGMENT, IGNORED FOR OVERLAY PROCESS
    SEGMENT: ?PR?SETUP_UART4?Z_MAIN

*** WARNING L16: UNCALLED SEGMENT, IGNORED FOR OVERLAY PROCESS
    SEGMENT: ?PR?HANDLE_UART?Z_MAIN

*** WARNING L16: UNCALLED SEGMENT, IGNORED FOR OVERLAY PROCESS
    SEGMENT: ?PR?LOOP_VOL_WARNING?Z_MAIN

*** WARNING L16: UNCALLED SEGMENT, IGNORED FOR OVERLAY PROCESS
    SEGMENT: ?PR?LOOP_OLED?Z_MAIN

*** WARNING L16: UNCALLED SEGMENT, IGNORED FOR OVERLAY PROCESS
    SEGMENT: ?PR?_ABS_INT?Z_GLOBAL

*** WARNING L16: UNCALLED SEGMENT, IGNORED FOR OVERLAY PROCESS
    SEGMENT: ?PR?TIMER1_INIT?Z_TIMER

*** WARNING L16: UNCALLED SEGMENT, IGNORED FOR OVERLAY PROCESS
    SEGMENT: ?PR?GET_UART_TIMEOUT?Z_UART

*** WARNING L16: UNCALLED SEGMENT, IGNORED FOR OVERLAY PROCESS
    SEGMENT: ?PR?UART1_CLOSE?Z_UART

*** WARNING L16: UNCALLED SEGMENT, IGNORED FOR OVERLAY PROCESS
    SEGMENT: ?PR?UART2_CLOSE?Z_UART

*** WARNING L16: UNCALLED SEGMENT, IGNORED FOR OVERLAY PROCESS
    SEGMENT: ?PR?UART4_CLOSE?Z_UART

BL51 BANKED LINKER/LOCATER V6.22                                                      06/27/2020  18:06:15  PAGE 67


*** WARNING L16: UNCALLED SEGMENT, IGNORED FOR OVERLAY PROCESS
    SEGMENT: ?PR?_SPIFLASHWRITE?Z_W25Q64

*** WARNING L16: UNCALLED SEGMENT, IGNORED FOR OVERLAY PROCESS
    SEGMENT: ?PR?OLED_ON?Z_OLED

*** WARNING L16: UNCALLED SEGMENT, IGNORED FOR OVERLAY PROCESS
    SEGMENT: ?PR?OLED_OFF?Z_OLED

*** WARNING L16: UNCALLED SEGMENT, IGNORED FOR OVERLAY PROCESS
    SEGMENT: ?PR?OLED_TEST?Z_OLED

Program Size: data=29.4 xdata=1301 code=29961
LINK/LOCATE RUN COMPLETE.  14 WARNING(S),  0 ERROR(S)
