BL51 BANKED LINKER/LOCATER V6.22.2.0                                                    07/09/2022  18:24:19  PAGE 1


BL51 BANKED LINKER/LOCATER V6.22.2.0, INVOKED BY:
C:\KEIL_V5\C51\BIN\BL51.EXE .\obj\z_main.obj, .\obj\z_adc.obj, .\obj\z_delay.obj, .\obj\z_global.obj, .\obj\z_gpio.obj, 
>> .\obj\z_ps2.obj, .\obj\z_timer.obj, .\obj\z_uart.obj, .\obj\z_w25q64.obj, .\obj\z_sensor.obj, .\obj\z_kinematics.obj 
>> TO .\obj\Jibot1-51 PRINT (.\lst\Jibot1-51.m51)


MEMORY MODEL: LARGE WITH FLOATING POINT ARITHMETIC


INPUT MODULES INCLUDED:
  .\obj\z_main.obj (Z_MAIN)
  .\obj\z_adc.obj (Z_ADC)
  .\obj\z_delay.obj (Z_DELAY)
  .\obj\z_global.obj (Z_GLOBAL)
  .\obj\z_gpio.obj (Z_GPIO)
  .\obj\z_ps2.obj (Z_PS2)
  .\obj\z_timer.obj (Z_TIMER)
  .\obj\z_uart.obj (Z_UART)
  .\obj\z_w25q64.obj (Z_W25Q64)
  .\obj\z_sensor.obj (Z_SENSOR)
  .\obj\z_kinematics.obj (Z_KINEMATICS)
  C:\KEIL_V5\C51\LIB\C51FPL.LIB (?C?FPADD)
  C:\KEIL_V5\C51\LIB\C51FPL.LIB (?C?FPMUL)
  C:\KEIL_V5\C51\LIB\C51FPL.LIB (?C?FPDIV)
  C:\KEIL_V5\C51\LIB\C51FPL.LIB (?C?FPCMP)
  C:\KEIL_V5\C51\LIB\C51FPL.LIB (?C?FPNEG)
  C:\KEIL_V5\C51\LIB\C51FPL.LIB (?C?FCAST)
  C:\KEIL_V5\C51\LIB\C51FPL.LIB (?C?CASTF)
  C:\KEIL_V5\C51\LIB\C51FPL.LIB (PRINTF)
  C:\KEIL_V5\C51\LIB\C51FPL.LIB (SCANF)
  C:\KEIL_V5\C51\LIB\C51FPL.LIB (SQRT)
  C:\KEIL_V5\C51\LIB\C51FPL.LIB (SIN)
  C:\KEIL_V5\C51\LIB\C51FPL.LIB (ATAN)
  C:\KEIL_V5\C51\LIB\C51FPL.LIB (ACOS)
  C:\KEIL_V5\C51\LIB\C51FPL.LIB (?C?FPGETOPN)
  C:\KEIL_V5\C51\LIB\C51FPL.LIB (?C?FPROUND)
  C:\KEIL_V5\C51\LIB\C51FPL.LIB (?C?FPCONVERT)
  C:\KEIL_V5\C51\LIB\C51FPL.LIB (?C?ATOF)
  C:\KEIL_V5\C51\LIB\C51FPL.LIB (?C?FPSERIES)
  C:\KEIL_V5\C51\LIB\C51FPL.LIB (?C?FTNPWR)
  C:\KEIL_V5\C51\LIB\C51L.LIB (?C_STARTUP)
  C:\KEIL_V5\C51\LIB\C51L.LIB (?C?COPY)
  C:\KEIL_V5\C51\LIB\C51L.LIB (?C?CLDPTR)
  C:\KEIL_V5\C51\LIB\C51L.LIB (?C?CLDOPTR)
  C:\KEIL_V5\C51\LIB\C51L.LIB (?C?CSTPTR)
  C:\KEIL_V5\C51\LIB\C51L.LIB (?C?CSTOPTR)
  C:\KEIL_V5\C51\LIB\C51L.LIB (?C?IMUL)
  C:\KEIL_V5\C51\LIB\C51L.LIB (?C?SIDIV)
  C:\KEIL_V5\C51\LIB\C51L.LIB (?C?IILDX)
  C:\KEIL_V5\C51\LIB\C51L.LIB (?C?ILDIX)
  C:\KEIL_V5\C51\LIB\C51L.LIB (?C?ILDPTR)
  C:\KEIL_V5\C51\LIB\C51L.LIB (?C?ILDOPTR)
  C:\KEIL_V5\C51\LIB\C51L.LIB (?C?ISTPTR)
  C:\KEIL_V5\C51\LIB\C51L.LIB (?C?ISTOPTR)
  C:\KEIL_V5\C51\LIB\C51L.LIB (?C?ULDIV)
  C:\KEIL_V5\C51\LIB\C51L.LIB (?C?LNEG)
  C:\KEIL_V5\C51\LIB\C51L.LIB (?C?ULCMP)
  C:\KEIL_V5\C51\LIB\C51L.LIB (?C?ULSHR)
BL51 BANKED LINKER/LOCATER V6.22.2.0                                                  07/09/2022  18:24:19  PAGE 2


  C:\KEIL_V5\C51\LIB\C51L.LIB (?C?LSHL)
  C:\KEIL_V5\C51\LIB\C51L.LIB (?C?LLDPTR)
  C:\KEIL_V5\C51\LIB\C51L.LIB (?C?LLDOPTR)
  C:\KEIL_V5\C51\LIB\C51L.LIB (?C?LSTPTR)
  C:\KEIL_V5\C51\LIB\C51L.LIB (?C?LSTOPTR)
  C:\KEIL_V5\C51\LIB\C51L.LIB (?C?LLDXDATA)
  C:\KEIL_V5\C51\LIB\C51L.LIB (?C?LLDCODE)
  C:\KEIL_V5\C51\LIB\C51L.LIB (?C?LLDXDATA0)
  C:\KEIL_V5\C51\LIB\C51L.LIB (?C?LLDCODE0)
  C:\KEIL_V5\C51\LIB\C51L.LIB (?C?LSTXDATA)
  C:\KEIL_V5\C51\LIB\C51L.LIB (?C?LSTKXDATA)
  C:\KEIL_V5\C51\LIB\C51L.LIB (?C?OFFXADD)
  C:\KEIL_V5\C51\LIB\C51L.LIB (?C?PLDXDATA)
  C:\KEIL_V5\C51\LIB\C51L.LIB (?C?PLDIXDATA)
  C:\KEIL_V5\C51\LIB\C51L.LIB (?C?PILDXDATA)
  C:\KEIL_V5\C51\LIB\C51L.LIB (?C?PSTXDATA)
  C:\KEIL_V5\C51\LIB\C51L.LIB (?C?CCASE)
  C:\KEIL_V5\C51\LIB\C51L.LIB (PUTCHAR)
  C:\KEIL_V5\C51\LIB\C51L.LIB (GETCHAR)
  C:\KEIL_V5\C51\LIB\C51L.LIB (UNGETC)
  C:\KEIL_V5\C51\LIB\C51L.LIB (ISSPACE)
  C:\KEIL_V5\C51\LIB\C51L.LIB (?C?STRCPY)
  C:\KEIL_V5\C51\LIB\C51L.LIB (STRLEN)
  C:\KEIL_V5\C51\LIB\C51L.LIB (?C?MEMSET)
  C:\KEIL_V5\C51\LIB\C51L.LIB (?C_INIT)
  C:\KEIL_V5\C51\LIB\C51L.LIB (?C?UIDIV)
  C:\KEIL_V5\C51\LIB\C51L.LIB (?C?LLDIDATA)
  C:\KEIL_V5\C51\LIB\C51L.LIB (?C?LLDPDATA)
  C:\KEIL_V5\C51\LIB\C51L.LIB (?C?LSTIDATA)
  C:\KEIL_V5\C51\LIB\C51L.LIB (?C?LSTPDATA)
  C:\KEIL_V5\C51\LIB\C51L.LIB (_GETKEY)


LINK MAP OF MODULE:  .\obj\Jibot1-51 (Z_MAIN)


            TYPE    BASE      LENGTH    RELOCATION   SEGMENT NAME
            -----------------------------------------------------

            * * * * * * *   D A T A   M E M O R Y   * * * * * * *
            REG     0000H     0008H     ABSOLUTE     "REG BANK 0"
                    0008H     0008H                  *** GAP ***
            REG     0010H     0008H     ABSOLUTE     "REG BANK 2"
                    0018H     0008H                  *** GAP ***
            BIT     0020H.0   0001H.3   UNIT         _BIT_GROUP_
            BIT     0021H.3   0000H.1   UNIT         ?BI?GETCHAR
                    0021H.4   0000H.4                *** GAP ***
            DATA    0022H     000BH     UNIT         _DATA_GROUP_
            IDATA   002DH     0001H     UNIT         ?STACK

            * * * * * * *  X D A T A   M E M O R Y  * * * * * * *
            XDATA   0000H     03A2H     UNIT         ?XD?Z_GLOBAL
            XDATA   03A2H     00AAH     UNIT         ?XD?Z_MAIN
            XDATA   044CH     0078H     UNIT         _XDATA_GROUP_
            XDATA   04C4H     0010H     UNIT         ?XD?Z_UART
            XDATA   04D4H     000FH     UNIT         ?XD?_SPIFLASHWRITE?Z_W25Q64
            XDATA   04E3H     000AH     UNIT         ?XD?_SELECTION_SORT?Z_GLOBAL
BL51 BANKED LINKER/LOCATER V6.22.2.0                                                  07/09/2022  18:24:19  PAGE 3


            XDATA   04EDH     0009H     UNIT         ?XD?_SPIFLASHWRITESECTOR?Z_W25Q64
            XDATA   04F6H     0006H     UNIT         ?XD?CHECK_DJ_STATE?Z_MAIN
            XDATA   04FCH     0006H     UNIT         ?XD?Z_TIMER
            XDATA   0502H     0005H     UNIT         ?XD?_SPIFLASHWRITECHAR?Z_W25Q64
            XDATA   0507H     0004H     UNIT         ?XD?_SPIFLASHREADCHAR?Z_W25Q64
            XDATA   050BH     0001H     UNIT         ?XD?Z_W25Q64
            XDATA   050CH     0001H     UNIT         ?XD?GETCHAR

            * * * * * * *   C O D E   M E M O R Y   * * * * * * *
            CODE    0000H     0003H     ABSOLUTE     
            CODE    0003H     0008H     UNIT         ?PR?SPIFLASHWAITBUSY?Z_W25Q64
            CODE    000BH     0003H     ABSOLUTE     
            CODE    000EH     000DH     UNIT         ?PR?DJ_IO_INIT?Z_GPIO
            CODE    001BH     0003H     ABSOLUTE     
            CODE    001EH     0004H     UNIT         ?PR?SOFT_RESET?Z_MAIN
            CODE    0022H     0001H     UNIT         ?PR?HANDLE_UART?Z_MAIN
            CODE    0023H     0003H     ABSOLUTE     
            CODE    0026H     001DH     UNIT         ?PR?_UART1_SEND_BYTE?Z_UART
            CODE    0043H     0003H     ABSOLUTE     
            CODE    0046H     004DH     UNIT         ?PR?_SPIFLASHWRITECHAR?Z_W25Q64
            CODE    0093H     0003H     ABSOLUTE     
            CODE    0096H     0004H     UNIT         ?PR?UART2_OPEN?Z_UART
            CODE    009AH     0001H     UNIT         ?PR?SETUP_SENSOR?Z_SENSOR
            CODE    009BH     0003H     ABSOLUTE     
            CODE    009EH     0C9BH     UNIT         ?C?LIB_CODE
            CODE    0D39H     0A69H     UNIT         ?PR?_PARSE_ACTION?Z_MAIN
            CODE    17A2H     0A0BH     UNIT         ?PR?_PARSE_CMD?Z_MAIN
            CODE    21ADH     0926H     UNIT         ?PR?_KINEMATICS_ANALYSIS?Z_KINEMATICS
            CODE    2AD3H     0773H     UNIT         ?CO?Z_MAIN
            CODE    3246H     0483H     UNIT         ?PR?PRINTF?PRINTF
            CODE    36C9H     035AH     UNIT         ?PR?SCANF?SCANF
            CODE    3A23H     0336H     UNIT         ?PR?_PARSE_PSX_BUF?Z_MAIN
            CODE    3D59H     025DH     UNIT         ?PR?LOOP_PS2_JOYSTICK?Z_MAIN
            CODE    3FB6H     01E0H     UNIT         ?PR?_ACTION_SAVE?Z_MAIN
            CODE    4196H     018EH     UNIT         ?PR?_KINEMATICS_MOVE?Z_MAIN
            CODE    4324H     0188H     UNIT         ?PR?LOOP_BT_ONCE?Z_MAIN
            CODE    44ACH     0188H     UNIT         ?PR?SIN?SIN
            CODE    4634H     0171H     UNIT         ?PR?_DUOJI_INC_HANDLE?Z_TIMER
            CODE    47A5H     016AH     UNIT         ?PR?_SET_SERVO?Z_MAIN
            CODE    490FH     013FH     UNIT         ?PR?_SELECTION_SORT?Z_GLOBAL
            CODE    4A4EH     013EH     UNIT         ?PR?LOOP_PS2_CAR?Z_MAIN
            CODE    4B8CH     0129H     UNIT         ?PR?T0_IRQ?Z_TIMER
            CODE    4CB5H     0129H     UNIT         ?PR?_SPIFLASHWRITE?Z_W25Q64
            CODE    4DDEH     0122H     UNIT         ?PR?ATAN?ATAN
            CODE    4F00H     011FH     UNIT         ?PR?UART1?Z_UART
            CODE    501FH     011DH     UNIT         ?PR?_GETMAXTIME?Z_MAIN
            CODE    513CH     0119H     UNIT         ?PR?_STR_CONTAIN_STR?Z_GLOBAL
            CODE    5255H     0119H     UNIT         ?PR?UART2_INT?Z_UART
            CODE    536EH     0119H     UNIT         ?PR?UART4?Z_UART
            CODE    5487H     010CH     UNIT         ?PR?LOOP_ACTION?Z_MAIN
            CODE    5593H     00EAH     UNIT         ?PR?_SPIFLASHWRITENOCHECK?Z_W25Q64
            CODE    567DH     00E6H     UNIT         ?PR??C?ATOF??C?ATOF
            CODE    5763H     00C6H     UNIT         ?PR?_ERASE_SECTOR?Z_MAIN
            CODE    5829H     00C4H     UNIT         ?PR?SETUP_START?Z_MAIN
            CODE    58EDH     00BDH     UNIT         ?C_INITSEG
            CODE    59AAH     00B0H     UNIT         ?PR?_PSX_WRITE_READ?Z_PS2
            CODE    5A5AH     00AEH     UNIT         ?PR?SETUP_W25Q64?Z_MAIN
BL51 BANKED LINKER/LOCATER V6.22.2.0                                                  07/09/2022  18:24:19  PAGE 4


            CODE    5B08H     00ACH     UNIT         ?PR?SQRT?SQRT
            CODE    5BB4H     00ABH     UNIT         ?PR?_PRINT_GROUP?Z_MAIN
            CODE    5C5FH     00A9H     UNIT         ?PR?_SPIFLASHWRITEPAGE?Z_W25Q64
            CODE    5D08H     00A7H     UNIT         ?PR?_SETUP_KINEMATICS?Z_KINEMATICS
            CODE    5DAFH     00A6H     UNIT         ?PR?MAIN?Z_MAIN
            CODE    5E55H     008CH     UNIT         ?PR?_GET_ACTION_INDEX?Z_MAIN
            CODE    5EE1H     008CH     UNIT         ?C_C51STARTUP
            CODE    5F6DH     008BH     UNIT         ?PR?SETUP_SERVO_BIAS?Z_MAIN
            CODE    5FF8H     0085H     UNIT         ?PR?_SPIFLASHREAD?Z_W25Q64
            CODE    607DH     0080H     UNIT         ?PR?CHECK_DJ_STATE?Z_MAIN
            CODE    60FDH     0073H     UNIT         ?PR?_DO_GROUP_ONCE?Z_MAIN
            CODE    6170H     0068H     UNIT         ?PR?_SPIFLASHERASESECTOR?Z_W25Q64
            CODE    61D8H     0061H     UNIT         ?PR?_UART4_INIT?Z_UART
            CODE    6239H     0060H     UNIT         ?PR?_UART1_INIT?Z_UART
            CODE    6299H     0060H     UNIT         ?PR?_SPIFLASHWRITESECTOR?Z_W25Q64
            CODE    62F9H     005EH     UNIT         ?PR?_UART2_INIT?Z_UART
            CODE    6357H     005DH     UNIT         ?PR?_PSX_TRANSFER?Z_PS2
            CODE    63B4H     0059H     UNIT         ?PR?LOOP_UART?Z_MAIN
            CODE    640DH     0059H     UNIT         ?PR?_BEEP_ON_TIMES?Z_GPIO
            CODE    6466H     0058H     UNIT         ?PR?GLOBAL_INIT?Z_GLOBAL
            CODE    64BEH     0056H     UNIT         ?PR?_TIMER0_RESET?Z_TIMER
            CODE    6514H     004CH     UNIT         ?PR?LOOP_MONITOR?Z_MAIN
            CODE    6560H     004BH     UNIT         ?PR?T3_IRQ?Z_TIMER
            CODE    65ABH     004AH     UNIT         ?PR?ACOS?ACOS
            CODE    65F5H     0043H     UNIT         ?PR?_INT_EXCHANGE?Z_MAIN
            CODE    6638H     0041H     UNIT         ?PR?_ABS_FLOAT?Z_TIMER
            CODE    6679H     003DH     UNIT         ?PR?LOOP_PS2_DATA?Z_MAIN
            CODE    66B6H     003DH     UNIT         ?PR?_CAR_SET?Z_MAIN
            CODE    66F3H     003BH     UNIT         ?PR?_UART1_SEND_STR?Z_UART
            CODE    672EH     0038H     UNIT         ?PR?_DJ_IO_SET?Z_GPIO
            CODE    6766H     0037H     UNIT         ?PR?LOOP_NLED?Z_MAIN
            CODE    679DH     0037H     UNIT         ?PR?LOOP_PS2_BUTTON?Z_MAIN
            CODE    67D4H     0037H     UNIT         ?PR?_ZX_UART_SEND_STR?Z_UART
            CODE    680BH     0035H     UNIT         ?PR?_SPIFLASHREADCHAR?Z_W25Q64
            CODE    6840H     0033H     UNIT         ?PR?_UART4_SEND_STR?Z_UART
            CODE    6873H     002FH     UNIT         ?PR?_UART2_SEND_BYTE?Z_UART
            CODE    68A2H     002AH     UNIT         ?PR?SPIFLASHREADID?Z_W25Q64
            CODE    68CCH     0028H     UNIT         ?PR?_ADC_READ?Z_ADC
            CODE    68F4H     0028H     UNIT         ?PR?AI_JIAQU?Z_SENSOR
            CODE    691CH     0027H     UNIT         ?PR?PUTCHAR?PUTCHAR
            CODE    6943H     0025H     UNIT         ?PR?REWRITE_EEPROM?Z_MAIN
            CODE    6968H     0024H     UNIT         ?PR?_UART2_SEND_STR?Z_UART
            CODE    698CH     0021H     UNIT         ?PR?T1_IRQ?Z_TIMER
            CODE    69ADH     0020H     UNIT         ?PR?_MDELAY?Z_DELAY
            CODE    69CDH     0020H     UNIT         ?PR?_UART4_SEND_BYTE?Z_UART
            CODE    69EDH     001EH     UNIT         ?PR?_SPIWRITEREAD?Z_W25Q64
            CODE    6A0BH     001CH     UNIT         ?PR?SPIFLASHINIT?Z_W25Q64
            CODE    6A27H     001BH     UNIT         ?PR?IO_INIT?Z_GPIO
            CODE    6A42H     0019H     UNIT         ?PR?_REPLACE_CHAR?Z_MAIN
            CODE    6A5BH     0018H     UNIT         ?PR?TIMER0_INIT?Z_TIMER
            CODE    6A73H     0017H     UNIT         ?PR?SETUP_UART1?Z_MAIN
            CODE    6A8AH     0017H     UNIT         ?PR?SETUP_UART2?Z_MAIN
            CODE    6AA1H     0017H     UNIT         ?PR?SETUP_UART4?Z_MAIN
            CODE    6AB8H     0015H     UNIT         ?PR?_ADC_INIT?Z_ADC
            CODE    6ACDH     0015H     UNIT         ?PR?_STRLEN?STRLEN
            CODE    6AE2H     0014H     UNIT         ?PR?___ABS_INT?Z_MAIN
            CODE    6AF6H     0014H     UNIT         ?PR?_ABS_INT?Z_GLOBAL
BL51 BANKED LINKER/LOCATER V6.22.2.0                                                  07/09/2022  18:24:19  PAGE 5


            CODE    6B0AH     0014H     UNIT         ?PR?TIMER1_INIT?Z_TIMER
            CODE    6B1EH     0014H     UNIT         ?PR?GETCHAR?GETCHAR
            CODE    6B32H     0014H     UNIT         ?PR?_ISSPACE?ISSPACE
            CODE    6B46H     0013H     UNIT         ?PR?_UDELAY?Z_DELAY
            CODE    6B59H     0012H     UNIT         ?PR?TIMER3_INIT?Z_TIMER
            CODE    6B6BH     0012H     UNIT         ?PR?SPIFLASHERASECHIP?Z_W25Q64
            CODE    6B7DH     0011H     UNIT         ?PR?_SPIFLASHWRITESR?Z_W25Q64
            CODE    6B8EH     0010H     UNIT         ?PR?__DELAY_US?Z_W25Q64
            CODE    6B9EH     0010H     UNIT         ?PR?SPIFLASHPOWERDOWN?Z_W25Q64
            CODE    6BAEH     0010H     UNIT         ?PR?SPIFLASHWAKEUP?Z_W25Q64
            CODE    6BBEH     000FH     UNIT         ?PR?MILLIS?Z_TIMER
            CODE    6BCDH     000FH     UNIT         ?PR?GET_UART_TIMEOUT?Z_UART
            CODE    6BDCH     000FH     UNIT         ?PR?SPIFLASHREADSR?Z_W25Q64
            CODE    6BEBH     000CH     UNIT         ?CO?Z_SENSOR
            CODE    6BF7H     000BH     UNIT         ?PR?_DELAY?Z_DELAY
            CODE    6C02H     000BH     UNIT         ?PR?_PS2_DELAY?Z_PS2
            CODE    6C0DH     000AH     UNIT         ?PR?SPIFLASHWRITEENABLE?Z_W25Q64
            CODE    6C17H     000AH     UNIT         ?PR?SPIFLASHWRITEDISABLE?Z_W25Q64
            CODE    6C21H     000AH     UNIT         ?PR?_GETKEY?_GETKEY
            CODE    6C2BH     0008H     UNIT         ?PR?GETCHAR?UNGETCHAR
            CODE    6C33H     0007H     UNIT         ?PR?PSX_INIT?Z_PS2
            CODE    6C3AH     0007H     UNIT         ?PR?SPISETSPEEDLOW?Z_W25Q64
            CODE    6C41H     0006H     UNIT         ?PR?SETUP_INTERRUPT?Z_MAIN
            CODE    6C47H     0004H     UNIT         ?PR?UART2_CLOSE?Z_UART
            CODE    6C4BH     0004H     UNIT         ?PR?UART4_OPEN?Z_UART
            CODE    6C4FH     0004H     UNIT         ?PR?UART4_CLOSE?Z_UART
            CODE    6C53H     0004H     UNIT         ?PR?SPISETSPEEDHIGH?Z_W25Q64
            CODE    6C57H     0003H     UNIT         ?PR?SETUP_GLOBAL?Z_MAIN
            CODE    6C5AH     0003H     UNIT         ?PR?SETUP_GPIO?Z_MAIN
            CODE    6C5DH     0003H     UNIT         ?PR?SETUP_NLED?Z_MAIN
            CODE    6C60H     0003H     UNIT         ?PR?SETUP_BEEP?Z_MAIN
            CODE    6C63H     0003H     UNIT         ?PR?SETUP_DJIO?Z_MAIN
            CODE    6C66H     0003H     UNIT         ?PR?SETUP_PS2?Z_MAIN
            CODE    6C69H     0003H     UNIT         ?PR?SETUP_DJ_TIMER?Z_MAIN
            CODE    6C6CH     0003H     UNIT         ?PR?SETUP_SYSTICK?Z_MAIN
            CODE    6C6FH     0003H     UNIT         ?PR?UART1_OPEN?Z_UART
            CODE    6C72H     0003H     UNIT         ?PR?UART1_CLOSE?Z_UART



OVERLAY MAP OF MODULE:   .\obj\Jibot1-51 (Z_MAIN)


SEGMENT                                          BIT_GROUP          DATA_GROUP          XDATA_GROUP
  +--> CALLED SEGMENT                         START    LENGTH     START    LENGTH     START    LENGTH
-----------------------------------------------------------------------------------------------------
?PR?T0_IRQ?Z_TIMER                            -----    -----      -----    -----      -----    -----
  +--> ?PR?MILLIS?Z_TIMER
  +--> ?PR?_TIMER0_RESET?Z_TIMER
  +--> ?PR?_DJ_IO_SET?Z_GPIO
  +--> ?PR?_DUOJI_INC_HANDLE?Z_TIMER

?PR?_TIMER0_RESET?Z_TIMER                     -----    -----      -----    -----      044CH    0002H

?PR?_DUOJI_INC_HANDLE?Z_TIMER                 -----    -----      -----    -----      044CH    0003H
  +--> ?PR?_ABS_FLOAT?Z_TIMER

BL51 BANKED LINKER/LOCATER V6.22.2.0                                                  07/09/2022  18:24:19  PAGE 6


?PR?_ABS_FLOAT?Z_TIMER                        -----    -----      -----    -----      044FH    0004H

*** NEW ROOT ***************************************************

?PR?UART2_INT?Z_UART                          -----    -----      -----    -----      -----    -----
  +--> ?PR?MILLIS?Z_TIMER

*** NEW ROOT ***************************************************

?PR?UART4?Z_UART                              -----    -----      -----    -----      -----    -----
  +--> ?PR?MILLIS?Z_TIMER

*** NEW ROOT ***************************************************

?C_C51STARTUP                                 -----    -----      -----    -----      -----    -----
  +--> ?PR?MAIN?Z_MAIN
  +--> ?C_INITSEG

?PR?MAIN?Z_MAIN                               -----    -----      -----    -----      -----    -----
  +--> ?PR?SETUP_GLOBAL?Z_MAIN
  +--> ?PR?SETUP_GPIO?Z_MAIN
  +--> ?PR?SETUP_DJIO?Z_MAIN
  +--> ?PR?SETUP_NLED?Z_MAIN
  +--> ?PR?SETUP_BEEP?Z_MAIN
  +--> ?PR?SETUP_W25Q64?Z_MAIN
  +--> ?PR?SETUP_PS2?Z_MAIN
  +--> ?PR?SETUP_UART1?Z_MAIN
  +--> ?PR?SETUP_UART2?Z_MAIN
  +--> ?PR?SETUP_SYSTICK?Z_MAIN
  +--> ?PR?SETUP_SERVO_BIAS?Z_MAIN
  +--> ?PR?SETUP_DJ_TIMER?Z_MAIN
  +--> ?PR?SETUP_INTERRUPT?Z_MAIN
  +--> ?PR?SETUP_SENSOR?Z_SENSOR
  +--> ?PR?SETUP_START?Z_MAIN
  +--> ?PR?_SETUP_KINEMATICS?Z_KINEMATICS
  +--> ?PR?LOOP_NLED?Z_MAIN
  +--> ?PR?LOOP_UART?Z_MAIN
  +--> ?PR?MILLIS?Z_TIMER
  +--> ?PR?LOOP_ACTION?Z_MAIN
  +--> ?PR?LOOP_BT_ONCE?Z_MAIN
  +--> ?PR?LOOP_PS2_DATA?Z_MAIN
  +--> ?PR?LOOP_PS2_BUTTON?Z_MAIN
  +--> ?PR?LOOP_MONITOR?Z_MAIN

?PR?SETUP_GLOBAL?Z_MAIN                       -----    -----      -----    -----      -----    -----
  +--> ?PR?GLOBAL_INIT?Z_GLOBAL

?PR?SETUP_GPIO?Z_MAIN                         -----    -----      -----    -----      -----    -----
  +--> ?PR?IO_INIT?Z_GPIO

?PR?SETUP_DJIO?Z_MAIN                         -----    -----      -----    -----      -----    -----
  +--> ?PR?DJ_IO_INIT?Z_GPIO

?PR?SETUP_W25Q64?Z_MAIN                       -----    -----      -----    -----      -----    -----
  +--> ?PR?SPIFLASHINIT?Z_W25Q64
  +--> ?PR?SPIFLASHREADID?Z_W25Q64
  +--> ?PR?_SPIFLASHREAD?Z_W25Q64
BL51 BANKED LINKER/LOCATER V6.22.2.0                                                  07/09/2022  18:24:19  PAGE 7


  +--> ?CO?Z_MAIN

?PR?SPIFLASHREADID?Z_W25Q64                   -----    -----      -----    -----      -----    -----
  +--> ?PR?_SPIWRITEREAD?Z_W25Q64

?PR?_SPIFLASHREAD?Z_W25Q64                    -----    -----      -----    -----      046BH    0009H
  +--> ?PR?_SPIWRITEREAD?Z_W25Q64

?PR?SETUP_PS2?Z_MAIN                          -----    -----      -----    -----      -----    -----
  +--> ?PR?PSX_INIT?Z_PS2

?PR?SETUP_UART1?Z_MAIN                        -----    -----      -----    -----      -----    -----
  +--> ?PR?_UART1_INIT?Z_UART
  +--> ?PR?UART1_OPEN?Z_UART
  +--> ?CO?Z_MAIN
  +--> ?PR?_UART1_SEND_STR?Z_UART

?PR?_UART1_INIT?Z_UART                        -----    -----      -----    -----      0453H    0004H

?PR?_UART1_SEND_STR?Z_UART                    -----    -----      -----    -----      0483H    0003H
  +--> ?PR?_UART1_SEND_BYTE?Z_UART

?PR?SETUP_UART2?Z_MAIN                        -----    -----      -----    -----      -----    -----
  +--> ?PR?_UART2_INIT?Z_UART
  +--> ?PR?UART2_OPEN?Z_UART
  +--> ?CO?Z_MAIN
  +--> ?PR?_UART2_SEND_STR?Z_UART

?PR?_UART2_INIT?Z_UART                        -----    -----      -----    -----      0453H    0004H

?PR?_UART2_SEND_STR?Z_UART                    -----    -----      -----    -----      0453H    0003H
  +--> ?PR?_UART2_SEND_BYTE?Z_UART

?PR?SETUP_SYSTICK?Z_MAIN                      -----    -----      -----    -----      -----    -----
  +--> ?PR?TIMER3_INIT?Z_TIMER

?PR?SETUP_DJ_TIMER?Z_MAIN                     -----    -----      -----    -----      -----    -----
  +--> ?PR?TIMER0_INIT?Z_TIMER

?PR?SETUP_START?Z_MAIN                        -----    -----      -----    -----      -----    -----
  +--> ?PR?_MDELAY?Z_DELAY
  +--> ?PR?_PARSE_CMD?Z_MAIN
  +--> ?PR?_STRLEN?STRLEN
  +--> ?PR?_PARSE_ACTION?Z_MAIN

?PR?_PARSE_CMD?Z_MAIN                         -----    -----      -----    -----      0456H    0011H
  +--> ?PR?_UART1_SEND_STR?Z_UART
  +--> ?CO?Z_MAIN
  +--> ?PR?_STR_CONTAIN_STR?Z_GLOBAL
  +--> ?PR?_ZX_UART_SEND_STR?Z_UART
  +--> ?PR?_CAR_SET?Z_MAIN
  +--> ?PR?SCANF?SCANF
  +--> ?PR?PRINTF?PRINTF
  +--> ?PR?SOFT_RESET?Z_MAIN
  +--> ?PR?_PRINT_GROUP?Z_MAIN
  +--> ?PR?_ERASE_SECTOR?Z_MAIN
  +--> ?PR?_DO_GROUP_ONCE?Z_MAIN
BL51 BANKED LINKER/LOCATER V6.22.2.0                                                  07/09/2022  18:24:19  PAGE 8


  +--> ?PR?_BEEP_ON_TIMES?Z_GPIO
  +--> ?PR?_PARSE_ACTION?Z_MAIN
  +--> ?PR?_KINEMATICS_MOVE?Z_MAIN
  +--> ?PR?_MDELAY?Z_DELAY

?PR?_STR_CONTAIN_STR?Z_GLOBAL                 -----    -----      -----    -----      0467H    000CH

?PR?_ZX_UART_SEND_STR?Z_UART                  -----    -----      -----    -----      0467H    0003H
  +--> ?PR?_UART2_SEND_BYTE?Z_UART

?PR?_CAR_SET?Z_MAIN                           -----    -----      -----    -----      -----    -----
  +--> ?CO?Z_MAIN
  +--> ?PR?PRINTF?PRINTF
  +--> ?PR?_ZX_UART_SEND_STR?Z_UART

?PR?PRINTF?PRINTF                             0020H.0  0001H.1    0022H    0005H      0483H    0030H
  +--> ?PR?PUTCHAR?PUTCHAR

?PR?SCANF?SCANF                               0020H.0  0000H.6    0022H    0009H      0467H    002EH
  +--> ?PR?GETCHAR?UNGETCHAR
  +--> ?PR?_ISSPACE?ISSPACE
  +--> ?PR?GETCHAR?GETCHAR
  +--> ?PR??C?ATOF??C?ATOF

?PR?GETCHAR?GETCHAR                           -----    -----      -----    -----      -----    -----
  +--> ?PR?_GETKEY?_GETKEY
  +--> ?PR?PUTCHAR?PUTCHAR

?PR??C?ATOF??C?ATOF                           0020H.6  0000H.5    002BH    0002H      -----    -----

?PR?_PRINT_GROUP?Z_MAIN                       -----    -----      -----    -----      0467H    0004H
  +--> ?PR?_INT_EXCHANGE?Z_MAIN
  +--> ?PR?_SPIFLASHREAD?Z_W25Q64
  +--> ?PR?_UART1_SEND_STR?Z_UART
  +--> ?CO?Z_MAIN

?PR?_INT_EXCHANGE?Z_MAIN                      -----    -----      -----    -----      046BH    0006H

?PR?_ERASE_SECTOR?Z_MAIN                      -----    -----      -----    -----      0467H    0004H
  +--> ?PR?_INT_EXCHANGE?Z_MAIN
  +--> ?PR?_SPIFLASHERASESECTOR?Z_W25Q64
  +--> ?CO?Z_MAIN
  +--> ?PR?PRINTF?PRINTF
  +--> ?PR?_UART1_SEND_STR?Z_UART

?PR?_SPIFLASHERASESECTOR?Z_W25Q64             -----    -----      -----    -----      046BH    0004H
  +--> ?PR?SPIFLASHWRITEENABLE?Z_W25Q64
  +--> ?PR?SPIFLASHWAITBUSY?Z_W25Q64
  +--> ?PR?_SPIWRITEREAD?Z_W25Q64

?PR?SPIFLASHWRITEENABLE?Z_W25Q64              -----    -----      -----    -----      -----    -----
  +--> ?PR?_SPIWRITEREAD?Z_W25Q64

?PR?SPIFLASHWAITBUSY?Z_W25Q64                 -----    -----      -----    -----      -----    -----
  +--> ?PR?SPIFLASHREADSR?Z_W25Q64

?PR?SPIFLASHREADSR?Z_W25Q64                   -----    -----      -----    -----      -----    -----
BL51 BANKED LINKER/LOCATER V6.22.2.0                                                  07/09/2022  18:24:19  PAGE 9


  +--> ?PR?_SPIWRITEREAD?Z_W25Q64

?PR?_DO_GROUP_ONCE?Z_MAIN                     -----    -----      -----    -----      0467H    0002H
  +--> ?PR?_SPIFLASHREAD?Z_W25Q64
  +--> ?PR?_GETMAXTIME?Z_MAIN
  +--> ?PR?_PARSE_ACTION?Z_MAIN
  +--> ?CO?Z_MAIN
  +--> ?PR?PRINTF?PRINTF

?PR?_GETMAXTIME?Z_MAIN                        -----    -----      -----    -----      0469H    0007H

?PR?_PARSE_ACTION?Z_MAIN                      -----    -----      -----    -----      0469H    0017H
  +--> ?PR?MILLIS?Z_TIMER

?PR?_BEEP_ON_TIMES?Z_GPIO                     -----    -----      -----    -----      0467H    0006H
  +--> ?PR?_MDELAY?Z_DELAY

?PR?_KINEMATICS_MOVE?Z_MAIN                   -----    -----      -----    -----      0467H    0016H
  +--> ?PR?_KINEMATICS_ANALYSIS?Z_KINEMATICS
  +--> ?PR?_SET_SERVO?Z_MAIN

?PR?_KINEMATICS_ANALYSIS?Z_KINEMATICS         -----    -----      -----    -----      047DH    0043H
  +--> ?PR?ATAN?ATAN
  +--> ?PR?SQRT?SQRT
  +--> ?PR?SIN?SIN
  +--> ?PR?ACOS?ACOS

?PR?ATAN?ATAN                                 0020H.0  0000H.2    -----    -----      04C0H    0004H

?PR?SQRT?SQRT                                 -----    -----      -----    -----      04C0H    0004H

?PR?SIN?SIN                                   0020H.0  0000H.1    -----    -----      04C0H    0004H

?PR?ACOS?ACOS                                 -----    -----      -----    -----      -----    -----
  +--> ?PR?SQRT?SQRT
  +--> ?PR?ATAN?ATAN

?PR?_SET_SERVO?Z_MAIN                         -----    -----      -----    -----      047DH    0006H
  +--> ?CO?Z_MAIN
  +--> ?PR?PRINTF?PRINTF
  +--> ?PR?_UART1_SEND_STR?Z_UART

?PR?_SETUP_KINEMATICS?Z_KINEMATICS            -----    -----      -----    -----      0453H    0013H

?PR?LOOP_NLED?Z_MAIN                          -----    -----      -----    -----      -----    -----
  +--> ?PR?MILLIS?Z_TIMER

?PR?LOOP_UART?Z_MAIN                          -----    -----      -----    -----      -----    -----
  +--> ?PR?_PARSE_CMD?Z_MAIN
  +--> ?PR?_PARSE_ACTION?Z_MAIN
  +--> ?PR?_ACTION_SAVE?Z_MAIN
  +--> ?PR?MILLIS?Z_TIMER

?PR?_ACTION_SAVE?Z_MAIN                       -----    -----      -----    -----      0453H    0005H
  +--> ?PR?REWRITE_EEPROM?Z_MAIN
  +--> ?CO?Z_MAIN
  +--> ?PR?SCANF?SCANF
BL51 BANKED LINKER/LOCATER V6.22.2.0                                                  07/09/2022  18:24:19  PAGE 10


  +--> ?PR?_SPIFLASHREAD?Z_W25Q64
  +--> ?PR?_STRLEN?STRLEN
  +--> ?PR?_GET_ACTION_INDEX?Z_MAIN
  +--> ?PR?_SPIFLASHERASESECTOR?Z_W25Q64
  +--> ?PR?_REPLACE_CHAR?Z_MAIN
  +--> ?PR?_SPIFLASHWRITENOCHECK?Z_W25Q64
  +--> ?PR?_UART1_SEND_STR?Z_UART

?PR?REWRITE_EEPROM?Z_MAIN                     -----    -----      -----    -----      -----    -----
  +--> ?PR?_SPIFLASHERASESECTOR?Z_W25Q64
  +--> ?PR?_SPIFLASHWRITENOCHECK?Z_W25Q64

?PR?_SPIFLASHWRITENOCHECK?Z_W25Q64            -----    -----      -----    -----      0458H    000BH
  +--> ?PR?_SPIFLASHWRITEPAGE?Z_W25Q64

?PR?_SPIFLASHWRITEPAGE?Z_W25Q64               -----    -----      -----    -----      0463H    0009H
  +--> ?PR?SPIFLASHWRITEENABLE?Z_W25Q64
  +--> ?PR?_SPIWRITEREAD?Z_W25Q64
  +--> ?PR?SPIFLASHWAITBUSY?Z_W25Q64

?PR?_GET_ACTION_INDEX?Z_MAIN                  -----    -----      -----    -----      0458H    0005H

?PR?_REPLACE_CHAR?Z_MAIN                      -----    -----      -----    -----      0458H    0005H

?PR?LOOP_ACTION?Z_MAIN                        -----    -----      -----    -----      -----    -----
  +--> ?PR?MILLIS?Z_TIMER
  +--> ?CO?Z_MAIN
  +--> ?PR?_UART1_SEND_STR?Z_UART
  +--> ?PR?_DO_GROUP_ONCE?Z_MAIN

?PR?LOOP_BT_ONCE?Z_MAIN                       -----    -----      -----    -----      -----    -----
  +--> ?PR?MILLIS?Z_TIMER
  +--> ?PR?_UART4_INIT?Z_UART
  +--> ?PR?UART4_OPEN?Z_UART
  +--> ?CO?Z_MAIN
  +--> ?PR?_UART4_SEND_STR?Z_UART

?PR?_UART4_INIT?Z_UART                        -----    -----      -----    -----      0453H    0004H

?PR?_UART4_SEND_STR?Z_UART                    -----    -----      -----    -----      0453H    0003H
  +--> ?PR?_UART4_SEND_BYTE?Z_UART

?PR?LOOP_PS2_DATA?Z_MAIN                      -----    -----      -----    -----      -----    -----
  +--> ?PR?MILLIS?Z_TIMER
  +--> ?PR?_PSX_WRITE_READ?Z_PS2

?PR?_PSX_WRITE_READ?Z_PS2                     -----    -----      -----    -----      0453H    0003H
  +--> ?PR?_PSX_TRANSFER?Z_PS2

?PR?_PSX_TRANSFER?Z_PS2                       -----    -----      -----    -----      -----    -----
  +--> ?PR?_PS2_DELAY?Z_PS2

?PR?LOOP_PS2_BUTTON?Z_MAIN                    -----    -----      -----    -----      -----    -----
  +--> ?PR?_PARSE_PSX_BUF?Z_MAIN

?PR?_PARSE_PSX_BUF?Z_MAIN                     -----    -----      -----    -----      0453H    0003H
  +--> ?CO?Z_MAIN
BL51 BANKED LINKER/LOCATER V6.22.2.0                                                  07/09/2022  18:24:19  PAGE 11


  +--> ?PR?_STRLEN?STRLEN
  +--> ?PR?_STR_CONTAIN_STR?Z_GLOBAL
  +--> ?PR?_PARSE_CMD?Z_MAIN
  +--> ?PR?_PARSE_ACTION?Z_MAIN
  +--> ?PR?_MDELAY?Z_DELAY

?PR?LOOP_MONITOR?Z_MAIN                       -----    -----      -----    -----      -----    -----
  +--> ?PR?MILLIS?Z_TIMER
  +--> ?PR?REWRITE_EEPROM?Z_MAIN



SYMBOL TABLE OF MODULE:  .\obj\Jibot1-51 (Z_MAIN)

  VALUE           TYPE          NAME
  ----------------------------------

  -------         MODULE        Z_MAIN
  C:0000H         SYMBOL        _ICE_DUMMY_
  D:00D0H         PUBLIC        PSW
  D:0080H         PUBLIC        P0
  D:0090H         PUBLIC        P1
  D:00A0H         PUBLIC        P2
  D:00B0H         PUBLIC        P3
  D:00C0H         PUBLIC        P4
  D:00C8H         PUBLIC        P5
  D:00E8H         PUBLIC        P6
  D:00F8H         PUBLIC        P7
  D:00A8H         PUBLIC        IE
  B:00A8H.7       PUBLIC        EA
  D:00B8H         PUBLIC        IP
  D:0088H         PUBLIC        TCON
  D:0098H         PUBLIC        SCON
  D:00C7H         PUBLIC        IAP_CONTR
  D:00D8H         PUBLIC        CCON
  C:6C57H         PUBLIC        setup_global
  C:6C5AH         PUBLIC        setup_gpio
  C:6C5DH         PUBLIC        setup_nled
  C:6C60H         PUBLIC        setup_beep
  C:6C63H         PUBLIC        setup_djio
  C:5A5AH         PUBLIC        setup_w25q64
  C:6C66H         PUBLIC        setup_ps2
  C:6C69H         PUBLIC        setup_dj_timer
  C:6A73H         PUBLIC        setup_uart1
  C:6A8AH         PUBLIC        setup_uart2
  C:6C6CH         PUBLIC        setup_systick
  C:5829H         PUBLIC        setup_start
  C:5F6DH         PUBLIC        setup_servo_bias
  C:6C41H         PUBLIC        setup_interrupt
  C:6766H         PUBLIC        loop_nled
  C:63B4H         PUBLIC        loop_uart
  C:5487H         PUBLIC        loop_action
  C:4324H         PUBLIC        loop_bt_once
  C:6679H         PUBLIC        loop_ps2_data
  C:679DH         PUBLIC        loop_ps2_button
  C:4A4EH         PUBLIC        loop_ps2_car
  C:3D59H         PUBLIC        loop_ps2_joystick
BL51 BANKED LINKER/LOCATER V6.22.2.0                                                  07/09/2022  18:24:19  PAGE 12


  C:6514H         PUBLIC        loop_monitor
  C:001EH         PUBLIC        soft_reset
  C:3A23H         PUBLIC        _parse_psx_buf
  C:17B7H         PUBLIC        _parse_cmd
  C:3FB6H         PUBLIC        _action_save
  C:5E55H         PUBLIC        _get_action_index
  C:5BB4H         PUBLIC        _print_group
  C:65F5H         PUBLIC        _int_exchange
  C:5763H         PUBLIC        _erase_sector
  C:60FDH         PUBLIC        _do_group_once
  C:607DH         PUBLIC        check_dj_state
  C:0D4EH         PUBLIC        _parse_action
  C:6A42H         PUBLIC        _replace_char
  C:6943H         PUBLIC        rewrite_eeprom
  C:66B6H         PUBLIC        _car_set
  C:47A5H         PUBLIC        _set_servo
  C:4196H         PUBLIC        _kinematics_move
  B:00C8H.3       PUBLIC        nled
  B:00A0H.6       PUBLIC        beep
  X:03D5H         PUBLIC        i
  X:03D6H         PUBLIC        do_start_index
  X:03D8H         PUBLIC        do_time
  X:03DAH         PUBLIC        group_num_start
  X:03DCH         PUBLIC        group_num_end
  X:03DEH         PUBLIC        group_num_times
  X:03E0H         PUBLIC        bias_systick_ms_bak
  X:03E4H         PUBLIC        needSaveFlag
  X:03E5H         PUBLIC        save_addr_sector
  X:03E9H         PUBLIC        save_action_index_bak
  X:03EDH         PUBLIC        psx_buf
  X:03F6H         PUBLIC        downLoadTime
  X:03FAH         PUBLIC        action_time
  C:31E6H         PUBLIC        pre_cmd_set_red
  C:3216H         PUBLIC        pre_cmd_set_grn
  X:03FEH         PUBLIC        kinematics
  X:044AH         PUBLIC        ret
  C:5DAFH         PUBLIC        main
  C:6AA1H         PUBLIC        setup_uart4
  C:6AE2H         PUBLIC        ___abs_int
  C:0022H         PUBLIC        handle_uart
  C:501FH         PUBLIC        _getMaxTime
  -------         PROC          MAIN
  C:5DAFH         LINE#         120
  C:5DAFH         LINE#         121
  C:5DB2H         LINE#         122
  C:5DB5H         LINE#         123
  C:5DB8H         LINE#         124
  C:5DBBH         LINE#         125
  C:5DBEH         LINE#         127
  C:5DC1H         LINE#         128
  C:5DC4H         LINE#         129
  C:5DC7H         LINE#         130
  C:5DCAH         LINE#         132
  C:5DCDH         LINE#         134
  C:5DD0H         LINE#         135
  C:5DD3H         LINE#         136
  C:5DD6H         LINE#         138
BL51 BANKED LINKER/LOCATER V6.22.2.0                                                  07/09/2022  18:24:19  PAGE 13


  C:5DD9H         LINE#         140
  C:5DDCH         LINE#         143
  C:5E13H         LINE#         145
  C:5E13H         LINE#         146
  C:5E16H         LINE#         147
  C:5E19H         LINE#         148
  C:5E44H         LINE#         149
  C:5E47H         LINE#         150
  C:5E4AH         LINE#         151
  C:5E4DH         LINE#         152
  C:5E50H         LINE#         153
  C:5E53H         LINE#         155
  C:5E53H         LINE#         156
  -------         ENDPROC       MAIN
  -------         PROC          SETUP_GLOBAL
  C:6C57H         LINE#         164
  C:6C57H         LINE#         166
  -------         ENDPROC       SETUP_GLOBAL
  -------         PROC          SETUP_GPIO
  C:6C5AH         LINE#         169
  C:6C5AH         LINE#         171
  -------         ENDPROC       SETUP_GPIO
  -------         PROC          SETUP_NLED
  C:6C5DH         LINE#         174
  C:6C5DH         LINE#         175
  C:6C5FH         LINE#         176
  -------         ENDPROC       SETUP_NLED
  -------         PROC          SETUP_BEEP
  C:6C60H         LINE#         178
  C:6C60H         LINE#         179
  C:6C62H         LINE#         180
  -------         ENDPROC       SETUP_BEEP
  -------         PROC          SETUP_DJIO
  C:6C63H         LINE#         182
  C:6C63H         LINE#         183
  -------         ENDPROC       SETUP_DJIO
  -------         PROC          SETUP_W25Q64
  C:5A5AH         LINE#         187
  C:5A5AH         LINE#         189
  C:5A5DH         LINE#         190
  C:5A6EH         LINE#         192
  C:5A88H         LINE#         193
  C:5A9AH         LINE#         194
  C:5AAEH         LINE#         195
  C:5AB8H         LINE#         196
  C:5AB8H         LINE#         198
  C:5AC4H         LINE#         199
  C:5AD7H         LINE#         200
  C:5AE7H         LINE#         201
  C:5AEFH         LINE#         202
  C:5AF8H         LINE#         203
  C:5AF8H         LINE#         205
  C:5B05H         LINE#         206
  C:5B07H         LINE#         207
  C:5B07H         LINE#         208
  -------         ENDPROC       SETUP_W25Q64
  -------         PROC          SETUP_PS2
BL51 BANKED LINKER/LOCATER V6.22.2.0                                                  07/09/2022  18:24:19  PAGE 14


  C:6C66H         LINE#         211
  C:6C66H         LINE#         213
  -------         ENDPROC       SETUP_PS2
  -------         PROC          SETUP_DJ_TIMER
  C:6C69H         LINE#         216
  C:6C69H         LINE#         217
  -------         ENDPROC       SETUP_DJ_TIMER
  -------         PROC          SETUP_UART1
  C:6A73H         LINE#         221
  C:6A73H         LINE#         223
  C:6A7EH         LINE#         225
  C:6A81H         LINE#         227
  -------         ENDPROC       SETUP_UART1
  -------         PROC          SETUP_UART2
  C:6A8AH         LINE#         230
  C:6A8AH         LINE#         232
  C:6A95H         LINE#         234
  C:6A98H         LINE#         236
  -------         ENDPROC       SETUP_UART2
  -------         PROC          SETUP_UART4
  C:6AA1H         LINE#         239
  C:6AA1H         LINE#         241
  C:6AACH         LINE#         243
  C:6AAFH         LINE#         246
  -------         ENDPROC       SETUP_UART4
  -------         PROC          SETUP_SYSTICK
  C:6C6CH         LINE#         249
  C:6C6CH         LINE#         251
  -------         ENDPROC       SETUP_SYSTICK
  -------         PROC          SETUP_START
  C:5829H         LINE#         256
  C:5829H         LINE#         259
  C:583FH         LINE#         260
  C:5855H         LINE#         261
  C:586BH         LINE#         264
  C:5873H         LINE#         265
  C:5882H         LINE#         266
  C:5889H         LINE#         267
  C:5892H         LINE#         268
  C:5892H         LINE#         269
  C:58ABH         LINE#         270
  C:58B9H         LINE#         271
  C:58C6H         LINE#         272
  C:58D3H         LINE#         273
  C:58E0H         LINE#         274
  C:58E9H         LINE#         275
  C:58ECH         LINE#         276
  C:58ECH         LINE#         277
  C:58ECH         LINE#         280
  -------         ENDPROC       SETUP_START
  -------         PROC          SETUP_SERVO_BIAS
  C:5F6DH         LINE#         282
  C:5F6DH         LINE#         285
  C:5F80H         LINE#         286
  C:5FAFH         LINE#         287
  C:5FD9H         LINE#         288
  C:5FEEH         LINE#         289
BL51 BANKED LINKER/LOCATER V6.22.2.0                                                  07/09/2022  18:24:19  PAGE 15


  C:5FF7H         LINE#         290
  -------         ENDPROC       SETUP_SERVO_BIAS
  -------         PROC          SETUP_INTERRUPT
  C:6C41H         LINE#         293
  C:6C41H         LINE#         295
  C:6C44H         LINE#         298
  C:6C46H         LINE#         299
  -------         ENDPROC       SETUP_INTERRUPT
  -------         PROC          LOOP_NLED
  -------         DO            
  X:03A2H         SYMBOL        systick_ms_bak
  -------         ENDDO         
  C:6766H         LINE#         308
  C:6766H         LINE#         310
  C:6791H         LINE#         311
  C:679AH         LINE#         312
  C:679CH         LINE#         313
  C:679CH         LINE#         314
  -------         ENDPROC       LOOP_NLED
  -------         PROC          LOOP_UART
  C:63B4H         LINE#         316
  C:63B4H         LINE#         317
  C:63BAH         LINE#         321
  C:63C2H         LINE#         323
  C:63C5H         LINE#         324
  C:63D5H         LINE#         326
  C:63D8H         LINE#         327
  C:63E2H         LINE#         330
  C:63EBH         LINE#         331
  C:63F4H         LINE#         332
  C:63F4H         LINE#         334
  C:6403H         LINE#         335
  C:6408H         LINE#         336
  C:640CH         LINE#         337
  C:640CH         LINE#         340
  -------         ENDPROC       LOOP_UART
  -------         PROC          LOOP_MONITOR
  -------         DO            
  X:03A6H         SYMBOL        saveTime
  -------         ENDDO         
  C:6514H         LINE#         343
  C:6514H         LINE#         345
  C:654EH         LINE#         346
  C:6553H         LINE#         347
  C:655CH         LINE#         348
  C:655FH         LINE#         349
  C:655FH         LINE#         351
  -------         ENDPROC       LOOP_MONITOR
  -------         PROC          LOOP_PS2_DATA
  -------         DO            
  X:03AAH         SYMBOL        systick_ms_bak
  -------         ENDDO         
  C:6679H         LINE#         354
  C:6679H         LINE#         356
  C:66A3H         LINE#         358
  C:66A3H         LINE#         359
  C:66ACH         LINE#         360
BL51 BANKED LINKER/LOCATER V6.22.2.0                                                  07/09/2022  18:24:19  PAGE 16


  C:66B5H         LINE#         369
  -------         ENDPROC       LOOP_PS2_DATA
  -------         PROC          ___ABS_INT
  D:0006H         SYMBOL        a
  C:6AE2H         LINE#         371
  C:6AE2H         LINE#         372
  C:6AEEH         LINE#         373
  C:6AF5H         LINE#         374
  -------         ENDPROC       ___ABS_INT
  -------         PROC          LOOP_PS2_JOYSTICK
  -------         DO            
  X:03AEH         SYMBOL        joystick_left_LR_bak
  X:03B0H         SYMBOL        joystick_right_UD_bak
  X:03B2H         SYMBOL        joystick_left_UD_bak
  X:03B4H         SYMBOL        joystick_left_LR
  X:03B6H         SYMBOL        joystick_right_UD
  X:03B8H         SYMBOL        joystick_left_UD
  -------         ENDDO         
  C:3D59H         LINE#         376
  C:3D59H         LINE#         380
  C:3D64H         LINE#         382
  C:3D82H         LINE#         383
  C:3DA2H         LINE#         384
  C:3DC0H         LINE#         386
  C:3E03H         LINE#         390
  C:3E20H         LINE#         397
  C:3F0FH         LINE#         398
  C:3F12H         LINE#         402
  C:3F21H         LINE#         403
  C:3F30H         LINE#         404
  C:3F30H         LINE#         406
  C:3F53H         LINE#         407
  C:3F8FH         LINE#         408
  C:3F9BH         LINE#         413
  C:3FA6H         LINE#         414
  C:3FB5H         LINE#         415
  C:3FB5H         LINE#         417
  -------         ENDPROC       LOOP_PS2_JOYSTICK
  -------         PROC          LOOP_PS2_BUTTON
  -------         DO            
  X:03BAH         SYMBOL        psx_button_bak
  -------         ENDDO         
  C:679DH         LINE#         421
  C:679DH         LINE#         424
  C:67B5H         LINE#         425
  C:67B5H         LINE#         426
  C:67B5H         LINE#         427
  C:67C3H         LINE#         429
  C:67CBH         LINE#         430
  C:67D3H         LINE#         431
  C:67D3H         LINE#         433
  -------         ENDPROC       LOOP_PS2_BUTTON
  -------         PROC          LOOP_PS2_CAR
  -------         DO            
  X:03BCH         SYMBOL        car_left
  X:03BEH         SYMBOL        car_right
  X:03C0H         SYMBOL        car_left_bak
BL51 BANKED LINKER/LOCATER V6.22.2.0                                                  07/09/2022  18:24:19  PAGE 17


  X:03C2H         SYMBOL        car_right_bak
  -------         ENDDO         
  C:4A4EH         LINE#         436
  C:4A4EH         LINE#         439
  C:4A59H         LINE#         441
  C:4A7BH         LINE#         442
  C:4A9DH         LINE#         444
  C:4AC0H         LINE#         445
  C:4AE1H         LINE#         446
  C:4AECH         LINE#         447
  C:4AEFH         LINE#         448
  C:4B02H         LINE#         449
  C:4B02H         LINE#         450
  C:4B16H         LINE#         451
  C:4B20H         LINE#         452
  C:4B2DH         LINE#         453
  C:4B37H         LINE#         454
  C:4B37H         LINE#         455
  C:4B62H         LINE#         457
  C:4B6DH         LINE#         458
  C:4B7CH         LINE#         459
  C:4B8BH         LINE#         460
  C:4B8BH         LINE#         461
  -------         ENDPROC       LOOP_PS2_CAR
  -------         PROC          _PARSE_PSX_BUF
  D:0001H         SYMBOL        buf
  X:0453H         SYMBOL        mode
  -------         DO            
  X:0454H         SYMBOL        i
  X:0455H         SYMBOL        pos
  X:03C4H         SYMBOL        bak
  X:03C6H         SYMBOL        temp
  X:03C8H         SYMBOL        temp2
  -------         ENDDO         
  C:3A23H         LINE#         463
  C:3A28H         LINE#         464
  C:3A2DH         LINE#         466
  C:3A47H         LINE#         468
  C:3A59H         LINE#         469
  C:3A65H         LINE#         470
  C:3A73H         LINE#         471
  C:3A89H         LINE#         472
  C:3AA9H         LINE#         473
  C:3AA9H         LINE#         474
  C:3AB8H         LINE#         476
  C:3AC7H         LINE#         477
  C:3ACFH         LINE#         478
  C:3AFBH         LINE#         479
  C:3B08H         LINE#         480
  C:3B4AH         LINE#         481
  C:3B4AH         LINE#         483
  C:3B66H         LINE#         484
  C:3B74H         LINE#         485
  C:3B8FH         LINE#         489
  C:3B9EH         LINE#         490
  C:3B9EH         LINE#         491
  C:3BA1H         LINE#         492
BL51 BANKED LINKER/LOCATER V6.22.2.0                                                  07/09/2022  18:24:19  PAGE 18


  C:3BBEH         LINE#         496
  C:3BCDH         LINE#         497
  C:3BCDH         LINE#         498
  C:3BD0H         LINE#         499
  C:3BD0H         LINE#         504
  C:3BD8H         LINE#         505
  C:3BDBH         LINE#         507
  C:3BEAH         LINE#         508
  C:3BF2H         LINE#         509
  C:3C1EH         LINE#         510
  C:3C2BH         LINE#         511
  C:3C6DH         LINE#         512
  C:3C6DH         LINE#         514
  C:3C89H         LINE#         515
  C:3C8EH         LINE#         516
  C:3CAFH         LINE#         520
  C:3CC7H         LINE#         521
  C:3CDCH         LINE#         522
  C:3CDCH         LINE#         523
  C:3CDFH         LINE#         524
  C:3D05H         LINE#         528
  C:3D1DH         LINE#         529
  C:3D32H         LINE#         530
  C:3D32H         LINE#         531
  C:3D35H         LINE#         532
  C:3D35H         LINE#         535
  C:3D35H         LINE#         536
  C:3D35H         LINE#         540
  C:3D35H         LINE#         541
  C:3D3EH         LINE#         542
  C:3D4DH         LINE#         543
  C:3D58H         LINE#         544
  C:3D58H         LINE#         546
  -------         ENDPROC       _PARSE_PSX_BUF
  -------         PROC          HANDLE_UART
  C:0022H         LINE#         548
  C:0022H         LINE#         552
  -------         ENDPROC       HANDLE_UART
  C:17B1H         SYMBOL        L?0365
  -------         PROC          L?0364
  -------         ENDPROC       L?0364
  C:17B1H         SYMBOL        L?0365
  -------         PROC          _PARSE_CMD
  X:0456H         SYMBOL        cmd
  -------         DO            
  X:03CAH         SYMBOL        djrFlag
  X:0459H         SYMBOL        pos
  X:045BH         SYMBOL        i
  X:045DH         SYMBOL        index
  X:045FH         SYMBOL        int1
  X:0461H         SYMBOL        int2
  X:0463H         SYMBOL        int3
  X:0465H         SYMBOL        int4
  -------         ENDDO         
  C:17B7H         LINE#         569
  C:17C2H         LINE#         574
  C:17C5H         LINE#         576
BL51 BANKED LINKER/LOCATER V6.22.2.0                                                  07/09/2022  18:24:19  PAGE 19


  C:17EFH         LINE#         577
  C:17F5H         LINE#         578
  C:180CH         LINE#         579
  C:1826H         LINE#         580
  C:1860H         LINE#         581
  C:1870H         LINE#         582
  C:1879H         LINE#         583
  C:1881H         LINE#         584
  C:1887H         LINE#         585
  C:18B2H         LINE#         586
  C:18E1H         LINE#         587
  C:1902H         LINE#         588
  C:193CH         LINE#         589
  C:1962H         LINE#         590
  C:196BH         LINE#         591
  C:196BH         LINE#         594
  C:1992H         LINE#         595
  C:1995H         LINE#         596
  C:19BCH         LINE#         597
  C:19F7H         LINE#         598
  C:1A08H         LINE#         599
  C:1A08H         LINE#         600
  C:1A2FH         LINE#         601
  C:1A6AH         LINE#         602
  C:1A7BH         LINE#         603
  C:1A7BH         LINE#         604
  C:1AA2H         LINE#         605
  C:1AD1H         LINE#         606
  C:1ADCH         LINE#         607
  C:1AE2H         LINE#         608
  C:1AE2H         LINE#         609
  C:1B0DH         LINE#         610
  C:1B54H         LINE#         612
  C:1B6BH         LINE#         613
  C:1B73H         LINE#         614
  C:1B82H         LINE#         615
  C:1B87H         LINE#         617
  C:1B88H         LINE#         618
  C:1B8EH         LINE#         619
  C:1B91H         LINE#         621
  C:1B91H         LINE#         622
  C:1B91H         LINE#         623
  C:1BB8H         LINE#         624
  C:1BF3H         LINE#         625
  C:1C01H         LINE#         626
  C:1C01H         LINE#         627
  C:1C2EH         LINE#         628
  C:1C37H         LINE#         630
  C:1C3EH         LINE#         631
  C:1C80H         LINE#         632
  C:1D1BH         LINE#         633
  C:1D39H         LINE#         634
  C:1D63H         LINE#         635
  C:1D69H         LINE#         636
  C:1D72H         LINE#         637
  C:1D8CH         LINE#         638
  C:1DA6H         LINE#         639
BL51 BANKED LINKER/LOCATER V6.22.2.0                                                  07/09/2022  18:24:19  PAGE 20


  C:1DC0H         LINE#         640
  C:1E61H         LINE#         641
  C:1E72H         LINE#         643
  C:1E78H         LINE#         644
  C:1E7AH         LINE#         645
  C:1E7CH         LINE#         646
  C:1E83H         LINE#         647
  C:1E83H         LINE#         648
  C:1E94H         LINE#         649
  C:1EBCH         LINE#         650
  C:1EC2H         LINE#         651
  C:1EECH         LINE#         652
  C:1EF4H         LINE#         653
  C:1EF8H         LINE#         654
  C:1EFBH         LINE#         655
  C:1EFFH         LINE#         656
  C:1EFFH         LINE#         657
  C:1F29H         LINE#         658
  C:1F2EH         LINE#         659
  C:1F78H         LINE#         660
  C:1F81H         LINE#         661
  C:1F9FH         LINE#         662
  C:1FC6H         LINE#         663
  C:1FCFH         LINE#         664
  C:1FD5H         LINE#         665
  C:1FFFH         LINE#         666
  C:202EH         LINE#         667
  C:2043H         LINE#         668
  C:2048H         LINE#         669
  C:2053H         LINE#         670
  C:205BH         LINE#         671
  C:205BH         LINE#         672
  C:205BH         LINE#         673
  C:2082H         LINE#         674
  C:2088H         LINE#         675
  C:2093H         LINE#         676
  C:209CH         LINE#         677
  C:20A2H         LINE#         678
  C:20CFH         LINE#         679
  C:2122H         LINE#         680
  C:212BH         LINE#         681
  C:216DH         LINE#         682
  C:217FH         LINE#         683
  C:217FH         LINE#         684
  C:2191H         LINE#         685
  C:21A3H         LINE#         686
  C:21ACH         LINE#         687
  C:21ACH         LINE#         688
  C:21ACH         LINE#         689
  C:21ACH         LINE#         690
  -------         ENDPROC       _PARSE_CMD
  -------         PROC          _ACTION_SAVE
  X:0453H         SYMBOL        str
  -------         DO            
  X:0456H         SYMBOL        action_index
  -------         ENDDO         
  C:3FB6H         LINE#         694
BL51 BANKED LINKER/LOCATER V6.22.2.0                                                  07/09/2022  18:24:19  PAGE 21


  C:3FC1H         LINE#         695
  C:3FC6H         LINE#         698
  C:3FE3H         LINE#         699
  C:3FE8H         LINE#         700
  C:3FEBH         LINE#         701
  C:3FF4H         LINE#         703
  C:400CH         LINE#         704
  C:4048H         LINE#         705
  C:405CH         LINE#         706
  C:4073H         LINE#         707
  C:4075H         LINE#         708
  C:4084H         LINE#         709
  C:409DH         LINE#         710
  C:40B7H         LINE#         711
  C:40B7H         LINE#         712
  C:40BDH         LINE#         713
  C:40C0H         LINE#         715
  C:40C6H         LINE#         716
  C:40C9H         LINE#         718
  C:40C9H         LINE#         720
  C:40DFH         LINE#         722
  C:40FBH         LINE#         724
  C:4104H         LINE#         726
  C:4104H         LINE#         728
  C:412BH         LINE#         729
  C:4141H         LINE#         730
  C:4157H         LINE#         731
  C:418CH         LINE#         733
  C:4195H         LINE#         735
  -------         ENDPROC       _ACTION_SAVE
  -------         PROC          _GET_ACTION_INDEX
  X:0458H         SYMBOL        str
  -------         DO            
  X:045BH         SYMBOL        index
  -------         ENDDO         
  C:5E55H         LINE#         737
  C:5E60H         LINE#         738
  C:5E65H         LINE#         740
  C:5E75H         LINE#         741
  C:5E79H         LINE#         742
  C:5E7EH         LINE#         743
  C:5E96H         LINE#         744
  C:5EBBH         LINE#         745
  C:5EC5H         LINE#         746
  C:5EC7H         LINE#         747
  C:5ED0H         LINE#         748
  C:5ED0H         LINE#         749
  C:5EDAH         LINE#         750
  C:5EDAH         LINE#         751
  C:5EDCH         LINE#         752
  C:5EE0H         LINE#         753
  -------         ENDPROC       _GET_ACTION_INDEX
  -------         PROC          _PRINT_GROUP
  X:0467H         SYMBOL        start
  X:0469H         SYMBOL        end
  C:5BB4H         LINE#         755
  C:5BC2H         LINE#         756
BL51 BANKED LINKER/LOCATER V6.22.2.0                                                  07/09/2022  18:24:19  PAGE 22


  C:5BDDH         LINE#         757
  C:5BF4H         LINE#         758
  C:5BF4H         LINE#         759
  C:5C0FH         LINE#         760
  C:5C1EH         LINE#         761
  C:5C3CH         LINE#         762
  C:5C45H         LINE#         763
  C:5C4EH         LINE#         764
  C:5C5EH         LINE#         765
  -------         ENDPROC       _PRINT_GROUP
  -------         PROC          _INT_EXCHANGE
  X:046BH         SYMBOL        int1
  X:046EH         SYMBOL        int2
  -------         DO            
  D:0006H         SYMBOL        int_temp
  -------         ENDDO         
  C:65F5H         LINE#         768
  C:6600H         LINE#         770
  C:6606H         LINE#         771
  C:6627H         LINE#         772
  -------         ENDPROC       _INT_EXCHANGE
  -------         PROC          _ERASE_SECTOR
  X:0467H         SYMBOL        start
  X:0469H         SYMBOL        end
  C:5763H         LINE#         775
  C:5771H         LINE#         776
  C:578CH         LINE#         777
  C:57A3H         LINE#         778
  C:57A3H         LINE#         779
  C:57BAH         LINE#         780
  C:57D6H         LINE#         781
  C:57DFH         LINE#         782
  C:5805H         LINE#         783
  C:580EH         LINE#         784
  C:581EH         LINE#         785
  C:5828H         LINE#         786
  -------         ENDPROC       _ERASE_SECTOR
  -------         PROC          _GETMAXTIME
  X:0469H         SYMBOL        str
  -------         DO            
  X:046CH         SYMBOL        i
  X:046EH         SYMBOL        max_time
  D:0006H         SYMBOL        tmp_time
  -------         ENDDO         
  C:501FH         LINE#         789
  C:502AH         LINE#         790
  C:5035H         LINE#         791
  C:5051H         LINE#         792
  C:5058H         LINE#         793
  C:50F6H         LINE#         794
  C:510EH         LINE#         795
  C:511CH         LINE#         796
  C:511FH         LINE#         797
  C:511FH         LINE#         798
  C:5130H         LINE#         799
  C:5133H         LINE#         800
  C:513BH         LINE#         801
BL51 BANKED LINKER/LOCATER V6.22.2.0                                                  07/09/2022  18:24:19  PAGE 23


  -------         ENDPROC       _GETMAXTIME
  -------         PROC          _DO_GROUP_ONCE
  X:0467H         SYMBOL        group_num
  C:60FDH         LINE#         803
  C:6105H         LINE#         804
  C:6114H         LINE#         806
  C:6132H         LINE#         808
  C:6147H         LINE#         810
  C:614AH         LINE#         811
  -------         ENDPROC       _DO_GROUP_ONCE
  -------         PROC          LOOP_ACTION
  -------         DO            
  X:03CBH         SYMBOL        systick_ms_bak
  -------         ENDDO         
  C:5487H         LINE#         815
  C:5487H         LINE#         817
  C:5490H         LINE#         818
  C:54C5H         LINE#         819
  C:54CEH         LINE#         820
  C:54E2H         LINE#         821
  C:54E7H         LINE#         822
  C:54F0H         LINE#         824
  C:54F0H         LINE#         826
  C:54FBH         LINE#         828
  C:5511H         LINE#         829
  C:551DH         LINE#         830
  C:5525H         LINE#         831
  C:552FH         LINE#         832
  C:552FH         LINE#         833
  C:5531H         LINE#         835
  C:5531H         LINE#         836
  C:553FH         LINE#         837
  C:5540H         LINE#         838
  C:5554H         LINE#         839
  C:5563H         LINE#         840
  C:556DH         LINE#         841
  C:5577H         LINE#         842
  C:5579H         LINE#         844
  C:5579H         LINE#         845
  C:5587H         LINE#         846
  C:5587H         LINE#         847
  C:5587H         LINE#         848
  C:5588H         LINE#         849
  C:5592H         LINE#         850
  C:5592H         LINE#         851
  -------         ENDPROC       LOOP_ACTION
  -------         PROC          CHECK_DJ_STATE
  -------         DO            
  X:04F6H         SYMBOL        i
  X:04F8H         SYMBOL        inc
  -------         ENDDO         
  C:607DH         LINE#         853
  C:607DH         LINE#         855
  C:6087H         LINE#         856
  C:60A0H         LINE#         857
  C:60D3H         LINE#         858
  C:60EAH         LINE#         859
BL51 BANKED LINKER/LOCATER V6.22.2.0                                                  07/09/2022  18:24:19  PAGE 24


  C:60FAH         LINE#         860
  C:60FCH         LINE#         861
  -------         ENDPROC       CHECK_DJ_STATE
  C:0D48H         SYMBOL        L?0363
  -------         PROC          L?0362
  -------         ENDPROC       L?0362
  C:0D48H         SYMBOL        L?0363
  -------         PROC          _PARSE_ACTION
  X:0469H         SYMBOL        uart_receive_buf
  -------         DO            
  X:046CH         SYMBOL        index
  X:046EH         SYMBOL        time
  X:0470H         SYMBOL        i
  X:0472H         SYMBOL        j
  X:0474H         SYMBOL        step
  X:0476H         SYMBOL        bias
  X:0478H         SYMBOL        pwm
  X:047CH         SYMBOL        aim_temp
  -------         ENDDO         
  C:0D4EH         LINE#         863
  C:0D59H         LINE#         864
  C:0D66H         LINE#         869
  C:0DBCH         LINE#         870
  C:0E06H         LINE#         871
  C:0E4FH         LINE#         872
  C:0E83H         LINE#         873
  C:0E8EH         LINE#         874
  C:0E92H         LINE#         875
  C:0E9FH         LINE#         876
  C:0E9FH         LINE#         877
  C:0F13H         LINE#         878
  C:0F37H         LINE#         879
  C:0F54H         LINE#         880
  C:0F5EH         LINE#         881
  C:0F7AH         LINE#         882
  C:0F84H         LINE#         883
  C:0F84H         LINE#         885
  C:0FAFH         LINE#         886
  C:101AH         LINE#         887
  C:1023H         LINE#         888
  C:1029H         LINE#         889
  C:102AH         LINE#         891
  C:1080H         LINE#         892
  C:10CBH         LINE#         893
  C:10D6H         LINE#         894
  C:10F7H         LINE#         895
  C:1131H         LINE#         896
  C:1131H         LINE#         898
  C:1131H         LINE#         900
  C:1137H         LINE#         901
  C:1155H         LINE#         902
  C:116BH         LINE#         903
  C:1178H         LINE#         904
  C:118DH         LINE#         905
  C:11ADH         LINE#         906
  C:11E0H         LINE#         907
  C:11E2H         LINE#         908
BL51 BANKED LINKER/LOCATER V6.22.2.0                                                  07/09/2022  18:24:19  PAGE 25


  C:1206H         LINE#         909
  C:1206H         LINE#         910
  C:1209H         LINE#         911
  C:120FH         LINE#         912
  C:120FH         LINE#         913
  C:1242H         LINE#         914
  C:124AH         LINE#         915
  C:1262H         LINE#         916
  C:1281H         LINE#         917
  C:12DBH         LINE#         918
  C:12DDH         LINE#         919
  C:1301H         LINE#         920
  C:1306H         LINE#         921
  C:1309H         LINE#         922
  C:130FH         LINE#         923
  C:130FH         LINE#         924
  C:1342H         LINE#         925
  C:134AH         LINE#         926
  C:135FH         LINE#         927
  C:137FH         LINE#         928
  C:13B2H         LINE#         929
  C:13B4H         LINE#         932
  C:13C3H         LINE#         933
  C:13CFH         LINE#         934
  C:13CFH         LINE#         936
  C:13D7H         LINE#         937
  C:13FBH         LINE#         938
  C:13FBH         LINE#         939
  C:145CH         LINE#         940
  C:14A3H         LINE#         942
  C:14CAH         LINE#         943
  C:14EEH         LINE#         945
  C:1502H         LINE#         946
  C:1528H         LINE#         947
  C:154CH         LINE#         948
  C:1566H         LINE#         949
  C:1569H         LINE#         950
  C:158FH         LINE#         951
  C:15AFH         LINE#         952
  C:164AH         LINE#         953
  C:164AH         LINE#         957
  C:164AH         LINE#         959
  C:1658H         LINE#         960
  C:1670H         LINE#         961
  C:1699H         LINE#         962
  C:16C4H         LINE#         963
  C:16E4H         LINE#         964
  C:177FH         LINE#         965
  C:1790H         LINE#         966
  C:1790H         LINE#         967
  C:1790H         LINE#         968
  C:1790H         LINE#         969
  C:179EH         LINE#         970
  C:179EH         LINE#         971
  C:17A1H         LINE#         972
  -------         ENDPROC       _PARSE_ACTION
  -------         PROC          _REPLACE_CHAR
BL51 BANKED LINKER/LOCATER V6.22.2.0                                                  07/09/2022  18:24:19  PAGE 26


  D:0001H         SYMBOL        str
  D:0005H         SYMBOL        ch1
  X:045CH         SYMBOL        ch2
  C:6A42H         LINE#         974
  C:6A42H         LINE#         975
  C:6A47H         LINE#         976
  C:6A4AH         LINE#         977
  C:6A51H         LINE#         978
  C:6A51H         LINE#         979
  C:6A58H         LINE#         980
  C:6A5AH         LINE#         982
  -------         ENDPROC       _REPLACE_CHAR
  -------         PROC          REWRITE_EEPROM
  C:6943H         LINE#         985
  C:6943H         LINE#         986
  C:694EH         LINE#         987
  -------         ENDPROC       REWRITE_EEPROM
  -------         PROC          LOOP_BT_ONCE
  -------         DO            
  X:03CFH         SYMBOL        first_change
  X:03D0H         SYMBOL        step
  X:03D1H         SYMBOL        systick_ms_bak
  -------         ENDDO         
  C:4324H         LINE#         990
  C:4324H         LINE#         993
  C:432DH         LINE#         994
  C:435EH         LINE#         995
  C:4367H         LINE#         996
  C:4372H         LINE#         997
  C:4375H         LINE#         998
  C:437BH         LINE#         999
  C:437BH         LINE#         1000
  C:43B1H         LINE#         1001
  C:43BAH         LINE#         1002
  C:43C5H         LINE#         1003
  C:43C5H         LINE#         1004
  C:43FBH         LINE#         1005
  C:4404H         LINE#         1006
  C:440DH         LINE#         1007
  C:440DH         LINE#         1008
  C:4442H         LINE#         1009
  C:444BH         LINE#         1010
  C:4454H         LINE#         1011
  C:445AH         LINE#         1012
  C:448EH         LINE#         1013
  C:4497H         LINE#         1014
  C:44A0H         LINE#         1015
  C:44A6H         LINE#         1016
  C:44ABH         LINE#         1017
  C:44ABH         LINE#         1018
  C:44ABH         LINE#         1019
  -------         ENDPROC       LOOP_BT_ONCE
  -------         PROC          SOFT_RESET
  C:001EH         LINE#         1021
  C:001EH         LINE#         1022
  C:0021H         LINE#         1023
  -------         ENDPROC       SOFT_RESET
BL51 BANKED LINKER/LOCATER V6.22.2.0                                                  07/09/2022  18:24:19  PAGE 27


  -------         PROC          _CAR_SET
  D:0006H         SYMBOL        car_left
  D:0004H         SYMBOL        car_right
  C:66B6H         LINE#         1025
  C:66B6H         LINE#         1027
  C:66EAH         LINE#         1028
  -------         ENDPROC       _CAR_SET
  -------         PROC          _SET_SERVO
  X:047DH         SYMBOL        index
  X:047FH         SYMBOL        pwm
  X:0481H         SYMBOL        time
  C:47A5H         LINE#         1033
  C:47B9H         LINE#         1034
  C:47E2H         LINE#         1035
  C:4802H         LINE#         1036
  C:489DH         LINE#         1037
  C:4906H         LINE#         1038
  -------         ENDPROC       _SET_SERVO
  -------         PROC          _KINEMATICS_MOVE
  X:0467H         SYMBOL        x
  X:046BH         SYMBOL        y
  X:046FH         SYMBOL        z
  X:0473H         SYMBOL        time
  -------         DO            
  X:0475H         SYMBOL        i
  X:0477H         SYMBOL        j
  X:0479H         SYMBOL        min
  X:047BH         SYMBOL        flag
  -------         ENDDO         
  C:4196H         LINE#         1043
  C:419CH         LINE#         1044
  C:41A7H         LINE#         1046
  C:41C1H         LINE#         1048
  C:41C8H         LINE#         1049
  C:41CEH         LINE#         1050
  C:422BH         LINE#         1051
  C:423AH         LINE#         1052
  C:4240H         LINE#         1053
  C:4242H         LINE#         1056
  C:4242H         LINE#         1057
  C:4262H         LINE#         1060
  C:426FH         LINE#         1061
  C:42C8H         LINE#         1062
  C:42D0H         LINE#         1063
  C:42FCH         LINE#         1064
  C:431BH         LINE#         1065
  C:4320H         LINE#         1066
  C:4320H         LINE#         1068
  C:4323H         LINE#         1069
  -------         ENDPROC       _KINEMATICS_MOVE
  -------         ENDMOD        Z_MAIN

  -------         MODULE        Z_ADC
  C:0000H         SYMBOL        _ICE_DUMMY_
  C:6AB8H         PUBLIC        _adc_init
  C:68CCH         PUBLIC        _adc_read
  D:00BCH         PUBLIC        ADC_CONTR
BL51 BANKED LINKER/LOCATER V6.22.2.0                                                  07/09/2022  18:24:19  PAGE 28


  D:00BDH         PUBLIC        ADC_RES
  D:00BEH         PUBLIC        ADC_LOW2
  D:009DH         PUBLIC        P1ASF
  -------         PROC          _ADC_INIT
  D:0007H         SYMBOL        ch
  C:6AB8H         LINE#         16
  C:6AB8H         LINE#         17
  C:6AC5H         LINE#         18
  C:6AC8H         LINE#         19
  C:6ACBH         LINE#         20
  C:6ACCH         LINE#         21
  -------         ENDPROC       _ADC_INIT
  -------         PROC          _ADC_READ
  D:0006H         SYMBOL        ch
  C:68CCH         LINE#         23
  C:68CEH         LINE#         24
  C:68D1H         LINE#         25
  C:68D6H         LINE#         26
  C:68D7H         LINE#         27
  C:68D8H         LINE#         28
  C:68D9H         LINE#         29
  C:68DAH         LINE#         30
  C:68DFH         LINE#         31
  C:68E2H         LINE#         33
  C:68F3H         LINE#         36
  -------         ENDPROC       _ADC_READ
  -------         ENDMOD        Z_ADC

  -------         MODULE        Z_DELAY
  C:0000H         SYMBOL        _ICE_DUMMY_
  C:6BF7H         PUBLIC        _delay
  C:6B46H         PUBLIC        _udelay
  C:69ADH         PUBLIC        _mdelay
  -------         PROC          _DELAY
  D:0006H         SYMBOL        t
  C:6BF7H         LINE#         3
  C:6BF7H         LINE#         4
  C:6C01H         LINE#         5
  -------         ENDPROC       _DELAY
  -------         PROC          _UDELAY
  D:0006H         SYMBOL        t
  -------         DO            
  D:0005H         SYMBOL        i
  -------         ENDDO         
  C:6B46H         LINE#         7
  C:6B46H         LINE#         9
  C:6B50H         LINE#         10
  C:6B52H         LINE#         11
  C:6B58H         LINE#         12
  C:6B58H         LINE#         13
  -------         ENDPROC       _UDELAY
  -------         PROC          _MDELAY
  D:0006H         SYMBOL        t
  -------         DO            
  D:0004H         SYMBOL        i
  D:0002H         SYMBOL        j
  -------         ENDDO         
BL51 BANKED LINKER/LOCATER V6.22.2.0                                                  07/09/2022  18:24:19  PAGE 29


  C:69ADH         LINE#         15
  C:69ADH         LINE#         17
  C:69B7H         LINE#         18
  C:69C5H         LINE#         19
  C:69CCH         LINE#         20
  -------         ENDPROC       _MDELAY
  -------         ENDMOD        Z_DELAY

  -------         MODULE        Z_GLOBAL
  C:0000H         SYMBOL        _ICE_DUMMY_
  D:00D0H         PUBLIC        PSW
  D:0080H         PUBLIC        P0
  D:0090H         PUBLIC        P1
  D:00A0H         PUBLIC        P2
  D:00B0H         PUBLIC        P3
  D:00C0H         PUBLIC        P4
  D:00C8H         PUBLIC        P5
  D:00E8H         PUBLIC        P6
  D:00F8H         PUBLIC        P7
  D:00A8H         PUBLIC        IE
  D:00B8H         PUBLIC        IP
  D:0088H         PUBLIC        TCON
  D:0098H         PUBLIC        SCON
  D:00D8H         PUBLIC        CCON
  X:0000H         PUBLIC        duoji_doing
  X:0070H         PUBLIC        eeprom_info
  X:0131H         PUBLIC        uart_receive_buf
  X:0335H         PUBLIC        uart1_get_ok
  X:0336H         PUBLIC        uart1_mode
  X:0337H         PUBLIC        uart_receive_buf_index
  X:0338H         PUBLIC        cmd_return
  X:039CH         PUBLIC        timer1_flag_dj
  X:039DH         PUBLIC        duoji_index1
  X:039EH         PUBLIC        AI_mode
  X:039FH         PUBLIC        group_do_ok
  X:03A0H         PUBLIC        csb_cnt
  C:6466H         PUBLIC        global_init
  C:513CH         PUBLIC        _str_contain_str
  C:6AF6H         PUBLIC        _abs_int
  C:490FH         PUBLIC        _selection_sort
  -------         PROC          GLOBAL_INIT
  -------         DO            
  D:0003H         SYMBOL        i
  -------         ENDDO         
  C:6466H         LINE#         16
  C:6466H         LINE#         19
  C:6472H         LINE#         20
  C:6487H         LINE#         21
  C:649CH         LINE#         22
  C:64B1H         LINE#         23
  C:64B4H         LINE#         25
  C:64B9H         LINE#         26
  C:64BBH         LINE#         27
  C:64BDH         LINE#         29
  -------         ENDPROC       GLOBAL_INIT
  -------         PROC          _STR_CONTAIN_STR
  X:0467H         SYMBOL        str
BL51 BANKED LINKER/LOCATER V6.22.2.0                                                  07/09/2022  18:24:19  PAGE 30


  X:046AH         SYMBOL        str2
  -------         DO            
  X:046DH         SYMBOL        str_temp
  X:0470H         SYMBOL        str_temp2
  -------         ENDDO         
  C:513CH         LINE#         31
  C:5147H         LINE#         33
  C:5152H         LINE#         34
  C:5167H         LINE#         35
  C:517BH         LINE#         36
  C:518FH         LINE#         37
  C:519FH         LINE#         38
  C:51C7H         LINE#         39
  C:5202H         LINE#         40
  C:5217H         LINE#         41
  C:5217H         LINE#         42
  C:5217H         LINE#         43
  C:5217H         LINE#         44
  C:522AH         LINE#         45
  C:5244H         LINE#         46
  C:5244H         LINE#         48
  C:5244H         LINE#         49
  C:524EH         LINE#         50
  C:524EH         LINE#         51
  C:5251H         LINE#         52
  C:5254H         LINE#         53
  -------         ENDPROC       _STR_CONTAIN_STR
  -------         PROC          _SELECTION_SORT
  D:0001H         SYMBOL        a
  X:04E3H         SYMBOL        len
  -------         DO            
  X:04E5H         SYMBOL        i
  X:04E7H         SYMBOL        j
  X:04E9H         SYMBOL        mi
  X:04EBH         SYMBOL        t
  -------         ENDDO         
  C:490FH         LINE#         55
  C:4917H         LINE#         57
  C:4940H         LINE#         58
  C:494DH         LINE#         59
  C:4975H         LINE#         60
  C:49A5H         LINE#         61
  C:49B2H         LINE#         62
  C:49B2H         LINE#         63
  C:49C2H         LINE#         65
  C:49D9H         LINE#         66
  C:49F0H         LINE#         67
  C:4A1BH         LINE#         68
  C:4A39H         LINE#         69
  C:4A39H         LINE#         70
  C:4A4DH         LINE#         71
  -------         ENDPROC       _SELECTION_SORT
  -------         PROC          _ABS_INT
  D:0006H         SYMBOL        int1
  C:6AF6H         LINE#         74
  C:6AF6H         LINE#         75
  C:6B02H         LINE#         76
BL51 BANKED LINKER/LOCATER V6.22.2.0                                                  07/09/2022  18:24:19  PAGE 31


  C:6B09H         LINE#         77
  -------         ENDPROC       _ABS_INT
  -------         ENDMOD        Z_GLOBAL

  -------         MODULE        Z_GPIO
  C:0000H         SYMBOL        _ICE_DUMMY_
  D:00D0H         PUBLIC        PSW
  D:0080H         PUBLIC        P0
  D:0090H         PUBLIC        P1
  D:00A0H         PUBLIC        P2
  D:00B0H         PUBLIC        P3
  D:00C0H         PUBLIC        P4
  D:00C8H         PUBLIC        P5
  D:00E8H         PUBLIC        P6
  D:00F8H         PUBLIC        P7
  D:0094H         PUBLIC        P0M0
  D:0093H         PUBLIC        P0M1
  D:0092H         PUBLIC        P1M0
  D:0091H         PUBLIC        P1M1
  D:0096H         PUBLIC        P2M0
  D:0095H         PUBLIC        P2M1
  D:00B2H         PUBLIC        P3M0
  D:00B1H         PUBLIC        P3M1
  D:00B4H         PUBLIC        P4M0
  D:00B3H         PUBLIC        P4M1
  D:00CAH         PUBLIC        P5M0
  D:00C9H         PUBLIC        P5M1
  D:00A8H         PUBLIC        IE
  D:00B8H         PUBLIC        IP
  D:0088H         PUBLIC        TCON
  D:0098H         PUBLIC        SCON
  D:00D8H         PUBLIC        CCON
  B:00A0H.6       PUBLIC        beep
  B:0080H.5       PUBLIC        dj0
  B:0080H.6       PUBLIC        dj1
  B:0080H.7       PUBLIC        dj2
  B:00B0H.5       PUBLIC        dj3
  B:00B0H.6       PUBLIC        dj4
  B:00B0H.7       PUBLIC        dj5
  C:6A27H         PUBLIC        io_init
  C:000EH         PUBLIC        dj_io_init
  C:672EH         PUBLIC        _dj_io_set
  C:640DH         PUBLIC        _beep_on_times
  -------         PROC          IO_INIT
  C:6A27H         LINE#         4
  C:6A27H         LINE#         6
  C:6A2AH         LINE#         7
  C:6A2CH         LINE#         9
  C:6A2EH         LINE#         10
  C:6A30H         LINE#         12
  C:6A32H         LINE#         13
  C:6A35H         LINE#         15
  C:6A37H         LINE#         16
  C:6A39H         LINE#         18
  C:6A3BH         LINE#         19
  C:6A3DH         LINE#         21
  C:6A3FH         LINE#         22
BL51 BANKED LINKER/LOCATER V6.22.2.0                                                  07/09/2022  18:24:19  PAGE 32


  C:6A41H         LINE#         23
  -------         ENDPROC       IO_INIT
  -------         PROC          DJ_IO_INIT
  C:000EH         LINE#         26
  C:000EH         LINE#         27
  C:0010H         LINE#         28
  C:0012H         LINE#         29
  C:0014H         LINE#         30
  C:0016H         LINE#         31
  C:0018H         LINE#         32
  C:001AH         LINE#         33
  -------         ENDPROC       DJ_IO_INIT
  -------         PROC          _DJ_IO_SET
  D:0007H         SYMBOL        index
  D:0005H         SYMBOL        level
  C:672EH         LINE#         35
  C:672EH         LINE#         36
  C:6742H         LINE#         37
  C:6748H         LINE#         38
  C:674EH         LINE#         39
  C:6754H         LINE#         40
  C:675AH         LINE#         41
  C:6760H         LINE#         42
  C:6765H         LINE#         43
  C:6765H         LINE#         44
  C:6765H         LINE#         45
  -------         ENDPROC       _DJ_IO_SET
  -------         PROC          _BEEP_ON_TIMES
  X:0467H         SYMBOL        times
  X:0469H         SYMBOL        delay
  -------         DO            
  X:046BH         SYMBOL        i
  -------         ENDDO         
  C:640DH         LINE#         47
  C:641BH         LINE#         49
  C:643BH         LINE#         50
  C:643DH         LINE#         51
  C:6448H         LINE#         52
  C:644AH         LINE#         53
  C:6455H         LINE#         54
  C:6465H         LINE#         55
  -------         ENDPROC       _BEEP_ON_TIMES
  -------         ENDMOD        Z_GPIO

  -------         MODULE        Z_PS2
  C:0000H         SYMBOL        _ICE_DUMMY_
  D:00D0H         PUBLIC        PSW
  D:0080H         PUBLIC        P0
  D:0090H         PUBLIC        P1
  D:00A0H         PUBLIC        P2
  D:00B0H         PUBLIC        P3
  D:00C0H         PUBLIC        P4
  D:00C8H         PUBLIC        P5
  D:00E8H         PUBLIC        P6
  D:00F8H         PUBLIC        P7
  D:00A8H         PUBLIC        IE
  D:00B8H         PUBLIC        IP
BL51 BANKED LINKER/LOCATER V6.22.2.0                                                  07/09/2022  18:24:19  PAGE 33


  D:0088H         PUBLIC        TCON
  D:0098H         PUBLIC        SCON
  D:00D8H         PUBLIC        CCON
  B:0080H.4       PUBLIC        PS2_DAT
  B:0080H.3       PUBLIC        PS2_CMD
  B:0080H.2       PUBLIC        PS2_ATT
  B:0080H.1       PUBLIC        PS2_CLK
  C:6C33H         PUBLIC        psx_init
  C:59AAH         PUBLIC        _psx_write_read
  C:6C02H         PUBLIC        _ps2_delay
  C:6360H         PUBLIC        _psx_transfer
  -------         PROC          _PS2_DELAY
  D:0006H         SYMBOL        t
  C:6C02H         LINE#         6
  C:6C02H         LINE#         7
  C:6C0CH         LINE#         8
  -------         ENDPROC       _PS2_DELAY
  -------         PROC          PSX_INIT
  C:6C33H         LINE#         10
  C:6C33H         LINE#         11
  C:6C35H         LINE#         12
  C:6C37H         LINE#         13
  C:6C39H         LINE#         17
  -------         ENDPROC       PSX_INIT
  C:6358H         SYMBOL        L?0017
  -------         PROC          L?0016
[...]
  -------         ENDPROC       _SPIFLASHWRITESECTOR
  -------         PROC          _SPIFLASHWRITENOCHECK
  X:0458H         SYMBOL        pBuffer
  X:045BH         SYMBOL        WriteAddr
  X:045FH         SYMBOL        NumByteToWrite
  -------         DO            
  X:0461H         SYMBOL        pageremain
  -------         ENDDO         
  C:5593H         LINE#         339
  C:55A2H         LINE#         341
  C:55BAH         LINE#         342
  C:55C8H         LINE#         343
  C:55CEH         LINE#         344
  C:55CEH         LINE#         345
  C:55F9H         LINE#         346
  C:560DH         LINE#         347
  C:560DH         LINE#         348
  C:560DH         LINE#         349
  C:561EH         LINE#         350
  C:5641H         LINE#         351
  C:565AH         LINE#         352
  C:5662H         LINE#         353
  C:566CH         LINE#         355
  C:5679H         LINE#         356
  C:5679H         LINE#         357
  C:567CH         LINE#         358
  -------         ENDPROC       _SPIFLASHWRITENOCHECK
  -------         PROC          _SPIFLASHERASESECTOR
  X:046BH         SYMBOL        Dst_Addr
  C:6170H         LINE#         366
  C:6176H         LINE#         367
  C:618FH         LINE#         368
  C:6192H         LINE#         369
  C:6195H         LINE#         370
  C:6197H         LINE#         371
  C:619CH         LINE#         372
  C:61B2H         LINE#         373
  C:61C8H         LINE#         374
  C:61D3H         LINE#         375
BL51 BANKED LINKER/LOCATER V6.22.2.0                                                  07/09/2022  18:24:19  PAGE 49


  C:61D5H         LINE#         376
  -------         ENDPROC       _SPIFLASHERASESECTOR
  -------         PROC          SPIFLASHERASECHIP
  C:6B6BH         LINE#         386
  C:6B6BH         LINE#         387
  C:6B6EH         LINE#         388
  C:6B71H         LINE#         389
  C:6B73H         LINE#         390
  C:6B78H         LINE#         391
  C:6B7AH         LINE#         392
  -------         ENDPROC       SPIFLASHERASECHIP
  -------         PROC          SPIFLASHWAITBUSY
  C:0003H         LINE#         402
  C:0003H         LINE#         403
  C:000AH         LINE#         404
  -------         ENDPROC       SPIFLASHWAITBUSY
  -------         PROC          SPIFLASHPOWERDOWN
  C:6B9EH         LINE#         412
  C:6B9EH         LINE#         413
  C:6BA0H         LINE#         414
  C:6BA5H         LINE#         415
  C:6BA7H         LINE#         416
  -------         ENDPROC       SPIFLASHPOWERDOWN
  -------         PROC          SPIFLASHWAKEUP
  C:6BAEH         LINE#         425
  C:6BAEH         LINE#         426
  C:6BB0H         LINE#         427
  C:6BB5H         LINE#         428
  C:6BB7H         LINE#         429
  -------         ENDPROC       SPIFLASHWAKEUP
  -------         ENDMOD        Z_W25Q64

  -------         MODULE        Z_SENSOR
  C:0000H         SYMBOL        _ICE_DUMMY_
  D:00D0H         PUBLIC        PSW
  D:0080H         PUBLIC        P0
  D:0090H         PUBLIC        P1
  D:00A0H         PUBLIC        P2
  D:00B0H         PUBLIC        P3
  D:00C0H         PUBLIC        P4
  D:00C8H         PUBLIC        P5
  D:00E8H         PUBLIC        P6
  D:00F8H         PUBLIC        P7
  D:00A8H         PUBLIC        IE
  D:00B8H         PUBLIC        IP
  D:0088H         PUBLIC        TCON
  D:0098H         PUBLIC        SCON
  D:00D8H         PUBLIC        CCON
  B:00C0H.4       PUBLIC        AI_pin
  C:68F4H         PUBLIC        AI_jiaqu
  C:009AH         PUBLIC        setup_sensor
  -------         PROC          SETUP_SENSOR
  C:009AH         LINE#         23
  C:009AH         LINE#         27
  -------         ENDPROC       SETUP_SENSOR
  -------         PROC          AI_JIAQU
  C:68F4H         LINE#         29
BL51 BANKED LINKER/LOCATER V6.22.2.0                                                  07/09/2022  18:24:19  PAGE 50


  C:68F4H         LINE#         30
  C:68FAH         LINE#         34
  C:68FDH         LINE#         35
  C:6904H         LINE#         36
  C:6907H         LINE#         37
  C:6910H         LINE#         38
  C:691BH         LINE#         39
  C:691BH         LINE#         40
  C:691BH         LINE#         41
  -------         ENDPROC       AI_JIAQU
  -------         ENDMOD        Z_SENSOR

  -------         MODULE        Z_KINEMATICS
  C:0000H         SYMBOL        _ICE_DUMMY_
  C:5D08H         PUBLIC        _setup_kinematics
  C:21ADH         PUBLIC        _kinematics_analysis
  -------         PROC          _SETUP_KINEMATICS
  X:0453H         SYMBOL        L0
  X:0457H         SYMBOL        L1
  X:045BH         SYMBOL        L2
  X:045FH         SYMBOL        L3
  X:0463H         SYMBOL        kinematics
  C:5D08H         LINE#         11
  C:5D0EH         LINE#         13
  C:5D34H         LINE#         14
  C:5D5DH         LINE#         15
  C:5D86H         LINE#         16
  -------         ENDPROC       _SETUP_KINEMATICS
  -------         PROC          _KINEMATICS_ANALYSIS
  X:047DH         SYMBOL        x
  X:0481H         SYMBOL        y
  X:0485H         SYMBOL        z
  X:0489H         SYMBOL        Alpha
  X:048DH         SYMBOL        kinematics
  -------         DO            
  X:0490H         SYMBOL        theta3
  X:0494H         SYMBOL        theta4
  X:0498H         SYMBOL        theta5
  X:049CH         SYMBOL        theta6
  X:04A0H         SYMBOL        l0
  X:04A4H         SYMBOL        l1
  X:04A8H         SYMBOL        l2
  X:04ACH         SYMBOL        l3
  X:04B0H         SYMBOL        aaa
  X:04B4H         SYMBOL        bbb
  X:04B8H         SYMBOL        ccc
  X:04BCH         SYMBOL        zf_flag
  -------         ENDDO         
  C:21ADH         LINE#         25
  C:21B3H         LINE#         31
  C:21D1H         LINE#         32
  C:21EFH         LINE#         33
  C:220DH         LINE#         35
  C:2221H         LINE#         36
  C:222DH         LINE#         37
  C:2239H         LINE#         38
  C:2245H         LINE#         40
BL51 BANKED LINKER/LOCATER V6.22.2.0                                                  07/09/2022  18:24:19  PAGE 51


  C:225DH         LINE#         41
  C:2267H         LINE#         42
  C:2269H         LINE#         43
  C:22A6H         LINE#         44
  C:22A6H         LINE#         46
  C:22F2H         LINE#         47
  C:2358H         LINE#         48
  C:23C7H         LINE#         49
  C:23EBH         LINE#         50
  C:23F0H         LINE#         51
  C:23F0H         LINE#         52
  C:2472H         LINE#         53
  C:2477H         LINE#         54
  C:2477H         LINE#         56
  C:24DFH         LINE#         57
  C:2620H         LINE#         58
  C:2656H         LINE#         59
  C:265BH         LINE#         60
  C:265BH         LINE#         61
  C:2676H         LINE#         62
  C:267DH         LINE#         63
  C:267FH         LINE#         64
  C:2686H         LINE#         65
  C:2686H         LINE#         66
  C:26CFH         LINE#         67
  C:26F8H         LINE#         68
  C:272CH         LINE#         69
  C:2731H         LINE#         70
  C:2731H         LINE#         72
  C:2826H         LINE#         73
  C:285CH         LINE#         74
  C:2861H         LINE#         75
  C:2861H         LINE#         76
  C:2878H         LINE#         77
  C:28B3H         LINE#         78
  C:28E9H         LINE#         79
  C:28EEH         LINE#         80
  C:28EEH         LINE#         82
  C:2924H         LINE#         83
  C:295AH         LINE#         84
  C:295FH         LINE#         85
  C:295FH         LINE#         87
  C:297EH         LINE#         88
  C:29A7H         LINE#         89
  C:29BBH         LINE#         90
  C:29CFH         LINE#         92
  C:2A13H         LINE#         93
  C:2A4FH         LINE#         94
  C:2A8BH         LINE#         95
  C:2ACFH         LINE#         97
  C:2AD2H         LINE#         98
  -------         ENDPROC       _KINEMATICS_ANALYSIS
  -------         ENDMOD        Z_KINEMATICS

  -------         MODULE        ?C?FPADD
  C:00A5H         PUBLIC        ?C?FPADD
  C:00A1H         PUBLIC        ?C?FPSUB
BL51 BANKED LINKER/LOCATER V6.22.2.0                                                  07/09/2022  18:24:19  PAGE 52


  -------         ENDMOD        ?C?FPADD

  -------         MODULE        ?C?FPMUL
  C:0196H         PUBLIC        ?C?FPMUL
  -------         ENDMOD        ?C?FPMUL

  -------         MODULE        ?C?FPDIV
  C:029FH         PUBLIC        ?C?FPDIV
  -------         ENDMOD        ?C?FPDIV

  -------         MODULE        ?C?FPCMP
  C:033EH         PUBLIC        ?C?FPCMP
  C:033CH         PUBLIC        ?C?FPCMP3
  -------         ENDMOD        ?C?FPCMP

  -------         MODULE        ?C?FPNEG
  C:03B5H         PUBLIC        ?C?FPNEG
  -------         ENDMOD        ?C?FPNEG

  -------         MODULE        ?C?FCAST
  C:03D0H         PUBLIC        ?C?FCASTC
  C:03CBH         PUBLIC        ?C?FCASTI
  C:03C6H         PUBLIC        ?C?FCASTL
  -------         ENDMOD        ?C?FCAST

  -------         MODULE        ?C?CASTF
  C:0404H         PUBLIC        ?C?CASTF
  -------         ENDMOD        ?C?CASTF

  -------         MODULE        PRINTF
  X:0483H         PUBLIC        ?_PRINTF?BYTE
  X:0483H         PUBLIC        ?_SPRINTF?BYTE
  C:32B1H         PUBLIC        _PRINTF
  C:32ABH         PUBLIC        _SPRINTF
  -------         ENDMOD        PRINTF

  -------         MODULE        SCANF
  X:0467H         PUBLIC        ?_SCANF?BYTE
  X:0467H         PUBLIC        ?_SSCANF?BYTE
  C:3756H         PUBLIC        _SCANF
  C:3752H         PUBLIC        _SSCANF
  -------         ENDMOD        SCANF

  -------         MODULE        SQRT
  C:5B0CH         PUBLIC        _SQRT
  -------         ENDMOD        SQRT

  -------         MODULE        SIN
  C:44F4H         PUBLIC        _COS
  C:450AH         PUBLIC        _SIN
  C:4546H         PUBLIC        _TAN
  -------         ENDMOD        SIN

  -------         MODULE        ATAN
  C:4DFEH         PUBLIC        _ATAN
  -------         ENDMOD        ATAN

BL51 BANKED LINKER/LOCATER V6.22.2.0                                                  07/09/2022  18:24:19  PAGE 53


  -------         MODULE        ACOS
  C:65ABH         PUBLIC        _ACOS
  -------         ENDMOD        ACOS

  -------         MODULE        ?C?FPROUND
  C:0485H         PUBLIC        ?C?FPROUND
  -------         ENDMOD        ?C?FPROUND

  -------         MODULE        ?C?FPCONVERT
  C:04C2H         PUBLIC        ?C?FPCONVERT
  -------         ENDMOD        ?C?FPCONVERT

  -------         MODULE        ?C?FTNPWR
  C:0644H         PUBLIC        ?C?FTNPWR
  -------         ENDMOD        ?C?FTNPWR

  -------         MODULE        ?C?COPY
  C:0754H         PUBLIC        ?C?COPY
  -------         ENDMOD        ?C?COPY

  -------         MODULE        ?C?CLDPTR
  C:077AH         PUBLIC        ?C?CLDPTR
  -------         ENDMOD        ?C?CLDPTR

  -------         MODULE        ?C?CLDOPTR
  C:0793H         PUBLIC        ?C?CLDOPTR
  -------         ENDMOD        ?C?CLDOPTR

  -------         MODULE        ?C?CSTPTR
  C:07C0H         PUBLIC        ?C?CSTPTR
  -------         ENDMOD        ?C?CSTPTR

  -------         MODULE        ?C?CSTOPTR
  C:07D2H         PUBLIC        ?C?CSTOPTR
  -------         ENDMOD        ?C?CSTOPTR

  -------         MODULE        ?C?IMUL
  C:07F4H         PUBLIC        ?C?IMUL
  -------         ENDMOD        ?C?IMUL

  -------         MODULE        ?C?SIDIV
  C:0806H         PUBLIC        ?C?SIDIV
  -------         ENDMOD        ?C?SIDIV

  -------         MODULE        ?C?IILDX
  C:083CH         PUBLIC        ?C?IILDX
  -------         ENDMOD        ?C?IILDX

  -------         MODULE        ?C?ILDIX
  C:0852H         PUBLIC        ?C?ILDIX
  -------         ENDMOD        ?C?ILDIX

  -------         MODULE        ?C?ILDPTR
  C:0868H         PUBLIC        ?C?ILDPTR
  -------         ENDMOD        ?C?ILDPTR

  -------         MODULE        ?C?ILDOPTR
BL51 BANKED LINKER/LOCATER V6.22.2.0                                                  07/09/2022  18:24:19  PAGE 54


  C:0893H         PUBLIC        ?C?ILDOPTR
  -------         ENDMOD        ?C?ILDOPTR

  -------         MODULE        ?C?ISTPTR
  C:08CBH         PUBLIC        ?C?ISTPTR
  -------         ENDMOD        ?C?ISTPTR

  -------         MODULE        ?C?ISTOPTR
  C:08EAH         PUBLIC        ?C?ISTOPTR
  -------         ENDMOD        ?C?ISTOPTR

  -------         MODULE        ?C?ULDIV
  C:0953H         PUBLIC        ?C?ULDIV
  -------         ENDMOD        ?C?ULDIV

  -------         MODULE        ?C?LNEG
  C:09E5H         PUBLIC        ?C?LNEG
  -------         ENDMOD        ?C?LNEG

  -------         MODULE        ?C?ULCMP
  C:09F3H         PUBLIC        ?C?ULCMP
  -------         ENDMOD        ?C?ULCMP

  -------         MODULE        ?C?ULSHR
  C:0A04H         PUBLIC        ?C?ULSHR
  -------         ENDMOD        ?C?ULSHR

  -------         MODULE        ?C?LSHL
  C:0A17H         PUBLIC        ?C?LSHL
  -------         ENDMOD        ?C?LSHL

  -------         MODULE        ?C?LLDPTR
  C:0A2AH         PUBLIC        ?C?LLDPTR
  -------         ENDMOD        ?C?LLDPTR

  -------         MODULE        ?C?LLDOPTR
  C:0A4AH         PUBLIC        ?C?LLDOPTR
  -------         ENDMOD        ?C?LLDOPTR

  -------         MODULE        ?C?LSTPTR
  C:0A7AH         PUBLIC        ?C?LSTPTR
  -------         ENDMOD        ?C?LSTPTR

  -------         MODULE        ?C?LSTOPTR
  C:0A94H         PUBLIC        ?C?LSTOPTR
  -------         ENDMOD        ?C?LSTOPTR

  -------         MODULE        ?C?LLDXDATA
  C:0AB8H         PUBLIC        ?C?LLDXDATA
  -------         ENDMOD        ?C?LLDXDATA

  -------         MODULE        ?C?LLDCODE
  C:0AC4H         PUBLIC        ?C?LLDCODE
  -------         ENDMOD        ?C?LLDCODE

  -------         MODULE        ?C?LLDXDATA0
  C:0AD4H         PUBLIC        ?C?LLDXDATA0
BL51 BANKED LINKER/LOCATER V6.22.2.0                                                  07/09/2022  18:24:19  PAGE 55


  -------         ENDMOD        ?C?LLDXDATA0

  -------         MODULE        ?C?LLDCODE0
  C:0AE0H         PUBLIC        ?C?LLDCODE0
  -------         ENDMOD        ?C?LLDCODE0

  -------         MODULE        ?C?LSTXDATA
  C:0AF0H         PUBLIC        ?C?LSTXDATA
  -------         ENDMOD        ?C?LSTXDATA

  -------         MODULE        ?C?LSTKXDATA
  C:0AFCH         PUBLIC        ?C?LSTKXDATA
  -------         ENDMOD        ?C?LSTKXDATA

  -------         MODULE        ?C?OFFXADD
  C:0B2DH         PUBLIC        ?C?OFFXADD
  -------         ENDMOD        ?C?OFFXADD

  -------         MODULE        ?C?PLDXDATA
  C:0B39H         PUBLIC        ?C?PLDXDATA
  -------         ENDMOD        ?C?PLDXDATA

  -------         MODULE        ?C?PLDIXDATA
  C:0B42H         PUBLIC        ?C?PLDIXDATA
  -------         ENDMOD        ?C?PLDIXDATA

  -------         MODULE        ?C?PILDXDATA
  C:0B59H         PUBLIC        ?C?PILDXDATA
  -------         ENDMOD        ?C?PILDXDATA

  -------         MODULE        ?C?PSTXDATA
  C:0B70H         PUBLIC        ?C?PSTXDATA
  -------         ENDMOD        ?C?PSTXDATA

  -------         MODULE        ?C?CCASE
  C:0B79H         PUBLIC        ?C?CCASE
  -------         ENDMOD        ?C?CCASE

  -------         MODULE        PUTCHAR
  C:691CH         PUBLIC        _PUTCHAR
  -------         ENDMOD        PUTCHAR

  -------         MODULE        GETCHAR
  B:0021H.3       PUBLIC        ?C?CHARLOADED
  X:050CH         PUBLIC        ?_UNGETCHAR?BYTE
  C:6B1EH         PUBLIC        GETCHAR
  -------         ENDMOD        GETCHAR

  -------         MODULE        UNGETC
  C:6C2BH         PUBLIC        _UNGETCHAR
  -------         ENDMOD        UNGETC

  -------         MODULE        ISSPACE
  C:6B32H         PUBLIC        _isspace
  -------         ENDMOD        ISSPACE

  -------         MODULE        ?C?STRCPY
BL51 BANKED LINKER/LOCATER V6.22.2.0                                                  07/09/2022  18:24:19  PAGE 56


  C:0C6BH         PUBLIC        ?C?STRCPY
  -------         ENDMOD        ?C?STRCPY

  -------         MODULE        STRLEN
  C:6ACDH         PUBLIC        _STRLEN
  -------         ENDMOD        STRLEN

  -------         MODULE        ?C?MEMSET
  C:0C88H         PUBLIC        ?C?MEMSET
  -------         ENDMOD        ?C?MEMSET

  -------         MODULE        ?C?UIDIV
  C:0CB4H         PUBLIC        ?C?UIDIV
  -------         ENDMOD        ?C?UIDIV

  -------         MODULE        ?C?LLDIDATA
  C:0D09H         PUBLIC        ?C?LLDIDATA
  -------         ENDMOD        ?C?LLDIDATA

  -------         MODULE        ?C?LLDPDATA
  C:0D15H         PUBLIC        ?C?LLDPDATA
  -------         ENDMOD        ?C?LLDPDATA

  -------         MODULE        ?C?LSTIDATA
  C:0D21H         PUBLIC        ?C?LSTIDATA
  -------         ENDMOD        ?C?LSTIDATA

  -------         MODULE        ?C?LSTPDATA
  C:0D2DH         PUBLIC        ?C?LSTPDATA
  -------         ENDMOD        ?C?LSTPDATA

  -------         MODULE        _GETKEY
  C:6C21H         PUBLIC        _GETKEY
  -------         ENDMOD        _GETKEY

*** WARNING L16: UNCALLED SEGMENT, IGNORED FOR OVERLAY PROCESS
    SEGMENT: ?PR?SETUP_UART4?Z_MAIN

*** WARNING L16: UNCALLED SEGMENT, IGNORED FOR OVERLAY PROCESS
    SEGMENT: ?PR?LOOP_PS2_JOYSTICK?Z_MAIN

*** WARNING L16: UNCALLED SEGMENT, IGNORED FOR OVERLAY PROCESS
    SEGMENT: ?PR?LOOP_PS2_CAR?Z_MAIN

*** WARNING L16: UNCALLED SEGMENT, IGNORED FOR OVERLAY PROCESS
    SEGMENT: ?PR?HANDLE_UART?Z_MAIN

*** WARNING L16: UNCALLED SEGMENT, IGNORED FOR OVERLAY PROCESS
    SEGMENT: ?PR?CHECK_DJ_STATE?Z_MAIN

*** WARNING L16: UNCALLED SEGMENT, IGNORED FOR OVERLAY PROCESS
    SEGMENT: ?PR?_ADC_READ?Z_ADC

*** WARNING L16: UNCALLED SEGMENT, IGNORED FOR OVERLAY PROCESS
    SEGMENT: ?PR?_DELAY?Z_DELAY

*** WARNING L16: UNCALLED SEGMENT, IGNORED FOR OVERLAY PROCESS
BL51 BANKED LINKER/LOCATER V6.22.2.0                                                  07/09/2022  18:24:19  PAGE 57


    SEGMENT: ?PR?_UDELAY?Z_DELAY

*** WARNING L16: UNCALLED SEGMENT, IGNORED FOR OVERLAY PROCESS
    SEGMENT: ?PR?_SELECTION_SORT?Z_GLOBAL

*** WARNING L16: UNCALLED SEGMENT, IGNORED FOR OVERLAY PROCESS
    SEGMENT: ?PR?TIMER1_INIT?Z_TIMER

*** WARNING L16: UNCALLED SEGMENT, IGNORED FOR OVERLAY PROCESS
    SEGMENT: ?PR?GET_UART_TIMEOUT?Z_UART

*** WARNING L16: UNCALLED SEGMENT, IGNORED FOR OVERLAY PROCESS
    SEGMENT: ?PR?UART1_CLOSE?Z_UART

*** WARNING L16: UNCALLED SEGMENT, IGNORED FOR OVERLAY PROCESS
    SEGMENT: ?PR?UART2_CLOSE?Z_UART

*** WARNING L16: UNCALLED SEGMENT, IGNORED FOR OVERLAY PROCESS
    SEGMENT: ?PR?UART4_CLOSE?Z_UART

*** WARNING L16: UNCALLED SEGMENT, IGNORED FOR OVERLAY PROCESS
    SEGMENT: ?PR?SPISETSPEEDLOW?Z_W25Q64

*** WARNING L16: UNCALLED SEGMENT, IGNORED FOR OVERLAY PROCESS
    SEGMENT: ?PR?SPISETSPEEDHIGH?Z_W25Q64

*** WARNING L16: UNCALLED SEGMENT, IGNORED FOR OVERLAY PROCESS
    SEGMENT: ?PR?_SPIFLASHWRITESR?Z_W25Q64

*** WARNING L16: UNCALLED SEGMENT, IGNORED FOR OVERLAY PROCESS
    SEGMENT: ?PR?SPIFLASHWRITEDISABLE?Z_W25Q64

*** WARNING L16: UNCALLED SEGMENT, IGNORED FOR OVERLAY PROCESS
    SEGMENT: ?PR?_SPIFLASHREADCHAR?Z_W25Q64

*** WARNING L16: UNCALLED SEGMENT, IGNORED FOR OVERLAY PROCESS
    SEGMENT: ?PR?_SPIFLASHWRITE?Z_W25Q64

*** WARNING L16: UNCALLED SEGMENT, IGNORED FOR OVERLAY PROCESS
    SEGMENT: ?PR?_SPIFLASHWRITECHAR?Z_W25Q64

*** WARNING L16: UNCALLED SEGMENT, IGNORED FOR OVERLAY PROCESS
    SEGMENT: ?PR?SPIFLASHERASECHIP?Z_W25Q64

*** WARNING L16: UNCALLED SEGMENT, IGNORED FOR OVERLAY PROCESS
    SEGMENT: ?PR?SPIFLASHPOWERDOWN?Z_W25Q64

*** WARNING L16: UNCALLED SEGMENT, IGNORED FOR OVERLAY PROCESS
    SEGMENT: ?PR?SPIFLASHWAKEUP?Z_W25Q64

*** WARNING L16: UNCALLED SEGMENT, IGNORED FOR OVERLAY PROCESS
    SEGMENT: ?PR?AI_JIAQU?Z_SENSOR

Program Size: data=29.4 xdata=1293 code=27765
LINK/LOCATE RUN COMPLETE.  25 WARNING(S),  0 ERROR(S)
