BL51 BANKED LINKER/LOCATER V6.22                                                        08/18/2020  14:49:23  PAGE 1


BL51 BANKED LINKER/LOCATER V6.22, INVOKED BY:
C:\KEIL\C51\BIN\BL51.EXE .\obj\z_main.obj, .\obj\z_adc.obj, .\obj\z_delay.obj, .\obj\z_global.obj, .\obj\z_gpio.obj, .\o
>> bj\z_ps2.obj, .\obj\z_timer.obj, .\obj\z_uart.obj, .\obj\z_w25q64.obj, .\obj\z_sensor.obj, .\obj\z_color.obj TO .\obj
>> \Kibot1-51 PRINT (.\lst\Kibot1-51.m51)


MEMORY MODEL: LARGE WITH FLOATING POINT ARITHMETIC


INPUT MODULES INCLUDED:
  .\obj\z_main.obj (Z_MAIN)
  .\obj\z_adc.obj (Z_ADC)
  .\obj\z_delay.obj (Z_DELAY)
  .\obj\z_global.obj (Z_GLOBAL)
  .\obj\z_gpio.obj (Z_GPIO)
  .\obj\z_ps2.obj (Z_PS2)
  .\obj\z_timer.obj (Z_TIMER)
  .\obj\z_uart.obj (Z_UART)
  .\obj\z_w25q64.obj (Z_W25Q64)
  .\obj\z_sensor.obj (Z_SENSOR)
  .\obj\z_color.obj (Z_COLOR)
  C:\KEIL\C51\LIB\C51FPL.LIB (?C?FPADD)
  C:\KEIL\C51\LIB\C51FPL.LIB (?C?FPMUL)
  C:\KEIL\C51\LIB\C51FPL.LIB (?C?FPDIV)
  C:\KEIL\C51\LIB\C51FPL.LIB (?C?FPCMP)
  C:\KEIL\C51\LIB\C51FPL.LIB (?C?FPNEG)
  C:\KEIL\C51\LIB\C51FPL.LIB (?C?FCAST)
  C:\KEIL\C51\LIB\C51FPL.LIB (?C?CASTF)
  C:\KEIL\C51\LIB\C51FPL.LIB (PRINTF)
  C:\KEIL\C51\LIB\C51FPL.LIB (SCANF)
  C:\KEIL\C51\LIB\C51FPL.LIB (?C?FPGETOPN)
  C:\KEIL\C51\LIB\C51FPL.LIB (?C?FPROUND)
  C:\KEIL\C51\LIB\C51FPL.LIB (?C?FPCONVERT)
  C:\KEIL\C51\LIB\C51FPL.LIB (?C?ATOF)
  C:\KEIL\C51\LIB\C51FPL.LIB (?C?FTNPWR)
  C:\KEIL\C51\LIB\C51L.LIB (?C_STARTUP)
  C:\KEIL\C51\LIB\C51L.LIB (?C?COPY)
  C:\KEIL\C51\LIB\C51L.LIB (?C?CLDPTR)
  C:\KEIL\C51\LIB\C51L.LIB (?C?CLDOPTR)
  C:\KEIL\C51\LIB\C51L.LIB (?C?CSTPTR)
  C:\KEIL\C51\LIB\C51L.LIB (?C?CSTOPTR)
  C:\KEIL\C51\LIB\C51L.LIB (?C?IMUL)
  C:\KEIL\C51\LIB\C51L.LIB (?C?UIDIV)
  C:\KEIL\C51\LIB\C51L.LIB (?C?SIDIV)
  C:\KEIL\C51\LIB\C51L.LIB (?C?IILDX)
  C:\KEIL\C51\LIB\C51L.LIB (?C?ILDIX)
  C:\KEIL\C51\LIB\C51L.LIB (?C?ILDPTR)
  C:\KEIL\C51\LIB\C51L.LIB (?C?ILDOPTR)
  C:\KEIL\C51\LIB\C51L.LIB (?C?ISTPTR)
  C:\KEIL\C51\LIB\C51L.LIB (?C?ISTOPTR)
  C:\KEIL\C51\LIB\C51L.LIB (?C?LMUL)
  C:\KEIL\C51\LIB\C51L.LIB (?C?ULDIV)
  C:\KEIL\C51\LIB\C51L.LIB (?C?LNEG)
  C:\KEIL\C51\LIB\C51L.LIB (?C?ULCMP)
  C:\KEIL\C51\LIB\C51L.LIB (?C?ULSHR)
  C:\KEIL\C51\LIB\C51L.LIB (?C?LSHL)
  C:\KEIL\C51\LIB\C51L.LIB (?C?LSTPTR)
  C:\KEIL\C51\LIB\C51L.LIB (?C?LLDIXDATA)
BL51 BANKED LINKER/LOCATER V6.22                                                      08/18/2020  14:49:23  PAGE 2


  C:\KEIL\C51\LIB\C51L.LIB (?C?LSTXDATA)
  C:\KEIL\C51\LIB\C51L.LIB (?C?LSTKXDATA)
  C:\KEIL\C51\LIB\C51L.LIB (?C?OFFXADD)
  C:\KEIL\C51\LIB\C51L.LIB (?C?PLDXDATA)
  C:\KEIL\C51\LIB\C51L.LIB (?C?PLDIXDATA)
  C:\KEIL\C51\LIB\C51L.LIB (?C?PILDXDATA)
  C:\KEIL\C51\LIB\C51L.LIB (?C?PSTXDATA)
  C:\KEIL\C51\LIB\C51L.LIB (?C?CCASE)
  C:\KEIL\C51\LIB\C51L.LIB (PUTCHAR)
  C:\KEIL\C51\LIB\C51L.LIB (GETCHAR)
  C:\KEIL\C51\LIB\C51L.LIB (UNGETC)
  C:\KEIL\C51\LIB\C51L.LIB (ISSPACE)
  C:\KEIL\C51\LIB\C51L.LIB (?C?STRCPY)
  C:\KEIL\C51\LIB\C51L.LIB (STRLEN)
  C:\KEIL\C51\LIB\C51L.LIB (?C?MEMSET)
  C:\KEIL\C51\LIB\C51L.LIB (?C_INIT)
  C:\KEIL\C51\LIB\C51L.LIB (?C?LSTIDATA)
  C:\KEIL\C51\LIB\C51L.LIB (?C?LSTPDATA)
  C:\KEIL\C51\LIB\C51L.LIB (_GETKEY)


LINK MAP OF MODULE:  .\obj\Kibot1-51 (Z_MAIN)


            TYPE    BASE      LENGTH    RELOCATION   SEGMENT NAME
            -----------------------------------------------------

            * * * * * * *   D A T A   M E M O R Y   * * * * * * *
            REG     0000H     0008H     ABSOLUTE     "REG BANK 0"
                    0008H     0008H                  *** GAP ***
            REG     0010H     0008H     ABSOLUTE     "REG BANK 2"
                    0018H     0008H                  *** GAP ***
            BIT     0020H.0   0001H.3   UNIT         _BIT_GROUP_
            BIT     0021H.3   0000H.1   UNIT         ?BI?GETCHAR
                    0021H.4   0000H.4                *** GAP ***
            DATA    0022H     000BH     UNIT         _DATA_GROUP_
            IDATA   002DH     0001H     UNIT         ?STACK

            * * * * * * *  X D A T A   M E M O R Y  * * * * * * *
            XDATA   0000H     03A2H     UNIT         ?XD?Z_GLOBAL
            XDATA   03A2H     005CH     UNIT         ?XD?Z_MAIN
            XDATA   03FEH     0051H     UNIT         ?XD?Z_SENSOR
            XDATA   044FH     004BH     UNIT         _XDATA_GROUP_
            XDATA   049AH     0010H     UNIT         ?XD?Z_UART
            XDATA   04AAH     000FH     UNIT         ?XD?_SPIFLASHWRITE?Z_W25Q64
            XDATA   04B9H     000CH     UNIT         ?XD?_RGBTOHSL?Z_COLOR
            XDATA   04C5H     000CH     UNIT         ?XD?Z_COLOR
            XDATA   04D1H     0009H     UNIT         ?XD?_SPIFLASHWRITESECTOR?Z_W25Q64
            XDATA   04DAH     0006H     UNIT         ?XD?CHECK_DJ_STATE?Z_MAIN
            XDATA   04E0H     0006H     UNIT         ?XD?Z_TIMER
            XDATA   04E6H     0005H     UNIT         ?XD?_SPIFLASHWRITECHAR?Z_W25Q64
            XDATA   04EBH     0004H     UNIT         ?XD?_SPIFLASHREADCHAR?Z_W25Q64
            XDATA   04EFH     0001H     UNIT         ?XD?Z_W25Q64
            XDATA   04F0H     0001H     UNIT         ?XD?TCS34725_DISABLE?Z_COLOR
            XDATA   04F1H     0001H     UNIT         ?XD?TCS34725_GETR?Z_COLOR
            XDATA   04F2H     0001H     UNIT         ?XD?TCS34725_GETG?Z_COLOR
            XDATA   04F3H     0001H     UNIT         ?XD?TCS34725_GETB?Z_COLOR
BL51 BANKED LINKER/LOCATER V6.22                                                      08/18/2020  14:49:23  PAGE 3


            XDATA   04F4H     0001H     UNIT         ?XD?TCS34725_GETC?Z_COLOR
            XDATA   04F5H     0001H     UNIT         ?XD?GETCHAR

            * * * * * * *   C O D E   M E M O R Y   * * * * * * *
            CODE    0000H     0003H     ABSOLUTE     
            CODE    0003H     0008H     UNIT         ?PR?SPIFLASHWAITBUSY?Z_W25Q64
            CODE    000BH     0003H     ABSOLUTE     
            CODE    000EH     000DH     UNIT         ?PR?DJ_IO_INIT?Z_GPIO
            CODE    001BH     0003H     ABSOLUTE     
            CODE    001EH     0005H     UNIT         ?PR?SETUP_YSSB?Z_SENSOR
            CODE    0023H     0003H     ABSOLUTE     
            CODE    0026H     001DH     UNIT         ?PR?_UART1_SEND_BYTE?Z_UART
            CODE    0043H     0003H     ABSOLUTE     
            CODE    0046H     004DH     UNIT         ?PR?_SPIFLASHWRITECHAR?Z_W25Q64
            CODE    0093H     0003H     ABSOLUTE     
            CODE    0096H     0005H     UNIT         ?PR?TCS34725_I2C_INIT?Z_COLOR
            CODE    009BH     0003H     ABSOLUTE     
            CODE    009EH     0C02H     UNIT         ?C?LIB_CODE
            CODE    0CA0H     0A6AH     UNIT         ?PR?_PARSE_ACTION?Z_MAIN
            CODE    170AH     08FEH     UNIT         ?PR?_PARSE_CMD?Z_MAIN
            CODE    2008H     0650H     UNIT         ?CO?Z_MAIN
            CODE    2658H     0483H     UNIT         ?PR?PRINTF?PRINTF
            CODE    2ADBH     035AH     UNIT         ?PR?SCANF?SCANF
            CODE    2E35H     0332H     UNIT         ?PR?_PARSE_PSX_BUF?Z_MAIN
            CODE    3167H     0283H     UNIT         ?PR?_RGBTOHSL?Z_COLOR
            CODE    33EAH     025DH     UNIT         ?PR?LOOP_PS2_JOYSTICK?Z_MAIN
            CODE    3647H     01E0H     UNIT         ?PR?_ACTION_SAVE?Z_MAIN
            CODE    3827H     0184H     UNIT         ?PR?LOOP_BT_ONCE?Z_MAIN
            CODE    39ABH     0171H     UNIT         ?PR?_DUOJI_INC_HANDLE?Z_TIMER
            CODE    3B1CH     013FH     UNIT         ?PR?_SELECTION_SORT?Z_GLOBAL
            CODE    3C5BH     013EH     UNIT         ?PR?LOOP_PS2_CAR?Z_MAIN
            CODE    3D99H     013EH     UNIT         ?PR?UART1?Z_UART
            CODE    3ED7H     013CH     UNIT         ?PR?UART2_INT?Z_UART
            CODE    4013H     013CH     UNIT         ?PR?UART4?Z_UART
            CODE    414FH     0129H     UNIT         ?PR?_SPIFLASHWRITE?Z_W25Q64
            CODE    4278H     011EH     UNIT         ?PR?T0_IRQ?Z_TIMER
            CODE    4396H     011DH     UNIT         ?PR?_GETMAXTIME?Z_MAIN
            CODE    44B3H     011BH     UNIT         ?C_INITSEG
            CODE    45CEH     0119H     UNIT         ?PR?_STR_CONTAIN_STR?Z_GLOBAL
            CODE    46E7H     0117H     UNIT         ?PR?AI_YANSE_SHIBIE?Z_SENSOR
            CODE    47FEH     010CH     UNIT         ?PR?LOOP_ACTION?Z_MAIN
            CODE    490AH     00EAH     UNIT         ?PR?_SPIFLASHWRITENOCHECK?Z_W25Q64
            CODE    49F4H     00E6H     UNIT         ?PR??C?ATOF??C?ATOF
            CODE    4ADAH     00CCH     UNIT         ?PR?SETUP_START?Z_MAIN
            CODE    4BA6H     00C6H     UNIT         ?PR?_ERASE_SECTOR?Z_MAIN
            CODE    4C6CH     00B1H     UNIT         ?PR?GET_ADC_YSSB_MIDDLE?Z_SENSOR
            CODE    4D1DH     00B0H     UNIT         ?PR?_PSX_WRITE_READ?Z_PS2
            CODE    4DCDH     00ABH     UNIT         ?PR?_PRINT_GROUP?Z_MAIN
            CODE    4E78H     00A9H     UNIT         ?PR?_SPIFLASHWRITEPAGE?Z_W25Q64
            CODE    4F21H     00A8H     UNIT         ?PR?LOOP_SENSOR?Z_SENSOR
            CODE    4FC9H     00A6H     UNIT         ?PR?SETUP_W25Q64?Z_MAIN
            CODE    506FH     0096H     UNIT         ?PR?AI_GENSUI_MOSHI?Z_SENSOR
            CODE    5105H     008CH     UNIT         ?PR?_GET_ACTION_INDEX?Z_MAIN
            CODE    5191H     008CH     UNIT         ?C_C51STARTUP
            CODE    521DH     008BH     UNIT         ?PR?GET_CSB_VALUE?Z_SENSOR
            CODE    52A8H     0086H     UNIT         ?PR?SETUP_SERVO_BIAS?Z_MAIN
            CODE    532EH     0085H     UNIT         ?PR?_SPIFLASHREAD?Z_W25Q64
BL51 BANKED LINKER/LOCATER V6.22                                                      08/18/2020  14:49:23  PAGE 4


            CODE    53B3H     0084H     UNIT         ?PR?AI_XUNJI_MOSHI?Z_SENSOR
            CODE    5437H     0084H     UNIT         ?PR?_TCS34725_GETRAWDATA?Z_COLOR
            CODE    54BBH     0080H     UNIT         ?PR?CHECK_DJ_STATE?Z_MAIN
            CODE    553BH     0076H     UNIT         ?PR?_TCS34725_WRITE?Z_COLOR
            CODE    55B1H     0075H     UNIT         ?PR?MAIN?Z_MAIN
            CODE    5626H     0073H     UNIT         ?PR?_DO_GROUP_ONCE?Z_MAIN
            CODE    5699H     0071H     UNIT         ?PR?_TCS34725_I2C_READ?Z_COLOR
            CODE    570AH     006BH     UNIT         ?PR?AI_ZIYOU_BIZHANG?Z_SENSOR
            CODE    5775H     0068H     UNIT         ?PR?_SPIFLASHERASESECTOR?Z_W25Q64
            CODE    57DDH     0063H     UNIT         ?PR?_TCS34725_I2C_WRITE?Z_COLOR
            CODE    5840H     0061H     UNIT         ?PR?_UART4_INIT?Z_UART
            CODE    58A1H     0060H     UNIT         ?PR?_UART1_INIT?Z_UART
            CODE    5901H     0060H     UNIT         ?PR?_SPIFLASHWRITESECTOR?Z_W25Q64
            CODE    5961H     005FH     UNIT         ?PR?TCS34725_I2C_WAIT_ACK?Z_COLOR
            CODE    59C0H     005EH     UNIT         ?PR?_UART2_INIT?Z_UART
            CODE    5A1EH     005EH     UNIT         ?PR?AI_DINGJU_JIAQU?Z_SENSOR
            CODE    5A7CH     0059H     UNIT         ?PR?_BEEP_ON_TIMES?Z_GPIO
            CODE    5AD5H     0056H     UNIT         ?PR?LOOP_UART?Z_MAIN
            CODE    5B2BH     0056H     UNIT         ?PR?_TIMER0_RESET?Z_TIMER
            CODE    5B81H     0055H     UNIT         ?PR?_PSX_TRANSFER?Z_PS2
            CODE    5BD6H     0050H     UNIT         ?PR?GLOBAL_INIT?Z_GLOBAL
            CODE    5C26H     004CH     UNIT         ?PR?LOOP_MONITOR?Z_MAIN
            CODE    5C72H     004BH     UNIT         ?PR?T3_IRQ?Z_TIMER
            CODE    5CBDH     004AH     UNIT         ?PR?AI_XUNJI_BIZHANG?Z_SENSOR
            CODE    5D07H     004AH     UNIT         ?PR?_TCS34725_READ?Z_COLOR
            CODE    5D51H     0049H     UNIT         ?PR?GET_ADC_CSB_MIDDLE?Z_SENSOR
            CODE    5D9AH     0047H     UNIT         ?PR?AI_SHENGKONG_JIAQU?Z_SENSOR
            CODE    5DE1H     0043H     UNIT         ?PR?_INT_EXCHANGE?Z_MAIN
            CODE    5E24H     0041H     UNIT         ?PR?_ABS_FLOAT?Z_TIMER
            CODE    5E65H     003EH     UNIT         ?PR?_CAR_SET?Z_MAIN
            CODE    5EA3H     003DH     UNIT         ?PR?LOOP_PS2_DATA?Z_MAIN
            CODE    5EE0H     003DH     UNIT         ?PR?_TCS34725_LEDON?Z_COLOR
            CODE    5F1DH     003BH     UNIT         ?PR?_UART1_SEND_STR?Z_UART
            CODE    5F58H     0039H     UNIT         ?PR?_TCS34725_GETCHANNELDATA?Z_COLOR
            CODE    5F91H     0038H     UNIT         ?PR?_DJ_IO_SET?Z_GPIO
            CODE    5FC9H     0038H     UNIT         ?PR?_TCS34725_INIT?Z_COLOR
            CODE    6001H     0037H     UNIT         ?PR?LOOP_NLED?Z_MAIN
            CODE    6038H     0037H     UNIT         ?PR?LOOP_PS2_BUTTON?Z_MAIN
            CODE    606FH     0037H     UNIT         ?PR?_ZX_UART_SEND_STR?Z_UART
            CODE    60A6H     0037H     UNIT         ?CO?Z_SENSOR
            CODE    60DDH     0035H     UNIT         ?PR?_SPIFLASHREADCHAR?Z_W25Q64
            CODE    6112H     0033H     UNIT         ?PR?_UART4_SEND_STR?Z_UART
            CODE    6145H     002FH     UNIT         ?PR?_UART2_SEND_BYTE?Z_UART
            CODE    6174H     002EH     UNIT         ?PR?_TCS34725_I2C_SEND_BYTE?Z_COLOR
            CODE    61A2H     002DH     UNIT         ?PR?TCS34725_DISABLE?Z_COLOR
            CODE    61CFH     002CH     UNIT         ?PR?_TCS34725_I2C_READ_BYTE?Z_COLOR
            CODE    61FBH     002BH     UNIT         ?PR?TCS34725_ENABLE?Z_COLOR
            CODE    6226H     002AH     UNIT         ?PR?SPIFLASHREADID?Z_W25Q64
            CODE    6250H     0028H     UNIT         ?PR?_ADC_READ?Z_ADC
            CODE    6278H     0027H     UNIT         ?PR?PUTCHAR?PUTCHAR
            CODE    629FH     0025H     UNIT         ?PR?REWRITE_EEPROM?Z_MAIN
            CODE    62C4H     0024H     UNIT         ?PR?_UART2_SEND_STR?Z_UART
            CODE    62E8H     0021H     UNIT         ?PR?T1_IRQ?Z_TIMER
            CODE    6309H     0020H     UNIT         ?PR?_MDELAY?Z_DELAY
            CODE    6329H     0020H     UNIT         ?PR?_UART4_SEND_BYTE?Z_UART
            CODE    6349H     001FH     UNIT         ?PR?_DELAY_S?Z_COLOR
            CODE    6368H     001EH     UNIT         ?PR?_SPIWRITEREAD?Z_W25Q64
BL51 BANKED LINKER/LOCATER V6.22                                                      08/18/2020  14:49:23  PAGE 5


            CODE    6386H     001EH     UNIT         ?PR?TCS34725_GETG?Z_COLOR
            CODE    63A4H     001EH     UNIT         ?PR?TCS34725_GETB?Z_COLOR
            CODE    63C2H     001EH     UNIT         ?PR?TCS34725_GETC?Z_COLOR
            CODE    63E0H     001DH     UNIT         ?PR?TCS34725_GETR?Z_COLOR
            CODE    63FDH     001CH     UNIT         ?PR?SPIFLASHINIT?Z_W25Q64
            CODE    6419H     001BH     UNIT         ?PR?IO_INIT?Z_GPIO
            CODE    6434H     0019H     UNIT         ?PR?_REPLACE_CHAR?Z_MAIN
            CODE    644DH     0018H     UNIT         ?PR?TIMER0_INIT?Z_TIMER
            CODE    6465H     0018H     UNIT         ?PR?TCS34725_I2C_STOP?Z_COLOR
            CODE    647DH     0017H     UNIT         ?PR?SETUP_UART1?Z_MAIN
            CODE    6494H     0017H     UNIT         ?PR?SETUP_UART2?Z_MAIN
            CODE    64ABH     0017H     UNIT         ?PR?SETUP_UART4?Z_MAIN
            CODE    64C2H     0016H     UNIT         ?PR?AI_SHENGKONG_XUNJI?Z_SENSOR
            CODE    64D8H     0016H     UNIT         ?PR?_TCS34725_SETGAIN?Z_COLOR
            CODE    64EEH     0015H     UNIT         ?PR?_ADC_INIT?Z_ADC
            CODE    6503H     0015H     UNIT         ?PR?_TCS34725_SETINTEGRATIONTIME?Z_COLOR
            CODE    6518H     0015H     UNIT         ?PR?_STRLEN?STRLEN
            CODE    652DH     0014H     UNIT         ?PR?___ABS_INT?Z_MAIN
            CODE    6541H     0014H     UNIT         ?PR?_ABS_INT?Z_GLOBAL
            CODE    6555H     0014H     UNIT         ?PR?TIMER1_INIT?Z_TIMER
            CODE    6569H     0014H     UNIT         ?PR?GETCHAR?GETCHAR
            CODE    657DH     0014H     UNIT         ?PR?_ISSPACE?ISSPACE
            CODE    6591H     0013H     UNIT         ?PR?_UDELAY?Z_DELAY
            CODE    65A4H     0013H     UNIT         ?PR?TCS34725_I2C_START?Z_COLOR
            CODE    65B7H     0012H     UNIT         ?PR?TIMER3_INIT?Z_TIMER
            CODE    65C9H     0012H     UNIT         ?PR?SPIFLASHERASECHIP?Z_W25Q64
            CODE    65DBH     0011H     UNIT         ?PR?_SPIFLASHWRITESR?Z_W25Q64
            CODE    65ECH     0010H     UNIT         ?PR?__DELAY_US?Z_W25Q64
            CODE    65FCH     0010H     UNIT         ?PR?SPIFLASHPOWERDOWN?Z_W25Q64
            CODE    660CH     0010H     UNIT         ?PR?SPIFLASHWAKEUP?Z_W25Q64
            CODE    661CH     000FH     UNIT         ?PR?MILLIS?Z_TIMER
            CODE    662BH     000FH     UNIT         ?PR?GET_UART_TIMEOUT?Z_UART
            CODE    663AH     000FH     UNIT         ?PR?SPIFLASHREADSR?Z_W25Q64
            CODE    6649H     000DH     UNIT         ?PR?AI_XUNJI_DINGJU?Z_SENSOR
            CODE    6656H     000DH     UNIT         ?PR?AI_XUNJI_SHIBIE?Z_SENSOR
            CODE    6663H     000DH     UNIT         ?PR?TCS34725_I2C_ACK?Z_COLOR
            CODE    6670H     000DH     UNIT         ?PR?TCS34725_I2C_NACK?Z_COLOR
            CODE    667DH     000CH     UNIT         ?PR?SETUP_SENSOR?Z_SENSOR
            CODE    6689H     000CH     UNIT         ?CO?Z_COLOR
            CODE    6695H     000BH     UNIT         ?PR?_DELAY?Z_DELAY
            CODE    66A0H     000BH     UNIT         ?PR?_PS2_DELAY?Z_PS2
            CODE    66ABH     000AH     UNIT         ?PR?SPIFLASHWRITEENABLE?Z_W25Q64
            CODE    66B5H     000AH     UNIT         ?PR?SPIFLASHWRITEDISABLE?Z_W25Q64
            CODE    66BFH     000AH     UNIT         ?PR?_GETKEY?_GETKEY
            CODE    66C9H     0008H     UNIT         ?PR?GETCHAR?UNGETCHAR
            CODE    66D1H     0007H     UNIT         ?PR?PSX_INIT?Z_PS2
            CODE    66D8H     0007H     UNIT         ?PR?SPISETSPEEDLOW?Z_W25Q64
            CODE    66DFH     0006H     UNIT         ?PR?SETUP_INTERRUPT?Z_MAIN
            CODE    66E5H     0004H     UNIT         ?PR?SOFT_RESET?Z_MAIN
            CODE    66E9H     0004H     UNIT         ?PR?UART2_OPEN?Z_UART
            CODE    66EDH     0004H     UNIT         ?PR?UART2_CLOSE?Z_UART
            CODE    66F1H     0004H     UNIT         ?PR?UART4_OPEN?Z_UART
            CODE    66F5H     0004H     UNIT         ?PR?UART4_CLOSE?Z_UART
            CODE    66F9H     0004H     UNIT         ?PR?SPISETSPEEDHIGH?Z_W25Q64
            CODE    66FDH     0003H     UNIT         ?PR?SETUP_GLOBAL?Z_MAIN
            CODE    6700H     0003H     UNIT         ?PR?SETUP_GPIO?Z_MAIN
            CODE    6703H     0003H     UNIT         ?PR?SETUP_NLED?Z_MAIN
BL51 BANKED LINKER/LOCATER V6.22                                                      08/18/2020  14:49:23  PAGE 6


            CODE    6706H     0003H     UNIT         ?PR?SETUP_BEEP?Z_MAIN
            CODE    6709H     0003H     UNIT         ?PR?SETUP_DJIO?Z_MAIN
            CODE    670CH     0003H     UNIT         ?PR?SETUP_PS2?Z_MAIN
            CODE    670FH     0003H     UNIT         ?PR?SETUP_DJ_TIMER?Z_MAIN
            CODE    6712H     0003H     UNIT         ?PR?SETUP_SYSTICK?Z_MAIN
            CODE    6715H     0003H     UNIT         ?PR?UART1_OPEN?Z_UART
            CODE    6718H     0003H     UNIT         ?PR?UART1_CLOSE?Z_UART
            CODE    671BH     0003H     UNIT         ?PR?SETUP_CSB?Z_SENSOR
            CODE    671EH     0001H     UNIT         ?PR?HANDLE_UART?Z_MAIN
            CODE    671FH     0001H     UNIT         ?PR?SETUP_INFRARED?Z_SENSOR
            CODE    6720H     0001H     UNIT         ?PR?SETUP_SOUND?Z_SENSOR



OVERLAY MAP OF MODULE:   .\obj\Kibot1-51 (Z_MAIN)


SEGMENT                                             BIT_GROUP          DATA_GROUP          XDATA_GROUP
  +--> CALLED SEGMENT                            START    LENGTH     START    LENGTH     START    LENGTH
--------------------------------------------------------------------------------------------------------
?PR?T0_IRQ?Z_TIMER                               -----    -----      -----    -----      -----    -----
  +--> ?PR?MILLIS?Z_TIMER
  +--> ?PR?_TIMER0_RESET?Z_TIMER
  +--> ?PR?_DJ_IO_SET?Z_GPIO
  +--> ?PR?_DUOJI_INC_HANDLE?Z_TIMER

?PR?_TIMER0_RESET?Z_TIMER                        -----    -----      -----    -----      044FH    0002H

?PR?_DUOJI_INC_HANDLE?Z_TIMER                    -----    -----      -----    -----      044FH    0003H
  +--> ?PR?_ABS_FLOAT?Z_TIMER

?PR?_ABS_FLOAT?Z_TIMER                           -----    -----      -----    -----      0452H    0004H

*** NEW ROOT ***************************************************

?PR?UART2_INT?Z_UART                             -----    -----      -----    -----      -----    -----
  +--> ?PR?MILLIS?Z_TIMER

*** NEW ROOT ***************************************************

?PR?UART4?Z_UART                                 -----    -----      -----    -----      -----    -----
  +--> ?PR?MILLIS?Z_TIMER

*** NEW ROOT ***************************************************

?C_C51STARTUP                                    -----    -----      -----    -----      -----    -----
  +--> ?PR?MAIN?Z_MAIN
  +--> ?C_INITSEG

?PR?MAIN?Z_MAIN                                  -----    -----      -----    -----      -----    -----
  +--> ?PR?SETUP_GLOBAL?Z_MAIN
  +--> ?PR?SETUP_GPIO?Z_MAIN
  +--> ?PR?SETUP_DJIO?Z_MAIN
  +--> ?PR?SETUP_NLED?Z_MAIN
  +--> ?PR?SETUP_BEEP?Z_MAIN
  +--> ?PR?SETUP_W25Q64?Z_MAIN
  +--> ?PR?SETUP_PS2?Z_MAIN
BL51 BANKED LINKER/LOCATER V6.22                                                      08/18/2020  14:49:23  PAGE 7


  +--> ?PR?SETUP_UART1?Z_MAIN
  +--> ?PR?SETUP_UART2?Z_MAIN
  +--> ?PR?SETUP_SYSTICK?Z_MAIN
  +--> ?PR?SETUP_SERVO_BIAS?Z_MAIN
  +--> ?PR?SETUP_DJ_TIMER?Z_MAIN
  +--> ?PR?SETUP_INTERRUPT?Z_MAIN
  +--> ?PR?SETUP_SENSOR?Z_SENSOR
  +--> ?PR?SETUP_START?Z_MAIN
  +--> ?PR?LOOP_NLED?Z_MAIN
  +--> ?PR?LOOP_UART?Z_MAIN
  +--> ?PR?MILLIS?Z_TIMER
  +--> ?PR?LOOP_ACTION?Z_MAIN
  +--> ?PR?LOOP_BT_ONCE?Z_MAIN
  +--> ?PR?LOOP_PS2_DATA?Z_MAIN
  +--> ?PR?LOOP_PS2_BUTTON?Z_MAIN
  +--> ?PR?LOOP_PS2_CAR?Z_MAIN
  +--> ?PR?LOOP_MONITOR?Z_MAIN
  +--> ?PR?LOOP_SENSOR?Z_SENSOR

?PR?SETUP_GLOBAL?Z_MAIN                          -----    -----      -----    -----      -----    -----
  +--> ?PR?GLOBAL_INIT?Z_GLOBAL

?PR?SETUP_GPIO?Z_MAIN                            -----    -----      -----    -----      -----    -----
  +--> ?PR?IO_INIT?Z_GPIO

?PR?SETUP_DJIO?Z_MAIN                            -----    -----      -----    -----      -----    -----
  +--> ?PR?DJ_IO_INIT?Z_GPIO

?PR?SETUP_W25Q64?Z_MAIN                          -----    -----      -----    -----      -----    -----
  +--> ?PR?SPIFLASHINIT?Z_W25Q64
  +--> ?PR?SPIFLASHREADID?Z_W25Q64
  +--> ?PR?_SPIFLASHREAD?Z_W25Q64
  +--> ?CO?Z_MAIN

?PR?SPIFLASHREADID?Z_W25Q64                      -----    -----      -----    -----      -----    -----
  +--> ?PR?_SPIWRITEREAD?Z_W25Q64

?PR?_SPIFLASHREAD?Z_W25Q64                       -----    -----      -----    -----      046AH    0009H
  +--> ?PR?_SPIWRITEREAD?Z_W25Q64

?PR?SETUP_PS2?Z_MAIN                             -----    -----      -----    -----      -----    -----
  +--> ?PR?PSX_INIT?Z_PS2

?PR?SETUP_UART1?Z_MAIN                           -----    -----      -----    -----      -----    -----
  +--> ?PR?_UART1_INIT?Z_UART
  +--> ?PR?UART1_OPEN?Z_UART
  +--> ?CO?Z_MAIN
  +--> ?PR?_UART1_SEND_STR?Z_UART

?PR?_UART1_INIT?Z_UART                           -----    -----      -----    -----      0456H    0004H

?PR?_UART1_SEND_STR?Z_UART                       -----    -----      -----    -----      046AH    0003H
  +--> ?PR?_UART1_SEND_BYTE?Z_UART

?PR?SETUP_UART2?Z_MAIN                           -----    -----      -----    -----      -----    -----
  +--> ?PR?_UART2_INIT?Z_UART
  +--> ?PR?UART2_OPEN?Z_UART
BL51 BANKED LINKER/LOCATER V6.22                                                      08/18/2020  14:49:23  PAGE 8


  +--> ?CO?Z_MAIN
  +--> ?PR?_UART2_SEND_STR?Z_UART

?PR?_UART2_INIT?Z_UART                           -----    -----      -----    -----      0456H    0004H

?PR?_UART2_SEND_STR?Z_UART                       -----    -----      -----    -----      0456H    0003H
  +--> ?PR?_UART2_SEND_BYTE?Z_UART

?PR?SETUP_SYSTICK?Z_MAIN                         -----    -----      -----    -----      -----    -----
  +--> ?PR?TIMER3_INIT?Z_TIMER

?PR?SETUP_DJ_TIMER?Z_MAIN                        -----    -----      -----    -----      -----    -----
  +--> ?PR?TIMER0_INIT?Z_TIMER

?PR?SETUP_SENSOR?Z_SENSOR                        -----    -----      -----    -----      -----    -----
  +--> ?PR?SETUP_INFRARED?Z_SENSOR
  +--> ?PR?SETUP_SOUND?Z_SENSOR
  +--> ?PR?SETUP_CSB?Z_SENSOR
  +--> ?PR?SETUP_YSSB?Z_SENSOR

?PR?SETUP_CSB?Z_SENSOR                           -----    -----      -----    -----      -----    -----
  +--> ?PR?TIMER0_INIT?Z_TIMER

?PR?SETUP_YSSB?Z_SENSOR                          -----    -----      -----    -----      -----    -----
  +--> ?PR?_TCS34725_INIT?Z_COLOR

?PR?_TCS34725_INIT?Z_COLOR                       -----    -----      -----    -----      0456H    0002H
  +--> ?PR?TCS34725_I2C_INIT?Z_COLOR
  +--> ?PR?_TCS34725_READ?Z_COLOR
  +--> ?PR?_TCS34725_SETINTEGRATIONTIME?Z_COLOR
  +--> ?PR?_TCS34725_SETGAIN?Z_COLOR
  +--> ?PR?TCS34725_ENABLE?Z_COLOR

?PR?_TCS34725_READ?Z_COLOR                       -----    -----      -----    -----      045DH    0005H
  +--> ?PR?_TCS34725_I2C_WRITE?Z_COLOR
  +--> ?PR?_TCS34725_I2C_READ?Z_COLOR

?PR?_TCS34725_I2C_WRITE?Z_COLOR                  -----    -----      -----    -----      0468H    0007H
  +--> ?PR?TCS34725_I2C_START?Z_COLOR
  +--> ?PR?_TCS34725_I2C_SEND_BYTE?Z_COLOR
  +--> ?PR?TCS34725_I2C_WAIT_ACK?Z_COLOR
  +--> ?PR?TCS34725_I2C_STOP?Z_COLOR

?PR?TCS34725_I2C_START?Z_COLOR                   -----    -----      -----    -----      -----    -----
  +--> ?PR?_DELAY_S?Z_COLOR

?PR?_DELAY_S?Z_COLOR                             -----    -----      -----    -----      0473H    0004H

?PR?_TCS34725_I2C_SEND_BYTE?Z_COLOR              -----    -----      -----    -----      -----    -----
  +--> ?PR?_DELAY_S?Z_COLOR

?PR?TCS34725_I2C_WAIT_ACK?Z_COLOR                -----    -----      -----    -----      046FH    0004H
  +--> ?PR?_DELAY_S?Z_COLOR
  +--> ?PR?TCS34725_I2C_STOP?Z_COLOR

?PR?TCS34725_I2C_STOP?Z_COLOR                    -----    -----      -----    -----      -----    -----
  +--> ?PR?_DELAY_S?Z_COLOR
BL51 BANKED LINKER/LOCATER V6.22                                                      08/18/2020  14:49:23  PAGE 9



?PR?_TCS34725_I2C_READ?Z_COLOR                   -----    -----      -----    -----      0462H    0007H
  +--> ?PR?TCS34725_I2C_START?Z_COLOR
  +--> ?PR?_TCS34725_I2C_SEND_BYTE?Z_COLOR
  +--> ?PR?TCS34725_I2C_WAIT_ACK?Z_COLOR
  +--> ?PR?_TCS34725_I2C_READ_BYTE?Z_COLOR
  +--> ?PR?TCS34725_I2C_STOP?Z_COLOR

?PR?_TCS34725_I2C_READ_BYTE?Z_COLOR              -----    -----      -----    -----      -----    -----
  +--> ?PR?_DELAY_S?Z_COLOR
  +--> ?PR?TCS34725_I2C_NACK?Z_COLOR
  +--> ?PR?TCS34725_I2C_ACK?Z_COLOR

?PR?TCS34725_I2C_NACK?Z_COLOR                    -----    -----      -----    -----      -----    -----
  +--> ?PR?_DELAY_S?Z_COLOR

?PR?TCS34725_I2C_ACK?Z_COLOR                     -----    -----      -----    -----      -----    -----
  +--> ?PR?_DELAY_S?Z_COLOR

?PR?_TCS34725_SETINTEGRATIONTIME?Z_COLOR         -----    -----      -----    -----      0458H    0001H
  +--> ?PR?_TCS34725_WRITE?Z_COLOR

?PR?_TCS34725_WRITE?Z_COLOR                      -----    -----      -----    -----      0459H    000FH
  +--> ?CO?Z_COLOR
  +--> ?PR?_TCS34725_I2C_WRITE?Z_COLOR

?PR?_TCS34725_SETGAIN?Z_COLOR                    -----    -----      -----    -----      0458H    0001H
  +--> ?PR?_TCS34725_WRITE?Z_COLOR

?PR?TCS34725_ENABLE?Z_COLOR                      -----    -----      -----    -----      0458H    0001H
  +--> ?PR?_TCS34725_WRITE?Z_COLOR

?PR?SETUP_START?Z_MAIN                           -----    -----      -----    -----      -----    -----
  +--> ?PR?_MDELAY?Z_DELAY
  +--> ?PR?_PARSE_CMD?Z_MAIN
  +--> ?PR?_STRLEN?STRLEN
  +--> ?PR?_PARSE_ACTION?Z_MAIN

?PR?_PARSE_CMD?Z_MAIN                            -----    -----      -----    -----      0459H    000DH
  +--> ?PR?_UART1_SEND_STR?Z_UART
  +--> ?CO?Z_MAIN
  +--> ?PR?_STR_CONTAIN_STR?Z_GLOBAL
  +--> ?PR?_ZX_UART_SEND_STR?Z_UART
  +--> ?PR?_CAR_SET?Z_MAIN
  +--> ?PR?SCANF?SCANF
  +--> ?PR?PRINTF?PRINTF
  +--> ?PR?SOFT_RESET?Z_MAIN
  +--> ?PR?_PRINT_GROUP?Z_MAIN
  +--> ?PR?_ERASE_SECTOR?Z_MAIN
  +--> ?PR?_DO_GROUP_ONCE?Z_MAIN
  +--> ?PR?_BEEP_ON_TIMES?Z_GPIO
  +--> ?PR?_PARSE_ACTION?Z_MAIN

?PR?_STR_CONTAIN_STR?Z_GLOBAL                    -----    -----      -----    -----      0466H    000CH

?PR?_ZX_UART_SEND_STR?Z_UART                     -----    -----      -----    -----      0466H    0003H
  +--> ?PR?_UART2_SEND_BYTE?Z_UART
BL51 BANKED LINKER/LOCATER V6.22                                                      08/18/2020  14:49:23  PAGE 10



?PR?_CAR_SET?Z_MAIN                              -----    -----      -----    -----      -----    -----
  +--> ?CO?Z_MAIN
  +--> ?PR?PRINTF?PRINTF
  +--> ?PR?_ZX_UART_SEND_STR?Z_UART

?PR?PRINTF?PRINTF                                0020H.0  0001H.1    0022H    0005H      046AH    0030H
  +--> ?PR?PUTCHAR?PUTCHAR

?PR?SCANF?SCANF                                  0020H.0  0000H.6    0022H    0009H      0466H    002EH
  +--> ?PR?GETCHAR?UNGETCHAR
  +--> ?PR?_ISSPACE?ISSPACE
  +--> ?PR?GETCHAR?GETCHAR
  +--> ?PR??C?ATOF??C?ATOF

?PR?GETCHAR?GETCHAR                              -----    -----      -----    -----      -----    -----
  +--> ?PR?_GETKEY?_GETKEY
  +--> ?PR?PUTCHAR?PUTCHAR

?PR??C?ATOF??C?ATOF                              0020H.6  0000H.5    002BH    0002H      -----    -----

?PR?_PRINT_GROUP?Z_MAIN                          -----    -----      -----    -----      0466H    0004H
  +--> ?PR?_INT_EXCHANGE?Z_MAIN
  +--> ?PR?_SPIFLASHREAD?Z_W25Q64
  +--> ?PR?_UART1_SEND_STR?Z_UART
  +--> ?CO?Z_MAIN

?PR?_INT_EXCHANGE?Z_MAIN                         -----    -----      -----    -----      046AH    0006H

?PR?_ERASE_SECTOR?Z_MAIN                         -----    -----      -----    -----      0466H    0004H
  +--> ?PR?_INT_EXCHANGE?Z_MAIN
  +--> ?PR?_SPIFLASHERASESECTOR?Z_W25Q64
  +--> ?CO?Z_MAIN
  +--> ?PR?PRINTF?PRINTF
  +--> ?PR?_UART1_SEND_STR?Z_UART

?PR?_SPIFLASHERASESECTOR?Z_W25Q64                -----    -----      -----    -----      046AH    0004H
  +--> ?PR?SPIFLASHWRITEENABLE?Z_W25Q64
  +--> ?PR?SPIFLASHWAITBUSY?Z_W25Q64
  +--> ?PR?_SPIWRITEREAD?Z_W25Q64

?PR?SPIFLASHWRITEENABLE?Z_W25Q64                 -----    -----      -----    -----      -----    -----
  +--> ?PR?_SPIWRITEREAD?Z_W25Q64

?PR?SPIFLASHWAITBUSY?Z_W25Q64                    -----    -----      -----    -----      -----    -----
  +--> ?PR?SPIFLASHREADSR?Z_W25Q64

?PR?SPIFLASHREADSR?Z_W25Q64                      -----    -----      -----    -----      -----    -----
  +--> ?PR?_SPIWRITEREAD?Z_W25Q64

?PR?_DO_GROUP_ONCE?Z_MAIN                        -----    -----      -----    -----      0466H    0002H
  +--> ?PR?_SPIFLASHREAD?Z_W25Q64
  +--> ?PR?_GETMAXTIME?Z_MAIN
  +--> ?PR?_PARSE_ACTION?Z_MAIN
  +--> ?CO?Z_MAIN
  +--> ?PR?PRINTF?PRINTF

BL51 BANKED LINKER/LOCATER V6.22                                                      08/18/2020  14:49:23  PAGE 11


?PR?_GETMAXTIME?Z_MAIN                           -----    -----      -----    -----      0468H    0007H

?PR?_PARSE_ACTION?Z_MAIN                         -----    -----      -----    -----      0468H    0017H
  +--> ?PR?MILLIS?Z_TIMER

?PR?_BEEP_ON_TIMES?Z_GPIO                        -----    -----      -----    -----      0466H    0006H
  +--> ?PR?_MDELAY?Z_DELAY

?PR?LOOP_NLED?Z_MAIN                             -----    -----      -----    -----      -----    -----
  +--> ?PR?MILLIS?Z_TIMER

?PR?LOOP_UART?Z_MAIN                             -----    -----      -----    -----      -----    -----
  +--> ?PR?_PARSE_CMD?Z_MAIN
  +--> ?PR?_PARSE_ACTION?Z_MAIN
  +--> ?PR?_ACTION_SAVE?Z_MAIN
  +--> ?PR?MILLIS?Z_TIMER

?PR?_ACTION_SAVE?Z_MAIN                          -----    -----      -----    -----      0456H    0005H
  +--> ?PR?REWRITE_EEPROM?Z_MAIN
  +--> ?CO?Z_MAIN
  +--> ?PR?SCANF?SCANF
  +--> ?PR?_SPIFLASHREAD?Z_W25Q64
  +--> ?PR?_STRLEN?STRLEN
  +--> ?PR?_GET_ACTION_INDEX?Z_MAIN
  +--> ?PR?_SPIFLASHERASESECTOR?Z_W25Q64
  +--> ?PR?_REPLACE_CHAR?Z_MAIN
  +--> ?PR?_SPIFLASHWRITENOCHECK?Z_W25Q64
  +--> ?PR?_UART1_SEND_STR?Z_UART

?PR?REWRITE_EEPROM?Z_MAIN                        -----    -----      -----    -----      -----    -----
  +--> ?PR?_SPIFLASHERASESECTOR?Z_W25Q64
  +--> ?PR?_SPIFLASHWRITENOCHECK?Z_W25Q64

?PR?_SPIFLASHWRITENOCHECK?Z_W25Q64               -----    -----      -----    -----      045BH    000BH
  +--> ?PR?_SPIFLASHWRITEPAGE?Z_W25Q64

?PR?_SPIFLASHWRITEPAGE?Z_W25Q64                  -----    -----      -----    -----      0466H    0009H
  +--> ?PR?SPIFLASHWRITEENABLE?Z_W25Q64
  +--> ?PR?_SPIWRITEREAD?Z_W25Q64
  +--> ?PR?SPIFLASHWAITBUSY?Z_W25Q64

?PR?_GET_ACTION_INDEX?Z_MAIN                     -----    -----      -----    -----      045BH    0005H

?PR?_REPLACE_CHAR?Z_MAIN                         -----    -----      -----    -----      045BH    0005H

?PR?LOOP_ACTION?Z_MAIN                           -----    -----      -----    -----      -----    -----
  +--> ?PR?MILLIS?Z_TIMER
  +--> ?CO?Z_MAIN
  +--> ?PR?_UART1_SEND_STR?Z_UART
  +--> ?PR?_DO_GROUP_ONCE?Z_MAIN

?PR?LOOP_BT_ONCE?Z_MAIN                          -----    -----      -----    -----      -----    -----
  +--> ?PR?MILLIS?Z_TIMER
  +--> ?PR?_UART4_INIT?Z_UART
  +--> ?PR?UART4_OPEN?Z_UART
  +--> ?CO?Z_MAIN
  +--> ?PR?_UART4_SEND_STR?Z_UART
BL51 BANKED LINKER/LOCATER V6.22                                                      08/18/2020  14:49:23  PAGE 12



?PR?_UART4_INIT?Z_UART                           -----    -----      -----    -----      0456H    0004H

?PR?_UART4_SEND_STR?Z_UART                       -----    -----      -----    -----      0456H    0003H
  +--> ?PR?_UART4_SEND_BYTE?Z_UART

?PR?LOOP_PS2_DATA?Z_MAIN                         -----    -----      -----    -----      -----    -----
  +--> ?PR?MILLIS?Z_TIMER
  +--> ?PR?_PSX_WRITE_READ?Z_PS2

?PR?_PSX_WRITE_READ?Z_PS2                        -----    -----      -----    -----      0456H    0003H
  +--> ?PR?_PSX_TRANSFER?Z_PS2

?PR?_PSX_TRANSFER?Z_PS2                          -----    -----      -----    -----      -----    -----
  +--> ?PR?_PS2_DELAY?Z_PS2

?PR?LOOP_PS2_BUTTON?Z_MAIN                       -----    -----      -----    -----      -----    -----
  +--> ?PR?_PARSE_PSX_BUF?Z_MAIN

?PR?_PARSE_PSX_BUF?Z_MAIN                        -----    -----      -----    -----      0456H    0003H
  +--> ?CO?Z_MAIN
  +--> ?PR?_STRLEN?STRLEN
  +--> ?PR?_STR_CONTAIN_STR?Z_GLOBAL
  +--> ?PR?_PARSE_CMD?Z_MAIN
  +--> ?PR?_PARSE_ACTION?Z_MAIN
  +--> ?PR?_MDELAY?Z_DELAY

?PR?LOOP_PS2_CAR?Z_MAIN                          -----    -----      -----    -----      -----    -----
  +--> ?PR?_ABS_INT?Z_GLOBAL
  +--> ?PR?_CAR_SET?Z_MAIN

?PR?LOOP_MONITOR?Z_MAIN                          -----    -----      -----    -----      -----    -----
  +--> ?PR?MILLIS?Z_TIMER
  +--> ?PR?REWRITE_EEPROM?Z_MAIN

?PR?LOOP_SENSOR?Z_SENSOR                         -----    -----      -----    -----      -----    -----
  +--> ?PR?AI_XUNJI_MOSHI?Z_SENSOR
  +--> ?PR?AI_SHENGKONG_JIAQU?Z_SENSOR
  +--> ?PR?AI_ZIYOU_BIZHANG?Z_SENSOR
  +--> ?PR?AI_YANSE_SHIBIE?Z_SENSOR
  +--> ?PR?AI_DINGJU_JIAQU?Z_SENSOR
  +--> ?PR?AI_GENSUI_MOSHI?Z_SENSOR
  +--> ?PR?AI_XUNJI_BIZHANG?Z_SENSOR
  +--> ?PR?AI_XUNJI_SHIBIE?Z_SENSOR
  +--> ?PR?AI_XUNJI_DINGJU?Z_SENSOR
  +--> ?PR?AI_SHENGKONG_XUNJI?Z_SENSOR
  +--> ?PR?_CAR_SET?Z_MAIN

?PR?AI_XUNJI_MOSHI?Z_SENSOR                      -----    -----      -----    -----      0456H    0002H
  +--> ?PR?MILLIS?Z_TIMER
  +--> ?PR?_CAR_SET?Z_MAIN

?PR?AI_SHENGKONG_JIAQU?Z_SENSOR                  -----    -----      -----    -----      -----    -----
  +--> ?CO?Z_SENSOR
  +--> ?PR?_PARSE_CMD?Z_MAIN
  +--> ?PR?_BEEP_ON_TIMES?Z_GPIO

BL51 BANKED LINKER/LOCATER V6.22                                                      08/18/2020  14:49:23  PAGE 13


?PR?AI_ZIYOU_BIZHANG?Z_SENSOR                    -----    -----      -----    -----      0456H    0002H
  +--> ?PR?MILLIS?Z_TIMER
  +--> ?PR?GET_ADC_CSB_MIDDLE?Z_SENSOR
  +--> ?PR?_CAR_SET?Z_MAIN

?PR?GET_ADC_CSB_MIDDLE?Z_SENSOR                  -----    -----      -----    -----      045AH    0001H
  +--> ?PR?GET_CSB_VALUE?Z_SENSOR
  +--> ?PR?_SELECTION_SORT?Z_GLOBAL

?PR?_SELECTION_SORT?Z_GLOBAL                     -----    -----      -----    -----      045BH    000AH

?PR?AI_YANSE_SHIBIE?Z_SENSOR                     -----    -----      -----    -----      -----    -----
  +--> ?PR?MILLIS?Z_TIMER
  +--> ?PR?_TCS34725_GETRAWDATA?Z_COLOR
  +--> ?PR?_TCS34725_LEDON?Z_COLOR
  +--> ?PR?_CAR_SET?Z_MAIN
  +--> ?PR?_MDELAY?Z_DELAY
  +--> ?CO?Z_SENSOR
  +--> ?PR?_PARSE_CMD?Z_MAIN

?PR?_TCS34725_GETRAWDATA?Z_COLOR                 -----    -----      -----    -----      0456H    0004H
  +--> ?PR?_TCS34725_READ?Z_COLOR
  +--> ?PR?_TCS34725_GETCHANNELDATA?Z_COLOR

?PR?_TCS34725_GETCHANNELDATA?Z_COLOR             -----    -----      -----    -----      045AH    0003H
  +--> ?CO?Z_COLOR
  +--> ?PR?_TCS34725_READ?Z_COLOR

?PR?_TCS34725_LEDON?Z_COLOR                      -----    -----      -----    -----      0456H    0002H
  +--> ?PR?_TCS34725_READ?Z_COLOR
  +--> ?PR?_TCS34725_WRITE?Z_COLOR

?PR?AI_DINGJU_JIAQU?Z_SENSOR                     -----    -----      -----    -----      -----    -----
  +--> ?PR?MILLIS?Z_TIMER
  +--> ?PR?GET_ADC_CSB_MIDDLE?Z_SENSOR
  +--> ?PR?_CAR_SET?Z_MAIN
  +--> ?PR?_BEEP_ON_TIMES?Z_GPIO
  +--> ?CO?Z_SENSOR
  +--> ?PR?_PARSE_CMD?Z_MAIN

?PR?AI_GENSUI_MOSHI?Z_SENSOR                     -----    -----      -----    -----      0456H    0004H
  +--> ?PR?MILLIS?Z_TIMER
  +--> ?PR?GET_ADC_CSB_MIDDLE?Z_SENSOR
  +--> ?PR?_CAR_SET?Z_MAIN

?PR?AI_XUNJI_BIZHANG?Z_SENSOR                    -----    -----      -----    -----      -----    -----
  +--> ?PR?MILLIS?Z_TIMER
  +--> ?PR?GET_ADC_CSB_MIDDLE?Z_SENSOR
  +--> ?PR?_CAR_SET?Z_MAIN
  +--> ?PR?AI_XUNJI_MOSHI?Z_SENSOR

?PR?AI_XUNJI_SHIBIE?Z_SENSOR                     -----    -----      -----    -----      -----    -----
  +--> ?PR?AI_XUNJI_MOSHI?Z_SENSOR
  +--> ?PR?AI_YANSE_SHIBIE?Z_SENSOR

?PR?AI_XUNJI_DINGJU?Z_SENSOR                     -----    -----      -----    -----      -----    -----
  +--> ?PR?AI_XUNJI_MOSHI?Z_SENSOR
BL51 BANKED LINKER/LOCATER V6.22                                                      08/18/2020  14:49:23  PAGE 14


  +--> ?PR?AI_DINGJU_JIAQU?Z_SENSOR

?PR?AI_SHENGKONG_XUNJI?Z_SENSOR                  -----    -----      -----    -----      -----    -----
  +--> ?PR?AI_XUNJI_MOSHI?Z_SENSOR



SYMBOL TABLE OF MODULE:  .\obj\Kibot1-51 (Z_MAIN)

  VALUE           TYPE          NAME
  ----------------------------------

  -------         MODULE        Z_MAIN
  C:0000H         SYMBOL        _ICE_DUMMY_
  D:00D0H         PUBLIC        PSW
  D:0080H         PUBLIC        P0
  D:0090H         PUBLIC        P1
  D:00A0H         PUBLIC        P2
  D:00B0H         PUBLIC        P3
  D:00C0H         PUBLIC        P4
  D:00C8H         PUBLIC        P5
  D:00E8H         PUBLIC        P6
  D:00F8H         PUBLIC        P7
  D:00A8H         PUBLIC        IE
  B:00A8H.7       PUBLIC        EA
  D:00B8H         PUBLIC        IP
  D:0088H         PUBLIC        TCON
  D:0098H         PUBLIC        SCON
  D:00C7H         PUBLIC        IAP_CONTR
  D:00D8H         PUBLIC        CCON
  C:66FDH         PUBLIC        setup_global
  C:6700H         PUBLIC        setup_gpio
  C:6703H         PUBLIC        setup_nled
  C:6706H         PUBLIC        setup_beep
  C:6709H         PUBLIC        setup_djio
  C:4FC9H         PUBLIC        setup_w25q64
  C:670CH         PUBLIC        setup_ps2
  C:670FH         PUBLIC        setup_dj_timer
  C:647DH         PUBLIC        setup_uart1
  C:6494H         PUBLIC        setup_uart2
  C:6712H         PUBLIC        setup_systick
  C:4ADAH         PUBLIC        setup_start
  C:52A8H         PUBLIC        setup_servo_bias
  C:66DFH         PUBLIC        setup_interrupt
  C:6001H         PUBLIC        loop_nled
  C:5AD5H         PUBLIC        loop_uart
  C:47FEH         PUBLIC        loop_action
  C:3827H         PUBLIC        loop_bt_once
  C:5EA3H         PUBLIC        loop_ps2_data
  C:6038H         PUBLIC        loop_ps2_button
  C:3C5BH         PUBLIC        loop_ps2_car
  C:33EAH         PUBLIC        loop_ps2_joystick
  C:5C26H         PUBLIC        loop_monitor
  C:66E5H         PUBLIC        soft_reset
  C:2E35H         PUBLIC        _parse_psx_buf
  C:171FH         PUBLIC        _parse_cmd
  C:3647H         PUBLIC        _action_save
BL51 BANKED LINKER/LOCATER V6.22                                                      08/18/2020  14:49:23  PAGE 15


  C:5105H         PUBLIC        _get_action_index
  C:4DCDH         PUBLIC        _print_group
  C:5DE1H         PUBLIC        _int_exchange
  C:4BA6H         PUBLIC        _erase_sector
  C:5626H         PUBLIC        _do_group_once
  C:54BBH         PUBLIC        check_dj_state
  C:0CB5H         PUBLIC        _parse_action
  C:6434H         PUBLIC        _replace_char
  C:629FH         PUBLIC        rewrite_eeprom
  C:5E65H         PUBLIC        _car_set
  B:00C8H.3       PUBLIC        nled
  B:00A0H.6       PUBLIC        beep
  X:03D5H         PUBLIC        i
  X:03D6H         PUBLIC        do_start_index
  X:03D8H         PUBLIC        do_time
  X:03DAH         PUBLIC        group_num_start
  X:03DCH         PUBLIC        group_num_end
  X:03DEH         PUBLIC        group_num_times
  X:03E0H         PUBLIC        bias_systick_ms_bak
  X:03E4H         PUBLIC        needSaveFlag
  X:03E5H         PUBLIC        save_addr_sector
  X:03E9H         PUBLIC        save_action_index_bak
  X:03EDH         PUBLIC        psx_buf
  X:03F6H         PUBLIC        downLoadTime
  X:03FAH         PUBLIC        action_time
  C:25F8H         PUBLIC        pre_cmd_set_red
  C:2628H         PUBLIC        pre_cmd_set_grn
  C:55B1H         PUBLIC        main
  C:64ABH         PUBLIC        setup_uart4
  C:652DH         PUBLIC        ___abs_int
  C:671EH         PUBLIC        handle_uart
  C:4396H         PUBLIC        _getMaxTime
  -------         PROC          MAIN
  C:55B1H         LINE#         115
  C:55B1H         LINE#         116
  C:55B4H         LINE#         117
  C:55B7H         LINE#         118
  C:55BAH         LINE#         119
  C:55BDH         LINE#         120
  C:55C0H         LINE#         122
  C:55C3H         LINE#         123
  C:55C6H         LINE#         124
  C:55C9H         LINE#         125
  C:55CCH         LINE#         127
  C:55CFH         LINE#         129
  C:55D2H         LINE#         130
  C:55D5H         LINE#         131
  C:55D8H         LINE#         133
  C:55DBH         LINE#         135
  C:55DEH         LINE#         137
  C:55DEH         LINE#         138
  C:55E1H         LINE#         139
  C:55E4H         LINE#         140
  C:560FH         LINE#         141
  C:5612H         LINE#         142
  C:5615H         LINE#         143
  C:5618H         LINE#         144
BL51 BANKED LINKER/LOCATER V6.22                                                      08/18/2020  14:49:23  PAGE 16


  C:561BH         LINE#         145
  C:561EH         LINE#         146
  C:5621H         LINE#         147
  C:5624H         LINE#         148
  C:5624H         LINE#         149
  -------         ENDPROC       MAIN
  -------         PROC          SETUP_GLOBAL
  C:66FDH         LINE#         157
  C:66FDH         LINE#         159
  -------         ENDPROC       SETUP_GLOBAL
  -------         PROC          SETUP_GPIO
  C:6700H         LINE#         162
  C:6700H         LINE#         164
  -------         ENDPROC       SETUP_GPIO
  -------         PROC          SETUP_NLED
  C:6703H         LINE#         167
  C:6703H         LINE#         168
  C:6705H         LINE#         169
  -------         ENDPROC       SETUP_NLED
  -------         PROC          SETUP_BEEP
  C:6706H         LINE#         171
  C:6706H         LINE#         172
  C:6708H         LINE#         173
  -------         ENDPROC       SETUP_BEEP
  -------         PROC          SETUP_DJIO
  C:6709H         LINE#         175
  C:6709H         LINE#         176
  -------         ENDPROC       SETUP_DJIO
  -------         PROC          SETUP_W25Q64
  C:4FC9H         LINE#         180
  C:4FC9H         LINE#         182
  C:4FCCH         LINE#         183
  C:4FDDH         LINE#         185
  C:4FF7H         LINE#         186
  C:5009H         LINE#         187
  C:501DH         LINE#         188
  C:5027H         LINE#         189
  C:5027H         LINE#         191
  C:5033H         LINE#         192
  C:5042H         LINE#         193
  C:5052H         LINE#         194
  C:505AH         LINE#         195
  C:5063H         LINE#         196
  C:5063H         LINE#         198
  C:506CH         LINE#         199
  C:506EH         LINE#         200
  C:506EH         LINE#         201
  -------         ENDPROC       SETUP_W25Q64
  -------         PROC          SETUP_PS2
  C:670CH         LINE#         204
  C:670CH         LINE#         206
  -------         ENDPROC       SETUP_PS2
  -------         PROC          SETUP_DJ_TIMER
  C:670FH         LINE#         209
  C:670FH         LINE#         210
  -------         ENDPROC       SETUP_DJ_TIMER
  -------         PROC          SETUP_UART1
BL51 BANKED LINKER/LOCATER V6.22                                                      08/18/2020  14:49:23  PAGE 17


  C:647DH         LINE#         214
  C:647DH         LINE#         216
  C:6488H         LINE#         218
  C:648BH         LINE#         220
  -------         ENDPROC       SETUP_UART1
  -------         PROC          SETUP_UART2
  C:6494H         LINE#         223
  C:6494H         LINE#         225
  C:649FH         LINE#         227
  C:64A2H         LINE#         229
  -------         ENDPROC       SETUP_UART2
  -------         PROC          SETUP_UART4
  C:64ABH         LINE#         232
  C:64ABH         LINE#         234
  C:64B6H         LINE#         236
  C:64B9H         LINE#         239
  -------         ENDPROC       SETUP_UART4
  -------         PROC          SETUP_SYSTICK
  C:6712H         LINE#         242
  C:6712H         LINE#         244
  -------         ENDPROC       SETUP_SYSTICK
  -------         PROC          SETUP_START
  C:4ADAH         LINE#         249
  C:4ADAH         LINE#         252
  C:4AF0H         LINE#         253
  C:4B06H         LINE#         254
  C:4B1CH         LINE#         257
  C:4B27H         LINE#         258
  C:4B36H         LINE#         259
  C:4B3DH         LINE#         260
  C:4B46H         LINE#         261
  C:4B46H         LINE#         262
  C:4B64H         LINE#         263
  C:4B72H         LINE#         264
  C:4B7FH         LINE#         265
  C:4B8CH         LINE#         266
  C:4B99H         LINE#         267
  C:4BA2H         LINE#         268
  C:4BA5H         LINE#         269
  C:4BA5H         LINE#         270
  C:4BA5H         LINE#         273
  -------         ENDPROC       SETUP_START
  -------         PROC          SETUP_SERVO_BIAS
  C:52A8H         LINE#         275
  C:52A8H         LINE#         278
  C:52B7H         LINE#         279
  C:52E6H         LINE#         280
  C:5310H         LINE#         281
  C:5325H         LINE#         282
  C:532DH         LINE#         283
  -------         ENDPROC       SETUP_SERVO_BIAS
  -------         PROC          SETUP_INTERRUPT
  C:66DFH         LINE#         286
  C:66DFH         LINE#         288
  C:66E2H         LINE#         291
  C:66E4H         LINE#         292
  -------         ENDPROC       SETUP_INTERRUPT
BL51 BANKED LINKER/LOCATER V6.22                                                      08/18/2020  14:49:23  PAGE 18


  -------         PROC          LOOP_NLED
  -------         DO            
  X:03A2H         SYMBOL        systick_ms_bak
  -------         ENDDO         
  C:6001H         LINE#         301
  C:6001H         LINE#         303
  C:602CH         LINE#         304
  C:6035H         LINE#         305
  C:6037H         LINE#         306
  C:6037H         LINE#         307
  -------         ENDPROC       LOOP_NLED
  -------         PROC          LOOP_UART
  C:5AD5H         LINE#         309
  C:5AD5H         LINE#         310
  C:5ADBH         LINE#         314
  C:5AE2H         LINE#         316
  C:5AE5H         LINE#         317
  C:5AF4H         LINE#         319
  C:5AF7H         LINE#         320
  C:5B00H         LINE#         323
  C:5B09H         LINE#         324
  C:5B12H         LINE#         325
  C:5B12H         LINE#         327
  C:5B21H         LINE#         328
  C:5B26H         LINE#         329
  C:5B2AH         LINE#         330
  C:5B2AH         LINE#         333
  -------         ENDPROC       LOOP_UART
  -------         PROC          LOOP_MONITOR
  -------         DO            
  X:03A6H         SYMBOL        saveTime
  -------         ENDDO         
  C:5C26H         LINE#         336
  C:5C26H         LINE#         338
  C:5C60H         LINE#         339
  C:5C65H         LINE#         340
  C:5C6EH         LINE#         341
  C:5C71H         LINE#         342
  C:5C71H         LINE#         344
  -------         ENDPROC       LOOP_MONITOR
  -------         PROC          LOOP_PS2_DATA
  -------         DO            
  X:03AAH         SYMBOL        systick_ms_bak
  -------         ENDDO         
  C:5EA3H         LINE#         347
  C:5EA3H         LINE#         349
  C:5ECDH         LINE#         351
  C:5ECDH         LINE#         352
  C:5ED6H         LINE#         353
  C:5EDFH         LINE#         362
  -------         ENDPROC       LOOP_PS2_DATA
  -------         PROC          ___ABS_INT
  D:0006H         SYMBOL        a
  C:652DH         LINE#         364
  C:652DH         LINE#         365
  C:6539H         LINE#         366
  C:6540H         LINE#         367
BL51 BANKED LINKER/LOCATER V6.22                                                      08/18/2020  14:49:23  PAGE 19


  -------         ENDPROC       ___ABS_INT
  -------         PROC          LOOP_PS2_JOYSTICK
  -------         DO            
  X:03AEH         SYMBOL        joystick_left_LR_bak
  X:03B0H         SYMBOL        joystick_right_UD_bak
  X:03B2H         SYMBOL        joystick_left_UD_bak
  X:03B4H         SYMBOL        joystick_left_LR
  X:03B6H         SYMBOL        joystick_right_UD
  X:03B8H         SYMBOL        joystick_left_UD
  -------         ENDDO         
  C:33EAH         LINE#         369
  C:33EAH         LINE#         373
  C:33F5H         LINE#         375
  C:3413H         LINE#         376
  C:3433H         LINE#         377
  C:3451H         LINE#         379
  C:3494H         LINE#         383
  C:34B1H         LINE#         390
  C:35A0H         LINE#         391
  C:35A3H         LINE#         395
  C:35B2H         LINE#         396
  C:35C1H         LINE#         397
  C:35C1H         LINE#         399
  C:35E4H         LINE#         400
  C:3620H         LINE#         401
  C:362CH         LINE#         406
  C:3637H         LINE#         407
  C:3646H         LINE#         408
  C:3646H         LINE#         410
  -------         ENDPROC       LOOP_PS2_JOYSTICK
  -------         PROC          LOOP_PS2_BUTTON
  -------         DO            
  X:03BAH         SYMBOL        psx_button_bak
  -------         ENDDO         
  C:6038H         LINE#         414
  C:6038H         LINE#         417
  C:6050H         LINE#         418
  C:6050H         LINE#         419
  C:6050H         LINE#         420
  C:605EH         LINE#         422
  C:6066H         LINE#         423
  C:606EH         LINE#         424
  C:606EH         LINE#         426
  -------         ENDPROC       LOOP_PS2_BUTTON
  -------         PROC          LOOP_PS2_CAR
  -------         DO            
  X:03BCH         SYMBOL        car_left
  X:03BEH         SYMBOL        car_right
  X:03C0H         SYMBOL        car_left_bak
  X:03C2H         SYMBOL        car_right_bak
  -------         ENDDO         
  C:3C5BH         LINE#         429
  C:3C5BH         LINE#         432
  C:3C66H         LINE#         434
  C:3C88H         LINE#         435
  C:3CAAH         LINE#         437
  C:3CCDH         LINE#         438
BL51 BANKED LINKER/LOCATER V6.22                                                      08/18/2020  14:49:23  PAGE 20


  C:3CEEH         LINE#         439
  C:3CF9H         LINE#         440
  C:3CFCH         LINE#         441
  C:3D0FH         LINE#         442
  C:3D0FH         LINE#         443
  C:3D23H         LINE#         444
  C:3D2DH         LINE#         445
  C:3D3AH         LINE#         446
  C:3D44H         LINE#         447
  C:3D44H         LINE#         448
  C:3D6FH         LINE#         450
  C:3D7AH         LINE#         451
  C:3D89H         LINE#         452
  C:3D98H         LINE#         453
  C:3D98H         LINE#         454
  -------         ENDPROC       LOOP_PS2_CAR
  -------         PROC          _PARSE_PSX_BUF
  D:0001H         SYMBOL        buf
  X:0456H         SYMBOL        mode
  -------         DO            
  X:0457H         SYMBOL        i
  X:0458H         SYMBOL        pos
  X:03C4H         SYMBOL        bak
  X:03C6H         SYMBOL        temp
  X:03C8H         SYMBOL        temp2
  -------         ENDDO         
  C:2E35H         LINE#         456
  C:2E3AH         LINE#         457
  C:2E3FH         LINE#         459
  C:2E59H         LINE#         461
  C:2E6BH         LINE#         462
  C:2E77H         LINE#         463
  C:2E85H         LINE#         464
  C:2E97H         LINE#         465
  C:2EB7H         LINE#         466
  C:2EB7H         LINE#         467
  C:2EC6H         LINE#         469
  C:2ED5H         LINE#         470
  C:2EDDH         LINE#         471
  C:2F09H         LINE#         472
  C:2F16H         LINE#         473
  C:2F58H         LINE#         474
  C:2F58H         LINE#         476
  C:2F74H         LINE#         477
  C:2F82H         LINE#         478
  C:2F9DH         LINE#         482
  C:2FACH         LINE#         483
  C:2FACH         LINE#         484
  C:2FAFH         LINE#         485
  C:2FCCH         LINE#         489
  C:2FDBH         LINE#         490
  C:2FDBH         LINE#         491
  C:2FDEH         LINE#         492
  C:2FDEH         LINE#         497
  C:2FE6H         LINE#         498
  C:2FE9H         LINE#         500
  C:2FF8H         LINE#         501
BL51 BANKED LINKER/LOCATER V6.22                                                      08/18/2020  14:49:23  PAGE 21


  C:3000H         LINE#         502
  C:302CH         LINE#         503
  C:3039H         LINE#         504
  C:307BH         LINE#         505
  C:307BH         LINE#         507
  C:3097H         LINE#         508
  C:309CH         LINE#         509
  C:30BDH         LINE#         513
  C:30D5H         LINE#         514
  C:30EAH         LINE#         515
  C:30EAH         LINE#         516
  C:30EDH         LINE#         517
  C:3113H         LINE#         521
  C:312BH         LINE#         522
  C:3140H         LINE#         523
  C:3140H         LINE#         524
  C:3143H         LINE#         525
  C:3143H         LINE#         528
  C:3143H         LINE#         529
  C:3143H         LINE#         533
  C:3143H         LINE#         534
  C:314CH         LINE#         535
  C:315BH         LINE#         536
  C:3166H         LINE#         537
  C:3166H         LINE#         539
  -------         ENDPROC       _PARSE_PSX_BUF
  -------         PROC          HANDLE_UART
  C:671EH         LINE#         541
  C:671EH         LINE#         545
  -------         ENDPROC       HANDLE_UART
  C:1719H         SYMBOL        L?0344
  -------         PROC          L?0343
  -------         ENDPROC       L?0343
  C:1719H         SYMBOL        L?0344
  -------         PROC          _PARSE_CMD
  X:0459H         SYMBOL        cmd
  -------         DO            
  X:03CAH         SYMBOL        djrFlag
  X:045CH         SYMBOL        pos
  X:045EH         SYMBOL        i
  X:0460H         SYMBOL        index
  X:0462H         SYMBOL        int1
  X:0464H         SYMBOL        int2
  -------         ENDDO         
  C:171FH         LINE#         562
  C:172AH         LINE#         567
  C:172DH         LINE#         569
  C:1757H         LINE#         570
  C:175DH         LINE#         571
  C:1774H         LINE#         572
  C:178EH         LINE#         573
  C:17C8H         LINE#         574
  C:17D8H         LINE#         575
  C:17E1H         LINE#         576
  C:17E9H         LINE#         577
  C:17EFH         LINE#         578
  C:181AH         LINE#         579
BL51 BANKED LINKER/LOCATER V6.22                                                      08/18/2020  14:49:23  PAGE 22


  C:1849H         LINE#         580
  C:186AH         LINE#         581
  C:18A4H         LINE#         582
  C:18CAH         LINE#         583
  C:18D3H         LINE#         584
  C:18D3H         LINE#         587
  C:18FAH         LINE#         588
  C:18FDH         LINE#         589
  C:1924H         LINE#         590
  C:195FH         LINE#         591
  C:1970H         LINE#         592
  C:1970H         LINE#         593
  C:1997H         LINE#         594
  C:19D2H         LINE#         595
  C:19E3H         LINE#         596
  C:19E3H         LINE#         597
  C:1A0AH         LINE#         598
  C:1A39H         LINE#         599
  C:1A44H         LINE#         600
  C:1A4AH         LINE#         601
  C:1A4AH         LINE#         602
  C:1A75H         LINE#         603
  C:1ABCH         LINE#         605
  C:1AD3H         LINE#         606
  C:1ADBH         LINE#         607
  C:1AEAH         LINE#         608
  C:1AEFH         LINE#         610
  C:1AF0H         LINE#         611
  C:1AF6H         LINE#         612
  C:1AF9H         LINE#         614
  C:1AF9H         LINE#         615
  C:1AF9H         LINE#         616
  C:1B20H         LINE#         617
  C:1B5BH         LINE#         618
  C:1B69H         LINE#         619
  C:1B69H         LINE#         620
  C:1B96H         LINE#         621
  C:1B9FH         LINE#         623
  C:1BA6H         LINE#         624
  C:1BE8H         LINE#         625
  C:1C83H         LINE#         626
  C:1CA1H         LINE#         627
  C:1CCBH         LINE#         628
  C:1CD1H         LINE#         629
  C:1CDAH         LINE#         630
  C:1CF4H         LINE#         631
  C:1D0EH         LINE#         632
  C:1D28H         LINE#         633
  C:1DC9H         LINE#         634
  C:1DDAH         LINE#         636
  C:1DE0H         LINE#         637
  C:1DE2H         LINE#         638
  C:1DE4H         LINE#         639
  C:1DEBH         LINE#         640
  C:1DEBH         LINE#         641
  C:1DFCH         LINE#         642
  C:1E24H         LINE#         643
BL51 BANKED LINKER/LOCATER V6.22                                                      08/18/2020  14:49:23  PAGE 23


  C:1E2AH         LINE#         644
  C:1E54H         LINE#         645
  C:1E5CH         LINE#         646
  C:1E60H         LINE#         647
  C:1E63H         LINE#         648
  C:1E67H         LINE#         649
  C:1E67H         LINE#         650
  C:1E91H         LINE#         651
  C:1E96H         LINE#         652
  C:1EE0H         LINE#         653
  C:1EE9H         LINE#         654
  C:1F07H         LINE#         655
  C:1F2EH         LINE#         656
  C:1F37H         LINE#         657
  C:1F3DH         LINE#         658
  C:1F67H         LINE#         659
  C:1F93H         LINE#         660
  C:1FA5H         LINE#         661
  C:1FAAH         LINE#         662
  C:1FB5H         LINE#         663
  C:1FBDH         LINE#         664
  C:1FBDH         LINE#         665
  C:1FBDH         LINE#         666
  C:1FE4H         LINE#         667
  C:1FEAH         LINE#         668
  C:1FF5H         LINE#         669
  C:1FFEH         LINE#         670
  C:2007H         LINE#         671
  C:2007H         LINE#         672
  -------         ENDPROC       _PARSE_CMD
  -------         PROC          _ACTION_SAVE
  X:0456H         SYMBOL        str
  -------         DO            
  X:0459H         SYMBOL        action_index
  -------         ENDDO         
  C:3647H         LINE#         676
  C:3652H         LINE#         677
  C:3657H         LINE#         680
  C:3674H         LINE#         681
  C:3679H         LINE#         682
  C:367CH         LINE#         683
  C:3685H         LINE#         685
  C:369DH         LINE#         686
  C:36D9H         LINE#         687
  C:36EDH         LINE#         688
  C:3704H         LINE#         689
  C:3706H         LINE#         690
  C:3715H         LINE#         691
  C:372EH         LINE#         692
  C:3748H         LINE#         693
  C:3748H         LINE#         694
  C:374EH         LINE#         695
  C:3751H         LINE#         697
  C:3757H         LINE#         698
  C:375AH         LINE#         700
  C:375AH         LINE#         702
  C:3770H         LINE#         704
BL51 BANKED LINKER/LOCATER V6.22                                                      08/18/2020  14:49:23  PAGE 24


  C:378CH         LINE#         706
  C:3795H         LINE#         708
  C:3795H         LINE#         710
  C:37BCH         LINE#         711
  C:37D2H         LINE#         712
  C:37E8H         LINE#         713
  C:381DH         LINE#         715
  C:3826H         LINE#         717
  -------         ENDPROC       _ACTION_SAVE
  -------         PROC          _GET_ACTION_INDEX
  X:045BH         SYMBOL        str
  -------         DO            
  X:045EH         SYMBOL        index
  -------         ENDDO         
  C:5105H         LINE#         719
  C:5110H         LINE#         720
  C:5115H         LINE#         722
  C:5125H         LINE#         723
  C:5129H         LINE#         724
  C:512EH         LINE#         725
  C:5146H         LINE#         726
  C:516BH         LINE#         727
  C:5175H         LINE#         728
  C:5177H         LINE#         729
  C:5180H         LINE#         730
  C:5180H         LINE#         731
  C:518AH         LINE#         732
  C:518AH         LINE#         733
  C:518CH         LINE#         734
  C:5190H         LINE#         735
  -------         ENDPROC       _GET_ACTION_INDEX
  -------         PROC          _PRINT_GROUP
  X:0466H         SYMBOL        start
  X:0468H         SYMBOL        end
  C:4DCDH         LINE#         737
  C:4DDBH         LINE#         738
  C:4DF6H         LINE#         739
  C:4E0DH         LINE#         740
  C:4E0DH         LINE#         741
  C:4E28H         LINE#         742
  C:4E37H         LINE#         743
  C:4E55H         LINE#         744
  C:4E5EH         LINE#         745
  C:4E67H         LINE#         746
  C:4E77H         LINE#         747
  -------         ENDPROC       _PRINT_GROUP
  -------         PROC          _INT_EXCHANGE
  X:046AH         SYMBOL        int1
  X:046DH         SYMBOL        int2
  -------         DO            
  D:0006H         SYMBOL        int_temp
  -------         ENDDO         
  C:5DE1H         LINE#         750
  C:5DECH         LINE#         752
  C:5DF2H         LINE#         753
  C:5E13H         LINE#         754
  -------         ENDPROC       _INT_EXCHANGE
BL51 BANKED LINKER/LOCATER V6.22                                                      08/18/2020  14:49:23  PAGE 25


  -------         PROC          _ERASE_SECTOR
  X:0466H         SYMBOL        start
  X:0468H         SYMBOL        end
  C:4BA6H         LINE#         757
  C:4BB4H         LINE#         758
  C:4BCFH         LINE#         759
  C:4BE6H         LINE#         760
  C:4BE6H         LINE#         761
  C:4BFDH         LINE#         762
  C:4C19H         LINE#         763
  C:4C22H         LINE#         764
  C:4C48H         LINE#         765
  C:4C51H         LINE#         766
  C:4C61H         LINE#         767
  C:4C6BH         LINE#         768
  -------         ENDPROC       _ERASE_SECTOR
  -------         PROC          _GETMAXTIME
  X:0468H         SYMBOL        str
  -------         DO            
  X:046BH         SYMBOL        i
  X:046DH         SYMBOL        max_time
  D:0006H         SYMBOL        tmp_time
  -------         ENDDO         
  C:4396H         LINE#         771
  C:43A1H         LINE#         772
  C:43ACH         LINE#         773
  C:43C8H         LINE#         774
  C:43CFH         LINE#         775
  C:446DH         LINE#         776
  C:4485H         LINE#         777
  C:4493H         LINE#         778
  C:4496H         LINE#         779
  C:4496H         LINE#         780
  C:44A7H         LINE#         781
  C:44AAH         LINE#         782
  C:44B2H         LINE#         783
  -------         ENDPROC       _GETMAXTIME
  -------         PROC          _DO_GROUP_ONCE
  X:0466H         SYMBOL        group_num
  C:5626H         LINE#         785
  C:562EH         LINE#         786
  C:563DH         LINE#         788
  C:565BH         LINE#         790
  C:5670H         LINE#         792
  C:5673H         LINE#         793
  -------         ENDPROC       _DO_GROUP_ONCE
  -------         PROC          LOOP_ACTION
  -------         DO            
  X:03CBH         SYMBOL        systick_ms_bak
  -------         ENDDO         
  C:47FEH         LINE#         797
  C:47FEH         LINE#         799
  C:4807H         LINE#         800
  C:483CH         LINE#         801
  C:4845H         LINE#         802
  C:4859H         LINE#         803
  C:485EH         LINE#         804
BL51 BANKED LINKER/LOCATER V6.22                                                      08/18/2020  14:49:23  PAGE 26


  C:4867H         LINE#         806
  C:4867H         LINE#         808
  C:4872H         LINE#         810
  C:4888H         LINE#         811
  C:4894H         LINE#         812
  C:489CH         LINE#         813
  C:48A6H         LINE#         814
  C:48A6H         LINE#         815
  C:48A8H         LINE#         817
  C:48A8H         LINE#         818
  C:48B6H         LINE#         819
  C:48B7H         LINE#         820
  C:48CBH         LINE#         821
  C:48DAH         LINE#         822
  C:48E4H         LINE#         823
  C:48EEH         LINE#         824
  C:48F0H         LINE#         826
  C:48F0H         LINE#         827
  C:48FEH         LINE#         828
  C:48FEH         LINE#         829
  C:48FEH         LINE#         830
  C:48FFH         LINE#         831
  C:4909H         LINE#         832
  C:4909H         LINE#         833
  -------         ENDPROC       LOOP_ACTION
  -------         PROC          CHECK_DJ_STATE
  -------         DO            
  X:04DAH         SYMBOL        i
  X:04DCH         SYMBOL        inc
  -------         ENDDO         
  C:54BBH         LINE#         835
  C:54BBH         LINE#         837
  C:54C5H         LINE#         838
  C:54DEH         LINE#         839
  C:5511H         LINE#         840
  C:5528H         LINE#         841
  C:5538H         LINE#         842
  C:553AH         LINE#         843
  -------         ENDPROC       CHECK_DJ_STATE
  C:0CAFH         SYMBOL        L?0342
  -------         PROC          L?0341
  -------         ENDPROC       L?0341
  C:0CAFH         SYMBOL        L?0342
  -------         PROC          _PARSE_ACTION
  X:0468H         SYMBOL        uart_receive_buf
  -------         DO            
  X:046BH         SYMBOL        index
  X:046DH         SYMBOL        time
  X:046FH         SYMBOL        i
  X:0471H         SYMBOL        j
  X:0473H         SYMBOL        step
  X:0475H         SYMBOL        bias
  X:0477H         SYMBOL        pwm
  X:047BH         SYMBOL        aim_temp
  -------         ENDDO         
  C:0CB5H         LINE#         845
  C:0CC0H         LINE#         846
BL51 BANKED LINKER/LOCATER V6.22                                                      08/18/2020  14:49:23  PAGE 27


  C:0CCDH         LINE#         851
  C:0D23H         LINE#         852
  C:0D6DH         LINE#         853
  C:0DB6H         LINE#         854
  C:0DEAH         LINE#         855
  C:0DF5H         LINE#         856
  C:0DF9H         LINE#         857
  C:0E06H         LINE#         858
  C:0E06H         LINE#         859
  C:0E7AH         LINE#         860
  C:0E9EH         LINE#         861
  C:0EBBH         LINE#         862
  C:0EC5H         LINE#         863
  C:0EE1H         LINE#         864
  C:0EEBH         LINE#         865
  C:0EEBH         LINE#         867
  C:0F16H         LINE#         868
  C:0F81H         LINE#         869
  C:0F8AH         LINE#         870
  C:0F90H         LINE#         871
  C:0F91H         LINE#         873
  C:0FE7H         LINE#         874
  C:1032H         LINE#         875
  C:103DH         LINE#         876
  C:105EH         LINE#         877
  C:1098H         LINE#         878
  C:1098H         LINE#         880
  C:1098H         LINE#         882
  C:109EH         LINE#         883
  C:10BCH         LINE#         884
  C:10D2H         LINE#         885
  C:10DFH         LINE#         886
  C:10F4H         LINE#         887
  C:1114H         LINE#         888
  C:1147H         LINE#         889
  C:1149H         LINE#         890
  C:116DH         LINE#         891
  C:116DH         LINE#         892
  C:1170H         LINE#         893
  C:1176H         LINE#         894
  C:1176H         LINE#         895
  C:11A9H         LINE#         896
  C:11B1H         LINE#         897
  C:11C9H         LINE#         898
  C:11E9H         LINE#         899
  C:1243H         LINE#         900
  C:1245H         LINE#         901
  C:1269H         LINE#         902
  C:126EH         LINE#         903
  C:1271H         LINE#         904
  C:1277H         LINE#         905
  C:1277H         LINE#         906
  C:12AAH         LINE#         907
  C:12B2H         LINE#         908
  C:12C7H         LINE#         909
  C:12E7H         LINE#         910
  C:131AH         LINE#         911
BL51 BANKED LINKER/LOCATER V6.22                                                      08/18/2020  14:49:23  PAGE 28


  C:131CH         LINE#         914
  C:132BH         LINE#         915
  C:1337H         LINE#         916
  C:1337H         LINE#         918
  C:133FH         LINE#         919
  C:1363H         LINE#         920
  C:1363H         LINE#         921
  C:13C4H         LINE#         922
  C:140BH         LINE#         924
  C:1432H         LINE#         925
  C:1456H         LINE#         927
  C:146AH         LINE#         928
  C:1490H         LINE#         929
  C:14B4H         LINE#         930
  C:14CEH         LINE#         931
  C:14D1H         LINE#         932
  C:14F7H         LINE#         933
  C:1517H         LINE#         934
  C:15B2H         LINE#         935
  C:15B2H         LINE#         939
  C:15B2H         LINE#         941
  C:15C0H         LINE#         942
  C:15D8H         LINE#         943
  C:1601H         LINE#         944
  C:162CH         LINE#         945
  C:164CH         LINE#         946
  C:16E7H         LINE#         947
  C:16F8H         LINE#         948
  C:16F8H         LINE#         949
  C:16F8H         LINE#         950
  C:16F8H         LINE#         951
  C:1706H         LINE#         952
  C:1706H         LINE#         953
  C:1709H         LINE#         954
  -------         ENDPROC       _PARSE_ACTION
  -------         PROC          _REPLACE_CHAR
  D:0001H         SYMBOL        str
  D:0005H         SYMBOL        ch1
  X:045FH         SYMBOL        ch2
  C:6434H         LINE#         956
  C:6434H         LINE#         957
  C:6439H         LINE#         958
  C:643CH         LINE#         959
  C:6443H         LINE#         960
  C:6443H         LINE#         961
  C:644AH         LINE#         962
  C:644CH         LINE#         964
  -------         ENDPROC       _REPLACE_CHAR
  -------         PROC          REWRITE_EEPROM
  C:629FH         LINE#         967
  C:629FH         LINE#         968
  C:62AAH         LINE#         969
  -------         ENDPROC       REWRITE_EEPROM
  -------         PROC          LOOP_BT_ONCE
  -------         DO            
  X:03CFH         SYMBOL        first_change
  X:03D0H         SYMBOL        step
BL51 BANKED LINKER/LOCATER V6.22                                                      08/18/2020  14:49:23  PAGE 29


  X:03D1H         SYMBOL        systick_ms_bak
  -------         ENDDO         
  C:3827H         LINE#         972
  C:3827H         LINE#         975
  C:3830H         LINE#         976
  C:3861H         LINE#         977
  C:386AH         LINE#         978
  C:3875H         LINE#         979
  C:3878H         LINE#         980
  C:387EH         LINE#         981
  C:387EH         LINE#         982
  C:38B3H         LINE#         983
  C:38BCH         LINE#         984
  C:38C7H         LINE#         985
  C:38C7H         LINE#         986
  C:38FCH         LINE#         987
  C:3905H         LINE#         988
  C:390EH         LINE#         989
  C:390EH         LINE#         990
  C:3942H         LINE#         991
  C:394BH         LINE#         992
  C:3954H         LINE#         993
  C:395AH         LINE#         994
  C:398DH         LINE#         995
  C:3996H         LINE#         996
  C:399FH         LINE#         997
  C:39A5H         LINE#         998
  C:39AAH         LINE#         999
  C:39AAH         LINE#         1000
  C:39AAH         LINE#         1001
  -------         ENDPROC       LOOP_BT_ONCE
  -------         PROC          SOFT_RESET
  C:66E5H         LINE#         1003
  C:66E5H         LINE#         1004
  C:66E8H         LINE#         1005
  -------         ENDPROC       SOFT_RESET
  -------         PROC          _CAR_SET
  D:0006H         SYMBOL        car_left
  D:0004H         SYMBOL        car_right
  C:5E65H         LINE#         1007
  C:5E65H         LINE#         1009
  C:5E99H         LINE#         1010
  C:5EA2H         LINE#         1012
  -------         ENDPROC       _CAR_SET
  -------         ENDMOD        Z_MAIN

  -------         MODULE        Z_ADC
  C:0000H         SYMBOL        _ICE_DUMMY_
  C:64EEH         PUBLIC        _adc_init
  C:6250H         PUBLIC        _adc_read
  D:00BCH         PUBLIC        ADC_CONTR
  D:00BDH         PUBLIC        ADC_RES
  D:00BEH         PUBLIC        ADC_LOW2
  D:009DH         PUBLIC        P1ASF
  -------         PROC          _ADC_INIT
  D:0007H         SYMBOL        ch
  C:64EEH         LINE#         16
BL51 BANKED LINKER/LOCATER V6.22                                                      08/18/2020  14:49:23  PAGE 30


  C:64EEH         LINE#         17
  C:64FBH         LINE#         18
  C:64FEH         LINE#         19
  C:6501H         LINE#         20
  C:6502H         LINE#         21
  -------         ENDPROC       _ADC_INIT
  -------         PROC          _ADC_READ
  D:0006H         SYMBOL        ch
  C:6250H         LINE#         23
  C:6252H         LINE#         24
  C:6255H         LINE#         25
  C:625AH         LINE#         26
  C:625BH         LINE#         27
  C:625CH         LINE#         28
  C:625DH         LINE#         29
  C:625EH         LINE#         30
  C:6263H         LINE#         31
  C:6266H         LINE#         33
  C:6277H         LINE#         36
  -------         ENDPROC       _ADC_READ
  -------         ENDMOD        Z_ADC

  -------         MODULE        Z_DELAY
  C:0000H         SYMBOL        _ICE_DUMMY_
  C:6695H         PUBLIC        _delay
  C:6591H         PUBLIC        _udelay
  C:6309H         PUBLIC        _mdelay
  -------         PROC          _DELAY
  D:0006H         SYMBOL        t
  C:6695H         LINE#         3
  C:6695H         LINE#         4
  C:669FH         LINE#         5
  -------         ENDPROC       _DELAY
  -------         PROC          _UDELAY
  D:0006H         SYMBOL        t
  -------         DO            
  D:0005H         SYMBOL        i
  -------         ENDDO         
  C:6591H         LINE#         7
  C:6591H         LINE#         9
  C:659BH         LINE#         10
  C:659DH         LINE#         11
  C:65A3H         LINE#         13
  -------         ENDPROC       _UDELAY
  -------         PROC          _MDELAY
  D:0006H         SYMBOL        t
  -------         DO            
  D:0004H         SYMBOL        i
  D:0002H         SYMBOL        j
  -------         ENDDO         
  C:6309H         LINE#         15
  C:6309H         LINE#         17
  C:6313H         LINE#         18
  C:6321H         LINE#         19
  C:6328H         LINE#         20
  -------         ENDPROC       _MDELAY
  -------         ENDMOD        Z_DELAY
BL51 BANKED LINKER/LOCATER V6.22                                                      08/18/2020  14:49:23  PAGE 31



  -------         MODULE        Z_GLOBAL
  C:0000H         SYMBOL        _ICE_DUMMY_
  D:00D0H         PUBLIC        PSW
  D:0080H         PUBLIC        P0
  D:0090H         PUBLIC        P1
  D:00A0H         PUBLIC        P2
  D:00B0H         PUBLIC        P3
  D:00C0H         PUBLIC        P4
  D:00C8H         PUBLIC        P5
  D:00E8H         PUBLIC        P6
  D:00F8H         PUBLIC        P7
  D:00A8H         PUBLIC        IE
  D:00B8H         PUBLIC        IP
  D:0088H         PUBLIC        TCON
  D:0098H         PUBLIC        SCON
  D:00D8H         PUBLIC        CCON
  X:0000H         PUBLIC        duoji_doing
  X:0070H         PUBLIC        eeprom_info
  X:0131H         PUBLIC        uart_receive_buf
  X:0335H         PUBLIC        uart1_get_ok
  X:0336H         PUBLIC        uart1_mode
  X:0337H         PUBLIC        uart_receive_buf_index
  X:0338H         PUBLIC        cmd_return
  X:039CH         PUBLIC        timer1_flag_dj
  X:039DH         PUBLIC        duoji_index1
  X:039EH         PUBLIC        AI_mode
  X:039FH         PUBLIC        group_do_ok
  X:03A0H         PUBLIC        csb_cnt
  C:5BD6H         PUBLIC        global_init
  C:45CEH         PUBLIC        _str_contain_str
  C:6541H         PUBLIC        _abs_int
  C:3B1CH         PUBLIC        _selection_sort
  -------         PROC          GLOBAL_INIT
  -------         DO            
  D:0003H         SYMBOL        i
  -------         ENDDO         
  C:5BD6H         LINE#         16
  C:5BD6H         LINE#         19
  C:5BD8H         LINE#         20
  C:5BEDH         LINE#         21
  C:5C02H         LINE#         22
  C:5C17H         LINE#         23
  C:5C1CH         LINE#         25
  C:5C21H         LINE#         26
  C:5C23H         LINE#         27
  C:5C25H         LINE#         29
  -------         ENDPROC       GLOBAL_INIT
  -------         PROC          _STR_CONTAIN_STR
  X:0466H         SYMBOL        str
  X:0469H         SYMBOL        str2
  -------         DO            
  X:046CH         SYMBOL        str_temp
  X:046FH         SYMBOL        str_temp2
  -------         ENDDO         
  C:45CEH         LINE#         31
  C:45D9H         LINE#         33
BL51 BANKED LINKER/LOCATER V6.22                                                      08/18/2020  14:49:23  PAGE 32


  C:45E4H         LINE#         34
  C:45F9H         LINE#         35
  C:460DH         LINE#         36
  C:4621H         LINE#         37
  C:4631H         LINE#         38
  C:4659H         LINE#         39
  C:4694H         LINE#         40
  C:46A9H         LINE#         41
  C:46A9H         LINE#         42
  C:46A9H         LINE#         43
  C:46A9H         LINE#         44
  C:46BCH         LINE#         45
  C:46D6H         LINE#         46
  C:46D6H         LINE#         48
  C:46D6H         LINE#         49
  C:46E0H         LINE#         50
[...]
  -------         PROC          _TCS34725_WRITE
  X:0459H         SYMBOL        subAddr
  X:045AH         SYMBOL        dataBuffer
  X:045DH         SYMBOL        bytesNumber
  -------         DO            
  X:045EH         SYMBOL        sendBuffer
  D:0007H         SYMBOL        byte
  -------         ENDDO         
  C:553BH         LINE#         190
  C:5549H         LINE#         191
  C:5549H         LINE#         192
  C:555CH         LINE#         193
  C:555CH         LINE#         195
  C:5566H         LINE#         196
  C:5572H         LINE#         197
  C:5572H         LINE#         198
  C:5599H         LINE#         199
  C:559CH         LINE#         200
  -------         ENDPROC       _TCS34725_WRITE
  C:5D08H         SYMBOL        L?0098
  -------         PROC          L?0097
  -------         ENDPROC       L?0097
  C:5D08H         SYMBOL        L?0098
  -------         PROC          _TCS34725_READ
  X:045DH         SYMBOL        subAddr
  X:045EH         SYMBOL        dataBuffer
  X:0461H         SYMBOL        bytesNumber
  C:5D0EH         LINE#         212
  C:5D1CH         LINE#         213
  C:5D1CH         LINE#         214
  C:5D23H         LINE#         216
  C:5D37H         LINE#         217
BL51 BANKED LINKER/LOCATER V6.22                                                      08/18/2020  14:49:23  PAGE 62


  -------         ENDPROC       _TCS34725_READ
  -------         PROC          _TCS34725_SETINTEGRATIONTIME
  X:0458H         SYMBOL        time
  C:6503H         LINE#         224
  C:6508H         LINE#         225
  C:6508H         LINE#         226
  -------         ENDPROC       _TCS34725_SETINTEGRATIONTIME
  -------         PROC          _TCS34725_SETGAIN
  X:0458H         SYMBOL        gain
  C:64D8H         LINE#         233
  C:64DDH         LINE#         234
  C:64DDH         LINE#         235
  -------         ENDPROC       _TCS34725_SETGAIN
  -------         PROC          TCS34725_ENABLE
  -------         DO            
  X:0458H         SYMBOL        cmd
  -------         ENDDO         
  C:61FBH         LINE#         242
  C:61FBH         LINE#         243
  C:61FBH         LINE#         244
  C:6201H         LINE#         246
  C:620FH         LINE#         247
  C:6215H         LINE#         248
  -------         ENDPROC       TCS34725_ENABLE
  -------         PROC          TCS34725_DISABLE
  -------         DO            
  X:04F0H         SYMBOL        cmd
  -------         ENDDO         
  C:61A2H         LINE#         256
  C:61A2H         LINE#         257
  C:61A2H         LINE#         258
  C:61A7H         LINE#         260
  C:61B7H         LINE#         261
  C:61BEH         LINE#         262
  -------         ENDPROC       TCS34725_DISABLE
  -------         PROC          _TCS34725_LEDON
  X:0456H         SYMBOL        enable
  -------         DO            
  X:0457H         SYMBOL        cmd
  -------         ENDDO         
  C:5EE0H         LINE#         265
  C:5EE5H         LINE#         266
  C:5EE8H         LINE#         267
  C:5EF8H         LINE#         268
  C:5EFEH         LINE#         269
  C:5F03H         LINE#         270
  C:5F05H         LINE#         271
  C:5F0CH         LINE#         272
  C:5F0CH         LINE#         273
  -------         ENDPROC       _TCS34725_LEDON
  -------         PROC          _TCS34725_INIT
  X:0456H         SYMBOL        time
  -------         DO            
  X:0457H         SYMBOL        id
  -------         ENDDO         
  C:5FC9H         LINE#         281
  C:5FCEH         LINE#         282
BL51 BANKED LINKER/LOCATER V6.22                                                      08/18/2020  14:49:23  PAGE 63


  C:5FCEH         LINE#         283
  C:5FD1H         LINE#         285
  C:5FD4H         LINE#         286
  C:5FE4H         LINE#         287
  C:5FEBH         LINE#         288
  C:5FEBH         LINE#         289
  C:5FF3H         LINE#         290
  C:5FF8H         LINE#         291
  C:5FFBH         LINE#         292
  C:5FFEH         LINE#         293
  C:5FFEH         LINE#         294
  C:6000H         LINE#         295
  -------         ENDPROC       _TCS34725_INIT
  -------         PROC          _TCS34725_GETCHANNELDATA
  X:045AH         SYMBOL        reg
  -------         DO            
  X:045BH         SYMBOL        tmp
  D:0006H         SYMBOL        mydata
  -------         ENDDO         
  C:5F58H         LINE#         301
  C:5F5DH         LINE#         302
  C:5F5DH         LINE#         303
  C:5F70H         LINE#         306
  C:5F84H         LINE#         307
  C:5F90H         LINE#         309
  C:5F90H         LINE#         310
  -------         ENDPROC       _TCS34725_GETCHANNELDATA
  -------         PROC          _TCS34725_GETRAWDATA
  X:0456H         SYMBOL        rgbc
  -------         DO            
  X:0459H         SYMBOL        status
  -------         ENDDO         
  C:5437H         LINE#         317
  C:5442H         LINE#         318
  C:5442H         LINE#         319
  C:5446H         LINE#         321
  C:544DH         LINE#         323
  C:5454H         LINE#         324
  C:5454H         LINE#         325
  C:546AH         LINE#         326
  C:5483H         LINE#         327
  C:549CH         LINE#         328
  C:54B5H         LINE#         329
  C:54B8H         LINE#         330
  C:54B8H         LINE#         331
  C:54BAH         LINE#         332
  -------         ENDPROC       _TCS34725_GETRAWDATA
  -------         PROC          TCS34725_GETR
  -------         DO            
  X:04F1H         SYMBOL        status
  -------         ENDDO         
  C:63E0H         LINE#         334
  C:63E0H         LINE#         336
  C:63E6H         LINE#         338
  C:63EDH         LINE#         340
  C:63F4H         LINE#         341
  C:63F9H         LINE#         342
BL51 BANKED LINKER/LOCATER V6.22                                                      08/18/2020  14:49:23  PAGE 64


  C:63F9H         LINE#         343
  C:63FCH         LINE#         344
  -------         ENDPROC       TCS34725_GETR
  -------         PROC          TCS34725_GETG
  -------         DO            
  X:04F2H         SYMBOL        status
  -------         ENDDO         
  C:6386H         LINE#         346
  C:6386H         LINE#         348
  C:638CH         LINE#         350
  C:6394H         LINE#         352
  C:639BH         LINE#         353
  C:63A0H         LINE#         354
  C:63A0H         LINE#         355
  C:63A3H         LINE#         356
  -------         ENDPROC       TCS34725_GETG
  -------         PROC          TCS34725_GETB
  -------         DO            
  X:04F3H         SYMBOL        status
  -------         ENDDO         
  C:63A4H         LINE#         358
  C:63A4H         LINE#         360
  C:63AAH         LINE#         362
  C:63B2H         LINE#         364
  C:63B9H         LINE#         365
  C:63BEH         LINE#         366
  C:63BEH         LINE#         367
  C:63C1H         LINE#         368
  -------         ENDPROC       TCS34725_GETB
  -------         PROC          TCS34725_GETC
  -------         DO            
  X:04F4H         SYMBOL        status
  -------         ENDDO         
  C:63C2H         LINE#         370
  C:63C2H         LINE#         372
  C:63C8H         LINE#         374
  C:63D0H         LINE#         376
  C:63D7H         LINE#         377
  C:63DCH         LINE#         378
  C:63DCH         LINE#         379
  C:63DFH         LINE#         380
  -------         ENDPROC       TCS34725_GETC
  -------         PROC          _RGBTOHSL
  X:04B9H         SYMBOL        Rgb
  X:04BCH         SYMBOL        Hsl
  -------         DO            
  X:04BFH         SYMBOL        maxVal
  X:04C0H         SYMBOL        minVal
  X:04C1H         SYMBOL        difVal
  X:04C2H         SYMBOL        r
  X:04C3H         SYMBOL        g
  X:04C4H         SYMBOL        b
  -------         ENDDO         
  C:3167H         LINE#         385
  C:3172H         LINE#         386
  C:3172H         LINE#         388
  C:319BH         LINE#         389
BL51 BANKED LINKER/LOCATER V6.22                                                      08/18/2020  14:49:23  PAGE 65


  C:31B9H         LINE#         390
  C:31D7H         LINE#         392
  C:3210H         LINE#         393
  C:3249H         LINE#         394
  C:3256H         LINE#         397
  C:3272H         LINE#         399
  C:327FH         LINE#         400
  C:327FH         LINE#         401
  C:3285H         LINE#         402
  C:3294H         LINE#         403
  C:3297H         LINE#         405
  C:3297H         LINE#         407
  C:329EH         LINE#         408
  C:329EH         LINE#         409
  C:32ACH         LINE#         410
  C:32D3H         LINE#         412
  C:3305H         LINE#         413
  C:3307H         LINE#         415
  C:3307H         LINE#         416
  C:3346H         LINE#         418
  C:3388H         LINE#         419
  C:3388H         LINE#         422
  C:33BCH         LINE#         424
  C:33E9H         LINE#         425
  C:33E9H         LINE#         426
  -------         ENDPROC       _RGBTOHSL
  -------         ENDMOD        Z_COLOR

  -------         MODULE        ?C?FPADD
  C:00A5H         PUBLIC        ?C?FPADD
  C:00A1H         PUBLIC        ?C?FPSUB
  -------         ENDMOD        ?C?FPADD

  -------         MODULE        ?C?FPMUL
  C:0196H         PUBLIC        ?C?FPMUL
  -------         ENDMOD        ?C?FPMUL

  -------         MODULE        ?C?FPDIV
  C:029FH         PUBLIC        ?C?FPDIV
  -------         ENDMOD        ?C?FPDIV

  -------         MODULE        ?C?FPCMP
  C:033EH         PUBLIC        ?C?FPCMP
  C:033CH         PUBLIC        ?C?FPCMP3
  -------         ENDMOD        ?C?FPCMP

  -------         MODULE        ?C?FPNEG
  C:03A9H         PUBLIC        ?C?FPNEG
  -------         ENDMOD        ?C?FPNEG

  -------         MODULE        ?C?FCAST
  C:03C4H         PUBLIC        ?C?FCASTC
  C:03BFH         PUBLIC        ?C?FCASTI
  C:03BAH         PUBLIC        ?C?FCASTL
  -------         ENDMOD        ?C?FCAST

  -------         MODULE        ?C?CASTF
BL51 BANKED LINKER/LOCATER V6.22                                                      08/18/2020  14:49:23  PAGE 66


  C:03F8H         PUBLIC        ?C?CASTF
  -------         ENDMOD        ?C?CASTF

  -------         MODULE        PRINTF
  X:046AH         PUBLIC        ?_PRINTF?BYTE
  X:046AH         PUBLIC        ?_SPRINTF?BYTE
  C:26C3H         PUBLIC        _PRINTF
  C:26BDH         PUBLIC        _SPRINTF
  -------         ENDMOD        PRINTF

  -------         MODULE        SCANF
  X:0466H         PUBLIC        ?_SCANF?BYTE
  X:0466H         PUBLIC        ?_SSCANF?BYTE
  C:2B68H         PUBLIC        _SCANF
  C:2B64H         PUBLIC        _SSCANF
  -------         ENDMOD        SCANF

  -------         MODULE        ?C?FPROUND
  C:0479H         PUBLIC        ?C?FPROUND
  -------         ENDMOD        ?C?FPROUND

  -------         MODULE        ?C?FPCONVERT
  C:04B6H         PUBLIC        ?C?FPCONVERT
  -------         ENDMOD        ?C?FPCONVERT

  -------         MODULE        ?C?FTNPWR
  C:05EBH         PUBLIC        ?C?FTNPWR
  -------         ENDMOD        ?C?FTNPWR

  -------         MODULE        ?C?COPY
  C:06FBH         PUBLIC        ?C?COPY
  -------         ENDMOD        ?C?COPY

  -------         MODULE        ?C?CLDPTR
  C:0721H         PUBLIC        ?C?CLDPTR
  -------         ENDMOD        ?C?CLDPTR

  -------         MODULE        ?C?CLDOPTR
  C:073AH         PUBLIC        ?C?CLDOPTR
  -------         ENDMOD        ?C?CLDOPTR

  -------         MODULE        ?C?CSTPTR
  C:0767H         PUBLIC        ?C?CSTPTR
  -------         ENDMOD        ?C?CSTPTR

  -------         MODULE        ?C?CSTOPTR
  C:0779H         PUBLIC        ?C?CSTOPTR
  -------         ENDMOD        ?C?CSTOPTR

  -------         MODULE        ?C?IMUL
  C:079BH         PUBLIC        ?C?IMUL
  -------         ENDMOD        ?C?IMUL

  -------         MODULE        ?C?UIDIV
  C:07ADH         PUBLIC        ?C?UIDIV
  -------         ENDMOD        ?C?UIDIV

BL51 BANKED LINKER/LOCATER V6.22                                                      08/18/2020  14:49:23  PAGE 67


  -------         MODULE        ?C?SIDIV
  C:0802H         PUBLIC        ?C?SIDIV
  -------         ENDMOD        ?C?SIDIV

  -------         MODULE        ?C?IILDX
  C:0838H         PUBLIC        ?C?IILDX
  -------         ENDMOD        ?C?IILDX

  -------         MODULE        ?C?ILDIX
  C:084EH         PUBLIC        ?C?ILDIX
  -------         ENDMOD        ?C?ILDIX

  -------         MODULE        ?C?ILDPTR
  C:0864H         PUBLIC        ?C?ILDPTR
  -------         ENDMOD        ?C?ILDPTR

  -------         MODULE        ?C?ILDOPTR
  C:088FH         PUBLIC        ?C?ILDOPTR
  -------         ENDMOD        ?C?ILDOPTR

  -------         MODULE        ?C?ISTPTR
  C:08C7H         PUBLIC        ?C?ISTPTR
  -------         ENDMOD        ?C?ISTPTR

  -------         MODULE        ?C?ISTOPTR
  C:08E6H         PUBLIC        ?C?ISTOPTR
  -------         ENDMOD        ?C?ISTOPTR

  -------         MODULE        ?C?LMUL
  C:0913H         PUBLIC        ?C?LMUL
  -------         ENDMOD        ?C?LMUL

  -------         MODULE        ?C?ULDIV
  C:099EH         PUBLIC        ?C?ULDIV
  -------         ENDMOD        ?C?ULDIV

  -------         MODULE        ?C?LNEG
  C:0A30H         PUBLIC        ?C?LNEG
  -------         ENDMOD        ?C?LNEG

  -------         MODULE        ?C?ULCMP
  C:0A3EH         PUBLIC        ?C?ULCMP
  -------         ENDMOD        ?C?ULCMP

  -------         MODULE        ?C?ULSHR
  C:0A4FH         PUBLIC        ?C?ULSHR
  -------         ENDMOD        ?C?ULSHR

  -------         MODULE        ?C?LSHL
  C:0A62H         PUBLIC        ?C?LSHL
  -------         ENDMOD        ?C?LSHL

  -------         MODULE        ?C?LSTPTR
  C:0A75H         PUBLIC        ?C?LSTPTR
  -------         ENDMOD        ?C?LSTPTR

  -------         MODULE        ?C?LLDIXDATA
BL51 BANKED LINKER/LOCATER V6.22                                                      08/18/2020  14:49:23  PAGE 68


  C:0A98H         PUBLIC        ?C?LLDIXDATA
  C:0A8FH         PUBLIC        ?C?LLDIXDATA1
  C:0A91H         PUBLIC        ?C?LLDIXDATA8
  -------         ENDMOD        ?C?LLDIXDATA

  -------         MODULE        ?C?LSTXDATA
  C:0AC4H         PUBLIC        ?C?LSTXDATA
  -------         ENDMOD        ?C?LSTXDATA

  -------         MODULE        ?C?LSTKXDATA
  C:0AD0H         PUBLIC        ?C?LSTKXDATA
  -------         ENDMOD        ?C?LSTKXDATA

  -------         MODULE        ?C?OFFXADD
  C:0B01H         PUBLIC        ?C?OFFXADD
  -------         ENDMOD        ?C?OFFXADD

  -------         MODULE        ?C?PLDXDATA
  C:0B0DH         PUBLIC        ?C?PLDXDATA
  -------         ENDMOD        ?C?PLDXDATA

  -------         MODULE        ?C?PLDIXDATA
  C:0B16H         PUBLIC        ?C?PLDIXDATA
  -------         ENDMOD        ?C?PLDIXDATA

  -------         MODULE        ?C?PILDXDATA
  C:0B2DH         PUBLIC        ?C?PILDXDATA
  -------         ENDMOD        ?C?PILDXDATA

  -------         MODULE        ?C?PSTXDATA
  C:0B44H         PUBLIC        ?C?PSTXDATA
  -------         ENDMOD        ?C?PSTXDATA

  -------         MODULE        ?C?CCASE
  C:0B4DH         PUBLIC        ?C?CCASE
  -------         ENDMOD        ?C?CCASE

  -------         MODULE        PUTCHAR
  C:6278H         PUBLIC        _PUTCHAR
  -------         ENDMOD        PUTCHAR

  -------         MODULE        GETCHAR
  B:0021H.3       PUBLIC        ?C?CHARLOADED
  X:04F5H         PUBLIC        ?_UNGETCHAR?BYTE
  C:6569H         PUBLIC        GETCHAR
  -------         ENDMOD        GETCHAR

  -------         MODULE        UNGETC
  C:66C9H         PUBLIC        _UNGETCHAR
  -------         ENDMOD        UNGETC

  -------         MODULE        ISSPACE
  C:657DH         PUBLIC        _isspace
  -------         ENDMOD        ISSPACE

  -------         MODULE        ?C?STRCPY
  C:0C3FH         PUBLIC        ?C?STRCPY
BL51 BANKED LINKER/LOCATER V6.22                                                      08/18/2020  14:49:23  PAGE 69


  -------         ENDMOD        ?C?STRCPY

  -------         MODULE        STRLEN
  C:6518H         PUBLIC        _STRLEN
  -------         ENDMOD        STRLEN

  -------         MODULE        ?C?MEMSET
  C:0C5CH         PUBLIC        ?C?MEMSET
  -------         ENDMOD        ?C?MEMSET

  -------         MODULE        ?C?LSTIDATA
  C:0C88H         PUBLIC        ?C?LSTIDATA
  -------         ENDMOD        ?C?LSTIDATA

  -------         MODULE        ?C?LSTPDATA
  C:0C94H         PUBLIC        ?C?LSTPDATA
  -------         ENDMOD        ?C?LSTPDATA

  -------         MODULE        _GETKEY
  C:66BFH         PUBLIC        _GETKEY
  -------         ENDMOD        _GETKEY

*** WARNING L16: UNCALLED SEGMENT, IGNORED FOR OVERLAY PROCESS
    SEGMENT: ?PR?SETUP_UART4?Z_MAIN

*** WARNING L16: UNCALLED SEGMENT, IGNORED FOR OVERLAY PROCESS
    SEGMENT: ?PR?LOOP_PS2_JOYSTICK?Z_MAIN

*** WARNING L16: UNCALLED SEGMENT, IGNORED FOR OVERLAY PROCESS
    SEGMENT: ?PR?HANDLE_UART?Z_MAIN

*** WARNING L16: UNCALLED SEGMENT, IGNORED FOR OVERLAY PROCESS
    SEGMENT: ?PR?CHECK_DJ_STATE?Z_MAIN

*** WARNING L16: UNCALLED SEGMENT, IGNORED FOR OVERLAY PROCESS
    SEGMENT: ?PR?_DELAY?Z_DELAY

*** WARNING L16: UNCALLED SEGMENT, IGNORED FOR OVERLAY PROCESS
    SEGMENT: ?PR?_UDELAY?Z_DELAY

*** WARNING L16: UNCALLED SEGMENT, IGNORED FOR OVERLAY PROCESS
    SEGMENT: ?PR?TIMER1_INIT?Z_TIMER

*** WARNING L16: UNCALLED SEGMENT, IGNORED FOR OVERLAY PROCESS
    SEGMENT: ?PR?GET_UART_TIMEOUT?Z_UART

*** WARNING L16: UNCALLED SEGMENT, IGNORED FOR OVERLAY PROCESS
    SEGMENT: ?PR?UART1_CLOSE?Z_UART

*** WARNING L16: UNCALLED SEGMENT, IGNORED FOR OVERLAY PROCESS
    SEGMENT: ?PR?UART2_CLOSE?Z_UART

*** WARNING L16: UNCALLED SEGMENT, IGNORED FOR OVERLAY PROCESS
    SEGMENT: ?PR?UART4_CLOSE?Z_UART

*** WARNING L16: UNCALLED SEGMENT, IGNORED FOR OVERLAY PROCESS
    SEGMENT: ?PR?SPISETSPEEDLOW?Z_W25Q64
BL51 BANKED LINKER/LOCATER V6.22                                                      08/18/2020  14:49:23  PAGE 70



*** WARNING L16: UNCALLED SEGMENT, IGNORED FOR OVERLAY PROCESS
    SEGMENT: ?PR?SPISETSPEEDHIGH?Z_W25Q64

*** WARNING L16: UNCALLED SEGMENT, IGNORED FOR OVERLAY PROCESS
    SEGMENT: ?PR?_SPIFLASHWRITESR?Z_W25Q64

*** WARNING L16: UNCALLED SEGMENT, IGNORED FOR OVERLAY PROCESS
    SEGMENT: ?PR?SPIFLASHWRITEDISABLE?Z_W25Q64

*** WARNING L16: UNCALLED SEGMENT, IGNORED FOR OVERLAY PROCESS
    SEGMENT: ?PR?_SPIFLASHREADCHAR?Z_W25Q64

*** WARNING L16: UNCALLED SEGMENT, IGNORED FOR OVERLAY PROCESS
    SEGMENT: ?PR?_SPIFLASHWRITE?Z_W25Q64

*** WARNING L16: UNCALLED SEGMENT, IGNORED FOR OVERLAY PROCESS
    SEGMENT: ?PR?_SPIFLASHWRITECHAR?Z_W25Q64

*** WARNING L16: UNCALLED SEGMENT, IGNORED FOR OVERLAY PROCESS
    SEGMENT: ?PR?SPIFLASHERASECHIP?Z_W25Q64

*** WARNING L16: UNCALLED SEGMENT, IGNORED FOR OVERLAY PROCESS
    SEGMENT: ?PR?SPIFLASHPOWERDOWN?Z_W25Q64

*** WARNING L16: UNCALLED SEGMENT, IGNORED FOR OVERLAY PROCESS
    SEGMENT: ?PR?SPIFLASHWAKEUP?Z_W25Q64

*** WARNING L16: UNCALLED SEGMENT, IGNORED FOR OVERLAY PROCESS
    SEGMENT: ?PR?GET_ADC_YSSB_MIDDLE?Z_SENSOR

*** WARNING L16: UNCALLED SEGMENT, IGNORED FOR OVERLAY PROCESS
    SEGMENT: ?PR?TCS34725_DISABLE?Z_COLOR

*** WARNING L16: UNCALLED SEGMENT, IGNORED FOR OVERLAY PROCESS
    SEGMENT: ?PR?TCS34725_GETR?Z_COLOR

*** WARNING L16: UNCALLED SEGMENT, IGNORED FOR OVERLAY PROCESS
    SEGMENT: ?PR?TCS34725_GETG?Z_COLOR

*** WARNING L16: UNCALLED SEGMENT, IGNORED FOR OVERLAY PROCESS
    SEGMENT: ?PR?TCS34725_GETB?Z_COLOR

*** WARNING L16: UNCALLED SEGMENT, IGNORED FOR OVERLAY PROCESS
    SEGMENT: ?PR?TCS34725_GETC?Z_COLOR

*** WARNING L16: UNCALLED SEGMENT, IGNORED FOR OVERLAY PROCESS
    SEGMENT: ?PR?_RGBTOHSL?Z_COLOR

Program Size: data=29.4 xdata=1270 code=26401
LINK/LOCATE RUN COMPLETE.  28 WARNING(S),  0 ERROR(S)
