BL51 BANKED LINKER/LOCATER V6.22                                                        05/28/2020  22:54:09  PAGE 1


BL51 BANKED LINKER/LOCATER V6.22, INVOKED BY:
C:\KEIL\C51\BIN\BL51.EXE .\obj\z_main.obj, .\obj\z_adc.obj, .\obj\z_delay.obj, .\obj\z_global.obj, .\obj\z_gpio.obj, .\o
>> bj\z_ps2.obj, .\obj\z_pwm.obj, .\obj\z_sensor.obj, .\obj\z_timer.obj, .\obj\z_uart.obj, .\obj\z_w25q64.obj, .\obj\z_o
>> led.obj TO .\obj\Kibot-Jxb51 PRINT (.\lst\Kibot-Jxb51.m51)


MEMORY MODEL: LARGE WITH FLOATING POINT ARITHMETIC


INPUT MODULES INCLUDED:
  .\obj\z_main.obj (Z_MAIN)
  .\obj\z_adc.obj (Z_ADC)
  .\obj\z_delay.obj (Z_DELAY)
  .\obj\z_global.obj (Z_GLOBAL)
  .\obj\z_gpio.obj (Z_GPIO)
  .\obj\z_ps2.obj (Z_PS2)
  .\obj\z_pwm.obj (Z_PWM)
  .\obj\z_sensor.obj (Z_SENSOR)
  .\obj\z_timer.obj (Z_TIMER)
  .\obj\z_uart.obj (Z_UART)
  .\obj\z_w25q64.obj (Z_W25Q64)
  .\obj\z_oled.obj (Z_OLED)
  C:\KEIL\C51\LIB\C51FPL.LIB (?C?FPADD)
  C:\KEIL\C51\LIB\C51FPL.LIB (?C?FPMUL)
  C:\KEIL\C51\LIB\C51FPL.LIB (?C?FPDIV)
  C:\KEIL\C51\LIB\C51FPL.LIB (?C?FPCMP)
  C:\KEIL\C51\LIB\C51FPL.LIB (?C?FPNEG)
  C:\KEIL\C51\LIB\C51FPL.LIB (?C?FCAST)
  C:\KEIL\C51\LIB\C51FPL.LIB (?C?CASTF)
  C:\KEIL\C51\LIB\C51FPL.LIB (PRINTF)
  C:\KEIL\C51\LIB\C51FPL.LIB (SCANF)
  C:\KEIL\C51\LIB\C51FPL.LIB (?C?FPGETOPN)
  C:\KEIL\C51\LIB\C51FPL.LIB (?C?FPROUND)
  C:\KEIL\C51\LIB\C51FPL.LIB (?C?FPCONVERT)
  C:\KEIL\C51\LIB\C51FPL.LIB (?C?ATOF)
  C:\KEIL\C51\LIB\C51FPL.LIB (?C?FTNPWR)
  C:\KEIL\C51\LIB\C51L.LIB (?C_STARTUP)
  C:\KEIL\C51\LIB\C51L.LIB (?C?COPY)
  C:\KEIL\C51\LIB\C51L.LIB (?C?CLDPTR)
  C:\KEIL\C51\LIB\C51L.LIB (?C?CLDOPTR)
  C:\KEIL\C51\LIB\C51L.LIB (?C?CSTPTR)
  C:\KEIL\C51\LIB\C51L.LIB (?C?CSTOPTR)
  C:\KEIL\C51\LIB\C51L.LIB (?C?IMUL)
  C:\KEIL\C51\LIB\C51L.LIB (?C?SIDIV)
  C:\KEIL\C51\LIB\C51L.LIB (?C?IILDX)
  C:\KEIL\C51\LIB\C51L.LIB (?C?ILDIX)
  C:\KEIL\C51\LIB\C51L.LIB (?C?ILDPTR)
  C:\KEIL\C51\LIB\C51L.LIB (?C?ILDOPTR)
  C:\KEIL\C51\LIB\C51L.LIB (?C?ISTPTR)
  C:\KEIL\C51\LIB\C51L.LIB (?C?ISTOPTR)
  C:\KEIL\C51\LIB\C51L.LIB (?C?LMUL)
  C:\KEIL\C51\LIB\C51L.LIB (?C?ULDIV)
  C:\KEIL\C51\LIB\C51L.LIB (?C?LNEG)
  C:\KEIL\C51\LIB\C51L.LIB (?C?ULCMP)
  C:\KEIL\C51\LIB\C51L.LIB (?C?ULSHR)
  C:\KEIL\C51\LIB\C51L.LIB (?C?LSHL)
  C:\KEIL\C51\LIB\C51L.LIB (?C?LSTPTR)
  C:\KEIL\C51\LIB\C51L.LIB (?C?LSTXDATA)
BL51 BANKED LINKER/LOCATER V6.22                                                      05/28/2020  22:54:09  PAGE 2


  C:\KEIL\C51\LIB\C51L.LIB (?C?LSTKXDATA)
  C:\KEIL\C51\LIB\C51L.LIB (?C?OFFXADD)
  C:\KEIL\C51\LIB\C51L.LIB (?C?PLDXDATA)
  C:\KEIL\C51\LIB\C51L.LIB (?C?PLDIXDATA)
  C:\KEIL\C51\LIB\C51L.LIB (?C?PILDXDATA)
  C:\KEIL\C51\LIB\C51L.LIB (?C?PSTXDATA)
  C:\KEIL\C51\LIB\C51L.LIB (?C?CCASE)
  C:\KEIL\C51\LIB\C51L.LIB (PUTCHAR)
  C:\KEIL\C51\LIB\C51L.LIB (GETCHAR)
  C:\KEIL\C51\LIB\C51L.LIB (UNGETC)
  C:\KEIL\C51\LIB\C51L.LIB (ISSPACE)
  C:\KEIL\C51\LIB\C51L.LIB (?C?STRCPY)
  C:\KEIL\C51\LIB\C51L.LIB (STRLEN)
  C:\KEIL\C51\LIB\C51L.LIB (?C?MEMSET)
  C:\KEIL\C51\LIB\C51L.LIB (?C_INIT)
  C:\KEIL\C51\LIB\C51L.LIB (?C?UIDIV)
  C:\KEIL\C51\LIB\C51L.LIB (?C?LSTIDATA)
  C:\KEIL\C51\LIB\C51L.LIB (?C?LSTPDATA)
  C:\KEIL\C51\LIB\C51L.LIB (_GETKEY)


LINK MAP OF MODULE:  .\obj\Kibot-Jxb51 (Z_MAIN)


            TYPE    BASE      LENGTH    RELOCATION   SEGMENT NAME
            -----------------------------------------------------

            * * * * * * *   D A T A   M E M O R Y   * * * * * * *
            REG     0000H     0008H     ABSOLUTE     "REG BANK 0"
                    0008H     0008H                  *** GAP ***
            REG     0010H     0008H     ABSOLUTE     "REG BANK 2"
                    0018H     0008H                  *** GAP ***
            BIT     0020H.0   0001H.3   UNIT         _BIT_GROUP_
            BIT     0021H.3   0000H.1   UNIT         ?BI?GETCHAR
                    0021H.4   0000H.4                *** GAP ***
            DATA    0022H     000BH     UNIT         _DATA_GROUP_
            IDATA   002DH     0001H     UNIT         ?STACK

            * * * * * * *  X D A T A   M E M O R Y  * * * * * * *
            XDATA   0000H     03A2H     UNIT         ?XD?Z_GLOBAL
            XDATA   03A2H     006BH     UNIT         ?XD?Z_SENSOR
            XDATA   040DH     004FH     UNIT         ?XD?Z_MAIN
            XDATA   045CH     004BH     UNIT         _XDATA_GROUP_
            XDATA   04A7H     0010H     UNIT         ?XD?Z_UART
            XDATA   04B7H     000EH     UNIT         ?XD?_DRAW_BMP?Z_OLED
            XDATA   04C5H     000DH     UNIT         ?XD?_SPIFLASHWRITE?Z_W25Q64
            XDATA   04D2H     0008H     UNIT         ?XD?_OLED_SHOWSTR?Z_OLED
            XDATA   04DAH     0006H     UNIT         ?XD?Z_PWM
            XDATA   04E0H     0005H     UNIT         ?XD?Z_TIMER
            XDATA   04E5H     0001H     UNIT         ?XD?GETCHAR

            * * * * * * *   C O D E   M E M O R Y   * * * * * * *
            CODE    0000H     0003H     ABSOLUTE     
            CODE    0003H     0008H     UNIT         ?PR?SPIFLASHWAITBUSY?Z_W25Q64
            CODE    000BH     0003H     ABSOLUTE     
            CODE    000EH     000DH     UNIT         ?PR?DJ_IO_INIT?Z_GPIO
            CODE    001BH     0003H     ABSOLUTE     
BL51 BANKED LINKER/LOCATER V6.22                                                      05/28/2020  22:54:09  PAGE 3


            CODE    001EH     0005H     UNIT         ?PR?SETUP_VOL?Z_MAIN
            CODE    0023H     0003H     ABSOLUTE     
            CODE    0026H     001DH     UNIT         ?PR?_UART1_SEND_BYTE?Z_UART
            CODE    0043H     0003H     ABSOLUTE     
            CODE    0046H     004DH     UNIT         ?PR?LOOP_UART?Z_MAIN
            CODE    0093H     0003H     ABSOLUTE     
            CODE    0096H     0004H     UNIT         ?PR?SOFT_RESET?Z_MAIN
            CODE    009AH     0001H     UNIT         ?PR?HANDLE_UART?Z_MAIN
            CODE    009BH     0003H     ABSOLUTE     
            CODE    009EH     1098H     UNIT         ?CO?Z_OLED
            CODE    1136H     0C80H     UNIT         ?PR?_PARSE_CMD?Z_MAIN
            CODE    1DB6H     0BCDH     UNIT         ?C?LIB_CODE
            CODE    2983H     0A38H     UNIT         ?PR?_DO_ACTION?Z_MAIN
            CODE    33BBH     0511H     UNIT         ?CO?Z_MAIN
            CODE    38CCH     0483H     UNIT         ?PR?PRINTF?PRINTF
            CODE    3D4FH     035AH     UNIT         ?PR?SCANF?SCANF
            CODE    40A9H     0332H     UNIT         ?PR?_PARSE_PSX_BUF?Z_MAIN
            CODE    43DBH     02C8H     UNIT         ?PR?SMART_YSSBJIAQU?Z_SENSOR
            CODE    46A3H     0269H     UNIT         ?PR?_CAR_PWM_SET?Z_PWM
            CODE    490CH     0258H     UNIT         ?PR?SMART_XUNJIYANSE?Z_SENSOR
            CODE    4B64H     01E0H     UNIT         ?PR?_ACTION_SAVE?Z_MAIN
            CODE    4D44H     0195H     UNIT         ?PR?SMART_YSSB_VERIFY?Z_SENSOR
            CODE    4ED9H     0184H     UNIT         ?PR?LOOP_BT_ONCE?Z_MAIN
            CODE    505DH     0171H     UNIT         ?PR?_DUOJI_INC_HANDLE?Z_TIMER
            CODE    51CEH     016CH     UNIT         ?C_INITSEG
            CODE    533AH     0150H     UNIT         ?PR?UART1?Z_UART
            CODE    548AH     013FH     UNIT         ?PR?_SELECTION_SORT?Z_GLOBAL
            CODE    55C9H     013CH     UNIT         ?PR?UART2_INT?Z_UART
            CODE    5705H     013CH     UNIT         ?PR?UART4?Z_UART
            CODE    5841H     0119H     UNIT         ?PR?_STR_CONTAIN_STR?Z_GLOBAL
            CODE    595AH     010DH     UNIT         ?PR?_OLED_SHOWSTR?Z_OLED
            CODE    5A67H     00FCH     UNIT         ?PR?T0_IRQ?Z_TIMER
            CODE    5B63H     00F1H     UNIT         ?PR?SMART_SOUNDJIAQU?Z_SENSOR
            CODE    5C54H     00EAH     UNIT         ?PR?_SPIFLASHWRITENOCHECK?Z_W25Q64
            CODE    5D3EH     00E6H     UNIT         ?PR??C?ATOF??C?ATOF
            CODE    5E24H     00DEH     UNIT         ?PR?SETUP_START?Z_MAIN
            CODE    5F02H     00D9H     UNIT         ?PR?LOOP_ACTION?Z_MAIN
            CODE    5FDBH     00C9H     UNIT         ?PR?_DRAW_BMP?Z_OLED
            CODE    60A4H     00C7H     UNIT         ?PR?_OLED_P8X16STR?Z_OLED
            CODE    616BH     00C6H     UNIT         ?PR?_ERASE_SECTOR?Z_MAIN
            CODE    6231H     00C1H     UNIT         ?PR?SMART_XUNJICSBJIAQU?Z_SENSOR
            CODE    62F2H     00B1H     UNIT         ?PR?GET_ADC_YSSB_MIDDLE?Z_SENSOR
            CODE    63A3H     00B0H     UNIT         ?PR?_PSX_WRITE_READ?Z_PS2
            CODE    6453H     00ABH     UNIT         ?PR?_PRINT_GROUP?Z_MAIN
            CODE    64FEH     00A6H     UNIT         ?PR?SETUP_W25Q64?Z_MAIN
            CODE    65A4H     009DH     UNIT         ?PR?LOOP_PS2_CAR_PWM?Z_MAIN
            CODE    6641H     009CH     UNIT         ?PR?OLED_INIT?Z_OLED
            CODE    66DDH     0096H     UNIT         ?PR?SMART_GENSUI?Z_SENSOR
            CODE    6773H     008CH     UNIT         ?PR?_GET_ACTION_INDEX?Z_MAIN
            CODE    67FFH     008CH     UNIT         ?C_C51STARTUP
            CODE    688BH     008BH     UNIT         ?PR?GET_CSB_VALUE?Z_SENSOR
            CODE    6916H     0086H     UNIT         ?PR?SETUP_SERVO_BIAS?Z_MAIN
            CODE    699CH     0082H     UNIT         ?PR?_SPIFLASHWRITEPAGE?Z_W25Q64
            CODE    6A1EH     0080H     UNIT         ?PR?CHECK_DJ_STATE?Z_MAIN
            CODE    6A9EH     007CH     UNIT         ?PR?_PSX_TRANSFER?Z_PS2
            CODE    6B1AH     007BH     UNIT         ?PR?_OLED_P6X8STR?Z_OLED
            CODE    6B95H     0077H     UNIT         ?PR?LOOP_SMART_SENSOR?Z_SENSOR
BL51 BANKED LINKER/LOCATER V6.22                                                      05/28/2020  22:54:09  PAGE 4


            CODE    6C0CH     006DH     UNIT         ?PR?MAIN?Z_MAIN
            CODE    6C79H     006CH     UNIT         ?PR?SMART_CSBJIAQU?Z_SENSOR
            CODE    6CE5H     0068H     UNIT         ?PR?_SPIFLASHERASESECTOR?Z_W25Q64
            CODE    6D4DH     0067H     UNIT         ?PR?_DO_GROUP_ONCE?Z_MAIN
            CODE    6DB4H     0067H     UNIT         ?PR?SMART_ZIYOUBIZHANG?Z_SENSOR
            CODE    6E1BH     0064H     UNIT         ?PR?LOOP_VOL_WARNING?Z_MAIN
            CODE    6E7FH     0064H     UNIT         ?CO?Z_SENSOR
            CODE    6EE3H     0063H     UNIT         ?PR?_SPIFLASHREAD?Z_W25Q64
            CODE    6F46H     0061H     UNIT         ?PR?_UART4_INIT?Z_UART
            CODE    6FA7H     0060H     UNIT         ?PR?_UART1_INIT?Z_UART
            CODE    7007H     005EH     UNIT         ?PR?_UART2_INIT?Z_UART
            CODE    7065H     005DH     UNIT         ?PR?_OLED_P16X16CH?Z_OLED
            CODE    70C2H     005CH     UNIT         ?PR?LOOP_PS2_BUTTON?Z_MAIN
            CODE    711EH     0059H     UNIT         ?PR?_BEEP_ON_TIMES?Z_GPIO
            CODE    7177H     0056H     UNIT         ?PR?_PWM_INIT?Z_PWM
            CODE    71CDH     0050H     UNIT         ?PR?GLOBAL_INIT?Z_GLOBAL
            CODE    721DH     004CH     UNIT         ?PR?LOOP_SAVE_SOMETHING?Z_MAIN
            CODE    7269H     004BH     UNIT         ?PR?T3_IRQ?Z_TIMER
            CODE    72B4H     004AH     UNIT         ?PR?SMART_XUNJIBIZHANG?Z_SENSOR
            CODE    72FEH     0049H     UNIT         ?PR?GET_ADC_CSB_MIDDLE?Z_SENSOR
            CODE    7347H     0047H     UNIT         ?PR?SETUP_OLED?Z_MAIN
            CODE    738EH     0043H     UNIT         ?PR?_INT_EXCHANGE?Z_MAIN
            CODE    73D1H     0041H     UNIT         ?PR?_ABS_FLOAT?Z_TIMER
            CODE    7412H     003DH     UNIT         ?PR?LOOP_PS2_DATA?Z_MAIN
            CODE    744FH     003BH     UNIT         ?PR?_UART1_SEND_STR?Z_UART
            CODE    748AH     0038H     UNIT         ?PR?_DJ_IO_SET?Z_GPIO
            CODE    74C2H     0037H     UNIT         ?PR?LOOP_NLED?Z_MAIN
            CODE    74F9H     0037H     UNIT         ?PR?_TIMER0_RESET?Z_TIMER
            CODE    7530H     0037H     UNIT         ?PR?_ZX_UART_SEND_STR?Z_UART
            CODE    7567H     0033H     UNIT         ?PR?_UART4_SEND_STR?Z_UART
            CODE    759AH     0032H     UNIT         ?PR?_SPIFLASHWRITE?Z_W25Q64
            CODE    75CCH     002FH     UNIT         ?PR?_UART2_SEND_BYTE?Z_UART
            CODE    75FBH     002CH     UNIT         ?PR?_OLED_WRDAT?Z_OLED
            CODE    7627H     002BH     UNIT         ?PR?_PWM2_SETPWMWIDE?Z_PWM
            CODE    7652H     002BH     UNIT         ?PR?_PWM3_SETPWMWIDE?Z_PWM
            CODE    767DH     002BH     UNIT         ?PR?_PWM4_SETPWMWIDE?Z_PWM
            CODE    76A8H     002BH     UNIT         ?PR?_PWM5_SETPWMWIDE?Z_PWM
            CODE    76D3H     002AH     UNIT         ?PR?SPIFLASHREADID?Z_W25Q64
            CODE    76FDH     0028H     UNIT         ?PR?_ADC_READ?Z_ADC
            CODE    7725H     0027H     UNIT         ?PR?_WRITE_IIC_BYTE?Z_OLED
            CODE    774CH     0027H     UNIT         ?PR?PUTCHAR?PUTCHAR
            CODE    7773H     0026H     UNIT         ?PR?_OLED_SET_POS?Z_OLED
            CODE    7799H     0025H     UNIT         ?PR?REWRITE_EEPROM?Z_MAIN
            CODE    77BEH     0024H     UNIT         ?PR?_UART2_SEND_STR?Z_UART
            CODE    77E2H     0022H     UNIT         ?PR?IO_INIT?Z_GPIO
            CODE    7804H     0021H     UNIT         ?CO?Z_PWM
            CODE    7825H     0021H     UNIT         ?PR?T1_IRQ?Z_TIMER
            CODE    7846H     0020H     UNIT         ?PR?_MDELAY?Z_DELAY
            CODE    7866H     0020H     UNIT         ?PR?_UART4_SEND_BYTE?Z_UART
            CODE    7886H     001EH     UNIT         ?PR?_SPIWRITEREAD?Z_W25Q64
            CODE    78A4H     001EH     UNIT         ?PR?_OLED_DELAY?Z_OLED
            CODE    78C2H     001DH     UNIT         ?PR?_OLED_WRCMD?Z_OLED
            CODE    78DFH     001AH     UNIT         ?PR?_OLED_FILL?Z_OLED
            CODE    78F9H     0019H     UNIT         ?PR?_REPLACE_CHAR?Z_MAIN
            CODE    7912H     0018H     UNIT         ?PR?TIMER0_INIT?Z_TIMER
            CODE    792AH     0018H     UNIT         ?PR?OLED_CLS?Z_OLED
            CODE    7942H     0017H     UNIT         ?PR?SETUP_UART1?Z_MAIN
BL51 BANKED LINKER/LOCATER V6.22                                                      05/28/2020  22:54:09  PAGE 5


            CODE    7959H     0017H     UNIT         ?PR?SETUP_UART2?Z_MAIN
            CODE    7970H     0017H     UNIT         ?PR?SETUP_UART4?Z_MAIN
            CODE    7987H     0015H     UNIT         ?PR?_ADC_INIT?Z_ADC
            CODE    799CH     0015H     UNIT         ?PR?_STRLEN?STRLEN
            CODE    79B1H     0014H     UNIT         ?PR?_ABS_INT?Z_GLOBAL
            CODE    79C5H     0014H     UNIT         ?PR?TIMER1_INIT?Z_TIMER
            CODE    79D9H     0014H     UNIT         ?PR?GETCHAR?GETCHAR
            CODE    79EDH     0014H     UNIT         ?PR?_ISSPACE?ISSPACE
            CODE    7A01H     0013H     UNIT         ?PR?_UDELAY?Z_DELAY
            CODE    7A14H     0012H     UNIT         ?PR?TIMER3_INIT?Z_TIMER
            CODE    7A26H     0010H     UNIT         ?PR?SPIMASTERINIT?Z_W25Q64
            CODE    7A36H     000FH     UNIT         ?PR?MILLIS?Z_TIMER
            CODE    7A45H     000FH     UNIT         ?PR?GET_UART_TIMEOUT?Z_UART
            CODE    7A54H     000FH     UNIT         ?PR?SPIFLASHREADSR?Z_W25Q64
            CODE    7A63H     000BH     UNIT         ?PR?_DELAY?Z_DELAY
            CODE    7A6EH     000AH     UNIT         ?PR?SPIFLASHWRITEENABLE?Z_W25Q64
            CODE    7A78H     000AH     UNIT         ?PR?_GETKEY?_GETKEY
            CODE    7A82H     0009H     UNIT         ?PR?SETUP_SENSOR?Z_SENSOR
            CODE    7A8BH     0009H     UNIT         ?PR?SPIFLASHINIT?Z_W25Q64
            CODE    7A94H     0009H     UNIT         ?PR?IIC_START?Z_OLED
            CODE    7A9DH     0009H     UNIT         ?PR?IIC_STOP?Z_OLED
            CODE    7AA6H     0008H     UNIT         ?PR?GETCHAR?UNGETCHAR
            CODE    7AAEH     0007H     UNIT         ?PR?SETUP_CAR_PWM?Z_MAIN
            CODE    7AB5H     0007H     UNIT         ?PR?PSX_INIT?Z_PS2
            CODE    7ABCH     0006H     UNIT         ?PR?SETUP_INTERRUPT?Z_MAIN
            CODE    7AC2H     0004H     UNIT         ?PR?UART2_OPEN?Z_UART
            CODE    7AC6H     0004H     UNIT         ?PR?UART2_CLOSE?Z_UART
            CODE    7ACAH     0004H     UNIT         ?PR?UART4_OPEN?Z_UART
            CODE    7ACEH     0004H     UNIT         ?PR?UART4_CLOSE?Z_UART
            CODE    7AD2H     0003H     UNIT         ?PR?SETUP_GLOBAL?Z_MAIN
            CODE    7AD5H     0003H     UNIT         ?PR?SETUP_GPIO?Z_MAIN
            CODE    7AD8H     0003H     UNIT         ?PR?SETUP_NLED?Z_MAIN
            CODE    7ADBH     0003H     UNIT         ?PR?SETUP_BEEP?Z_MAIN
            CODE    7ADEH     0003H     UNIT         ?PR?SETUP_DJIO?Z_MAIN
            CODE    7AE1H     0003H     UNIT         ?PR?SETUP_PS2?Z_MAIN
            CODE    7AE4H     0003H     UNIT         ?PR?SETUP_DJ_TIMER?Z_MAIN
            CODE    7AE7H     0003H     UNIT         ?PR?SETUP_SYSTICK?Z_MAIN
            CODE    7AEAH     0003H     UNIT         ?PR?SETUP_CSB?Z_SENSOR
            CODE    7AEDH     0003H     UNIT         ?PR?UART1_OPEN?Z_UART
            CODE    7AF0H     0003H     UNIT         ?PR?UART1_CLOSE?Z_UART
            CODE    7AF3H     0001H     UNIT         ?PR?SETUP_INFRARED?Z_SENSOR
            CODE    7AF4H     0001H     UNIT         ?PR?SETUP_SOUND?Z_SENSOR
            CODE    7AF5H     0001H     UNIT         ?PR?SMART_XUNJI?Z_SENSOR



OVERLAY MAP OF MODULE:   .\obj\Kibot-Jxb51 (Z_MAIN)


SEGMENT                                       BIT_GROUP          DATA_GROUP          XDATA_GROUP
  +--> CALLED SEGMENT                      START    LENGTH     START    LENGTH     START    LENGTH
--------------------------------------------------------------------------------------------------
?PR?T0_IRQ?Z_TIMER                         -----    -----      -----    -----      -----    -----
  +--> ?PR?_TIMER0_RESET?Z_TIMER
  +--> ?PR?_DJ_IO_SET?Z_GPIO
  +--> ?PR?_DUOJI_INC_HANDLE?Z_TIMER

BL51 BANKED LINKER/LOCATER V6.22                                                      05/28/2020  22:54:09  PAGE 6


?PR?_TIMER0_RESET?Z_TIMER                  -----    -----      -----    -----      045CH    0002H

?PR?_DUOJI_INC_HANDLE?Z_TIMER              -----    -----      -----    -----      045CH    0003H
  +--> ?PR?_ABS_FLOAT?Z_TIMER

?PR?_ABS_FLOAT?Z_TIMER                     -----    -----      -----    -----      045FH    0004H

*** NEW ROOT ***************************************************

?PR?UART1?Z_UART                           -----    -----      -----    -----      -----    -----
  +--> ?PR?MILLIS?Z_TIMER
  +--> ?PR?UART1_CLOSE?Z_UART

*** NEW ROOT ***************************************************

?PR?UART2_INT?Z_UART                       -----    -----      -----    -----      -----    -----
  +--> ?PR?MILLIS?Z_TIMER

*** NEW ROOT ***************************************************

?PR?UART4?Z_UART                           -----    -----      -----    -----      -----    -----
  +--> ?PR?MILLIS?Z_TIMER

*** NEW ROOT ***************************************************

?C_C51STARTUP                              -----    -----      -----    -----      -----    -----
  +--> ?PR?MAIN?Z_MAIN
  +--> ?C_INITSEG

?PR?MAIN?Z_MAIN                            -----    -----      -----    -----      -----    -----
  +--> ?PR?SETUP_GLOBAL?Z_MAIN
  +--> ?PR?SETUP_GPIO?Z_MAIN
  +--> ?PR?SETUP_DJIO?Z_MAIN
  +--> ?PR?SETUP_NLED?Z_MAIN
  +--> ?PR?SETUP_BEEP?Z_MAIN
  +--> ?PR?SETUP_W25Q64?Z_MAIN
  +--> ?PR?SETUP_PS2?Z_MAIN
  +--> ?PR?SETUP_VOL?Z_MAIN
  +--> ?PR?SETUP_CAR_PWM?Z_MAIN
  +--> ?PR?SETUP_UART1?Z_MAIN
  +--> ?PR?SETUP_UART2?Z_MAIN
  +--> ?PR?SETUP_UART4?Z_MAIN
  +--> ?PR?SETUP_SYSTICK?Z_MAIN
  +--> ?PR?SETUP_SERVO_BIAS?Z_MAIN
  +--> ?PR?SETUP_SENSOR?Z_SENSOR
  +--> ?PR?SETUP_DJ_TIMER?Z_MAIN
  +--> ?PR?SETUP_INTERRUPT?Z_MAIN
  +--> ?PR?SETUP_START?Z_MAIN
  +--> ?PR?OLED_INIT?Z_OLED
  +--> ?PR?OLED_CLS?Z_OLED
  +--> ?PR?_MDELAY?Z_DELAY
  +--> ?PR?SETUP_OLED?Z_MAIN
  +--> ?PR?LOOP_NLED?Z_MAIN
  +--> ?PR?LOOP_UART?Z_MAIN
  +--> ?PR?LOOP_ACTION?Z_MAIN
  +--> ?PR?LOOP_BT_ONCE?Z_MAIN
  +--> ?PR?LOOP_PS2_DATA?Z_MAIN
BL51 BANKED LINKER/LOCATER V6.22                                                      05/28/2020  22:54:09  PAGE 7


  +--> ?PR?LOOP_PS2_BUTTON?Z_MAIN
  +--> ?PR?LOOP_PS2_CAR_PWM?Z_MAIN
  +--> ?PR?LOOP_SAVE_SOMETHING?Z_MAIN
  +--> ?PR?LOOP_SMART_SENSOR?Z_SENSOR

?PR?SETUP_GLOBAL?Z_MAIN                    -----    -----      -----    -----      -----    -----
  +--> ?PR?GLOBAL_INIT?Z_GLOBAL

?PR?SETUP_GPIO?Z_MAIN                      -----    -----      -----    -----      -----    -----
  +--> ?PR?IO_INIT?Z_GPIO

?PR?SETUP_DJIO?Z_MAIN                      -----    -----      -----    -----      -----    -----
  +--> ?PR?DJ_IO_INIT?Z_GPIO

?PR?SETUP_W25Q64?Z_MAIN                    -----    -----      -----    -----      -----    -----
  +--> ?PR?SPIFLASHINIT?Z_W25Q64
  +--> ?PR?SPIFLASHREADID?Z_W25Q64
  +--> ?PR?_SPIFLASHREAD?Z_W25Q64

?PR?SPIFLASHINIT?Z_W25Q64                  -----    -----      -----    -----      -----    -----
  +--> ?PR?SPIMASTERINIT?Z_W25Q64

?PR?SPIFLASHREADID?Z_W25Q64                -----    -----      -----    -----      -----    -----
  +--> ?PR?_SPIWRITEREAD?Z_W25Q64

?PR?_SPIFLASHREAD?Z_W25Q64                 -----    -----      -----    -----      0477H    0009H
  +--> ?PR?_SPIWRITEREAD?Z_W25Q64

?PR?SETUP_PS2?Z_MAIN                       -----    -----      -----    -----      -----    -----
  +--> ?PR?PSX_INIT?Z_PS2

?PR?SETUP_VOL?Z_MAIN                       -----    -----      -----    -----      -----    -----
  +--> ?PR?_ADC_INIT?Z_ADC

?PR?SETUP_CAR_PWM?Z_MAIN                   -----    -----      -----    -----      -----    -----
  +--> ?PR?_PWM_INIT?Z_PWM

?PR?SETUP_UART1?Z_MAIN                     -----    -----      -----    -----      -----    -----
  +--> ?PR?_UART1_INIT?Z_UART
  +--> ?PR?UART1_OPEN?Z_UART
  +--> ?CO?Z_MAIN
  +--> ?PR?_UART1_SEND_STR?Z_UART

?PR?_UART1_INIT?Z_UART                     -----    -----      -----    -----      0463H    0004H

?PR?_UART1_SEND_STR?Z_UART                 -----    -----      -----    -----      0477H    0003H
  +--> ?PR?_UART1_SEND_BYTE?Z_UART

?PR?SETUP_UART2?Z_MAIN                     -----    -----      -----    -----      -----    -----
  +--> ?PR?_UART2_INIT?Z_UART
  +--> ?PR?UART2_OPEN?Z_UART
  +--> ?CO?Z_MAIN
  +--> ?PR?_UART2_SEND_STR?Z_UART

?PR?_UART2_INIT?Z_UART                     -----    -----      -----    -----      0463H    0004H

?PR?_UART2_SEND_STR?Z_UART                 -----    -----      -----    -----      0463H    0003H
BL51 BANKED LINKER/LOCATER V6.22                                                      05/28/2020  22:54:09  PAGE 8


  +--> ?PR?_UART2_SEND_BYTE?Z_UART

?PR?SETUP_UART4?Z_MAIN                     -----    -----      -----    -----      -----    -----
  +--> ?PR?_UART4_INIT?Z_UART
  +--> ?PR?UART4_OPEN?Z_UART
  +--> ?CO?Z_MAIN
  +--> ?PR?_UART4_SEND_STR?Z_UART

?PR?_UART4_INIT?Z_UART                     -----    -----      -----    -----      0463H    0004H

?PR?_UART4_SEND_STR?Z_UART                 -----    -----      -----    -----      0463H    0003H
  +--> ?PR?_UART4_SEND_BYTE?Z_UART

?PR?SETUP_SYSTICK?Z_MAIN                   -----    -----      -----    -----      -----    -----
  +--> ?PR?TIMER3_INIT?Z_TIMER

?PR?SETUP_SENSOR?Z_SENSOR                  -----    -----      -----    -----      -----    -----
  +--> ?PR?SETUP_INFRARED?Z_SENSOR
  +--> ?PR?SETUP_SOUND?Z_SENSOR
  +--> ?PR?SETUP_CSB?Z_SENSOR

?PR?SETUP_CSB?Z_SENSOR                     -----    -----      -----    -----      -----    -----
  +--> ?PR?TIMER0_INIT?Z_TIMER

?PR?SETUP_DJ_TIMER?Z_MAIN                  -----    -----      -----    -----      -----    -----
  +--> ?PR?TIMER1_INIT?Z_TIMER

?PR?SETUP_START?Z_MAIN                     -----    -----      -----    -----      -----    -----
  +--> ?CO?Z_MAIN
  +--> ?PR?_ZX_UART_SEND_STR?Z_UART
  +--> ?PR?_MDELAY?Z_DELAY
  +--> ?PR?_PARSE_CMD?Z_MAIN
  +--> ?PR?_STRLEN?STRLEN
  +--> ?PR?_DO_ACTION?Z_MAIN

?PR?_ZX_UART_SEND_STR?Z_UART               -----    -----      -----    -----      0490H    0003H
  +--> ?PR?_UART2_SEND_BYTE?Z_UART

?PR?_PARSE_CMD?Z_MAIN                      -----    -----      -----    -----      0466H    000DH
  +--> ?PR?_UART1_SEND_STR?Z_UART
  +--> ?CO?Z_MAIN
  +--> ?PR?_STR_CONTAIN_STR?Z_GLOBAL
  +--> ?PR?_ZX_UART_SEND_STR?Z_UART
  +--> ?PR?_CAR_PWM_SET?Z_PWM
  +--> ?PR?SCANF?SCANF
  +--> ?PR?SOFT_RESET?Z_MAIN
  +--> ?PR?_PRINT_GROUP?Z_MAIN
  +--> ?PR?_ERASE_SECTOR?Z_MAIN
  +--> ?PR?_DO_GROUP_ONCE?Z_MAIN
  +--> ?PR?PRINTF?PRINTF
  +--> ?PR?_MDELAY?Z_DELAY
  +--> ?PR?_BEEP_ON_TIMES?Z_GPIO
  +--> ?PR?REWRITE_EEPROM?Z_MAIN

?PR?_STR_CONTAIN_STR?Z_GLOBAL              -----    -----      -----    -----      0473H    000CH

?PR?_CAR_PWM_SET?Z_PWM                     -----    -----      -----    -----      0473H    0004H
BL51 BANKED LINKER/LOCATER V6.22                                                      05/28/2020  22:54:09  PAGE 9


  +--> ?PR?_PWM3_SETPWMWIDE?Z_PWM
  +--> ?PR?_PWM2_SETPWMWIDE?Z_PWM
  +--> ?PR?_PWM4_SETPWMWIDE?Z_PWM
  +--> ?PR?_PWM5_SETPWMWIDE?Z_PWM
  +--> ?CO?Z_PWM
  +--> ?PR?PRINTF?PRINTF
  +--> ?PR?_ZX_UART_SEND_STR?Z_UART

?PR?PRINTF?PRINTF                          0020H.0  0001H.1    0022H    0005H      0477H    0030H
  +--> ?PR?PUTCHAR?PUTCHAR

?PR?SCANF?SCANF                            0020H.0  0000H.6    0022H    0009H      0473H    002EH
  +--> ?PR?GETCHAR?UNGETCHAR
  +--> ?PR?_ISSPACE?ISSPACE
  +--> ?PR?GETCHAR?GETCHAR
  +--> ?PR??C?ATOF??C?ATOF

?PR?GETCHAR?GETCHAR                        -----    -----      -----    -----      -----    -----
  +--> ?PR?_GETKEY?_GETKEY
  +--> ?PR?PUTCHAR?PUTCHAR

?PR??C?ATOF??C?ATOF                        0020H.6  0000H.5    002BH    0002H      -----    -----

?PR?_PRINT_GROUP?Z_MAIN                    -----    -----      -----    -----      0473H    0004H
  +--> ?PR?_INT_EXCHANGE?Z_MAIN
  +--> ?PR?_SPIFLASHREAD?Z_W25Q64
  +--> ?PR?_UART1_SEND_STR?Z_UART
  +--> ?CO?Z_MAIN

?PR?_INT_EXCHANGE?Z_MAIN                   -----    -----      -----    -----      0477H    0006H

?PR?_ERASE_SECTOR?Z_MAIN                   -----    -----      -----    -----      0473H    0004H
  +--> ?PR?_INT_EXCHANGE?Z_MAIN
  +--> ?PR?_SPIFLASHERASESECTOR?Z_W25Q64
  +--> ?CO?Z_MAIN
  +--> ?PR?PRINTF?PRINTF
  +--> ?PR?_UART1_SEND_STR?Z_UART

?PR?_SPIFLASHERASESECTOR?Z_W25Q64          -----    -----      -----    -----      0477H    0004H
  +--> ?PR?SPIFLASHWRITEENABLE?Z_W25Q64
  +--> ?PR?SPIFLASHWAITBUSY?Z_W25Q64
  +--> ?PR?_SPIWRITEREAD?Z_W25Q64

?PR?SPIFLASHWRITEENABLE?Z_W25Q64           -----    -----      -----    -----      -----    -----
  +--> ?PR?_SPIWRITEREAD?Z_W25Q64

?PR?SPIFLASHWAITBUSY?Z_W25Q64              -----    -----      -----    -----      -----    -----
  +--> ?PR?SPIFLASHREADSR?Z_W25Q64

?PR?SPIFLASHREADSR?Z_W25Q64                -----    -----      -----    -----      -----    -----
  +--> ?PR?_SPIWRITEREAD?Z_W25Q64

?PR?_DO_GROUP_ONCE?Z_MAIN                  -----    -----      -----    -----      0473H    0002H
  +--> ?PR?_SPIFLASHREAD?Z_W25Q64
  +--> ?PR?_DO_ACTION?Z_MAIN
  +--> ?CO?Z_MAIN
  +--> ?PR?PRINTF?PRINTF
BL51 BANKED LINKER/LOCATER V6.22                                                      05/28/2020  22:54:09  PAGE 10


  +--> ?PR?_UART1_SEND_STR?Z_UART

?PR?_DO_ACTION?Z_MAIN                      -----    -----      -----    -----      0475H    001BH
  +--> ?PR?_ZX_UART_SEND_STR?Z_UART
  +--> ?CO?Z_MAIN
  +--> ?PR?MILLIS?Z_TIMER
  +--> ?PR?_PWM4_SETPWMWIDE?Z_PWM
  +--> ?PR?_PWM5_SETPWMWIDE?Z_PWM
  +--> ?PR?_PWM3_SETPWMWIDE?Z_PWM
  +--> ?PR?_PWM2_SETPWMWIDE?Z_PWM

?PR?_BEEP_ON_TIMES?Z_GPIO                  -----    -----      -----    -----      0473H    0006H
  +--> ?PR?_MDELAY?Z_DELAY

?PR?REWRITE_EEPROM?Z_MAIN                  -----    -----      -----    -----      -----    -----
  +--> ?PR?_SPIFLASHERASESECTOR?Z_W25Q64
  +--> ?PR?_SPIFLASHWRITENOCHECK?Z_W25Q64

?PR?_SPIFLASHWRITENOCHECK?Z_W25Q64         -----    -----      -----    -----      0473H    000BH
  +--> ?PR?_SPIFLASHWRITEPAGE?Z_W25Q64

?PR?_SPIFLASHWRITEPAGE?Z_W25Q64            -----    -----      -----    -----      047EH    0009H
  +--> ?PR?SPIFLASHWRITEENABLE?Z_W25Q64
  +--> ?PR?_SPIWRITEREAD?Z_W25Q64
  +--> ?PR?SPIFLASHWAITBUSY?Z_W25Q64

?PR?OLED_INIT?Z_OLED                       -----    -----      -----    -----      -----    -----
  +--> ?PR?_OLED_DELAY?Z_OLED
  +--> ?PR?_OLED_WRCMD?Z_OLED
  +--> ?PR?_OLED_FILL?Z_OLED
  +--> ?PR?_OLED_SET_POS?Z_OLED
  +--> ?PR?OLED_CLS?Z_OLED

?PR?_OLED_WRCMD?Z_OLED                     -----    -----      -----    -----      -----    -----
  +--> ?PR?_WRITE_IIC_BYTE?Z_OLED
  +--> ?PR?IIC_STOP?Z_OLED

?PR?_WRITE_IIC_BYTE?Z_OLED                 -----    -----      -----    -----      -----    -----
  +--> ?PR?IIC_START?Z_OLED

?PR?_OLED_FILL?Z_OLED                      -----    -----      -----    -----      -----    -----
  +--> ?PR?_OLED_WRCMD?Z_OLED
  +--> ?PR?_OLED_WRDAT?Z_OLED

?PR?_OLED_WRDAT?Z_OLED                     -----    -----      -----    -----      -----    -----
  +--> ?CO?Z_OLED
  +--> ?PR?_WRITE_IIC_BYTE?Z_OLED
  +--> ?PR?IIC_STOP?Z_OLED

?PR?_OLED_SET_POS?Z_OLED                   -----    -----      -----    -----      -----    -----
  +--> ?PR?_OLED_WRCMD?Z_OLED

?PR?OLED_CLS?Z_OLED                        -----    -----      -----    -----      -----    -----
  +--> ?PR?_OLED_WRCMD?Z_OLED
  +--> ?PR?_OLED_WRDAT?Z_OLED

?PR?SETUP_OLED?Z_MAIN                      -----    -----      -----    -----      0463H    0001H
BL51 BANKED LINKER/LOCATER V6.22                                                      05/28/2020  22:54:09  PAGE 11


  +--> ?PR?_OLED_P16X16CH?Z_OLED
  +--> ?CO?Z_MAIN
  +--> ?PR?_OLED_P8X16STR?Z_OLED
  +--> ?PR?_OLED_P6X8STR?Z_OLED

?PR?_OLED_P16X16CH?Z_OLED                  -----    -----      -----    -----      0464H    0002H
  +--> ?PR?_OLED_SET_POS?Z_OLED
  +--> ?CO?Z_OLED
  +--> ?PR?_OLED_WRDAT?Z_OLED

?PR?_OLED_P8X16STR?Z_OLED                  -----    -----      -----    -----      0464H    0008H
  +--> ?PR?_OLED_SET_POS?Z_OLED
  +--> ?CO?Z_OLED
  +--> ?PR?_OLED_WRDAT?Z_OLED

?PR?_OLED_P6X8STR?Z_OLED                   -----    -----      -----    -----      0464H    0008H
  +--> ?PR?_OLED_SET_POS?Z_OLED
  +--> ?PR?_OLED_WRDAT?Z_OLED

?PR?LOOP_NLED?Z_MAIN                       -----    -----      -----    -----      -----    -----
  +--> ?PR?MILLIS?Z_TIMER

?PR?LOOP_UART?Z_MAIN                       -----    -----      -----    -----      -----    -----
  +--> ?PR?_PARSE_CMD?Z_MAIN
  +--> ?PR?_DO_ACTION?Z_MAIN
  +--> ?PR?_ACTION_SAVE?Z_MAIN

?PR?_ACTION_SAVE?Z_MAIN                    -----    -----      -----    -----      0463H    0005H
  +--> ?PR?REWRITE_EEPROM?Z_MAIN
  +--> ?CO?Z_MAIN
  +--> ?PR?SCANF?SCANF
  +--> ?PR?_SPIFLASHREAD?Z_W25Q64
  +--> ?PR?_STRLEN?STRLEN
  +--> ?PR?_GET_ACTION_INDEX?Z_MAIN
  +--> ?PR?_SPIFLASHERASESECTOR?Z_W25Q64
  +--> ?PR?_REPLACE_CHAR?Z_MAIN
  +--> ?PR?_SPIFLASHWRITENOCHECK?Z_W25Q64
  +--> ?PR?_UART1_SEND_STR?Z_UART

?PR?_GET_ACTION_INDEX?Z_MAIN               -----    -----      -----    -----      0468H    0005H

?PR?_REPLACE_CHAR?Z_MAIN                   -----    -----      -----    -----      0468H    0005H

?PR?LOOP_ACTION?Z_MAIN                     -----    -----      -----    -----      -----    -----
  +--> ?PR?CHECK_DJ_STATE?Z_MAIN
  +--> ?PR?_DO_GROUP_ONCE?Z_MAIN
  +--> ?CO?Z_MAIN
  +--> ?PR?_UART1_SEND_STR?Z_UART

?PR?CHECK_DJ_STATE?Z_MAIN                  -----    -----      -----    -----      0465H    0006H

?PR?LOOP_BT_ONCE?Z_MAIN                    -----    -----      -----    -----      -----    -----
  +--> ?PR?MILLIS?Z_TIMER
  +--> ?PR?_UART4_INIT?Z_UART
  +--> ?PR?UART4_OPEN?Z_UART
  +--> ?CO?Z_MAIN
  +--> ?PR?_UART4_SEND_STR?Z_UART
BL51 BANKED LINKER/LOCATER V6.22                                                      05/28/2020  22:54:09  PAGE 12



?PR?LOOP_PS2_DATA?Z_MAIN                   -----    -----      -----    -----      -----    -----
  +--> ?PR?MILLIS?Z_TIMER
  +--> ?PR?_PSX_WRITE_READ?Z_PS2

?PR?_PSX_WRITE_READ?Z_PS2                  -----    -----      -----    -----      0463H    0003H
  +--> ?PR?_PSX_TRANSFER?Z_PS2

?PR?_PSX_TRANSFER?Z_PS2                    -----    -----      -----    -----      0466H    0003H
  +--> ?PR?_DELAY?Z_DELAY

?PR?LOOP_PS2_BUTTON?Z_MAIN                 -----    -----      -----    -----      -----    -----
  +--> ?PR?_CAR_PWM_SET?Z_PWM
  +--> ?PR?_PARSE_PSX_BUF?Z_MAIN

?PR?_PARSE_PSX_BUF?Z_MAIN                  -----    -----      -----    -----      0463H    0003H
  +--> ?CO?Z_MAIN
  +--> ?PR?_STRLEN?STRLEN
  +--> ?PR?_STR_CONTAIN_STR?Z_GLOBAL
  +--> ?PR?_PARSE_CMD?Z_MAIN
  +--> ?PR?_DO_ACTION?Z_MAIN
  +--> ?PR?_MDELAY?Z_DELAY

?PR?LOOP_PS2_CAR_PWM?Z_MAIN                -----    -----      -----    -----      0463H    0004H
  +--> ?PR?_CAR_PWM_SET?Z_PWM

?PR?LOOP_SAVE_SOMETHING?Z_MAIN             -----    -----      -----    -----      -----    -----
  +--> ?PR?MILLIS?Z_TIMER
  +--> ?PR?REWRITE_EEPROM?Z_MAIN

?PR?LOOP_SMART_SENSOR?Z_SENSOR             -----    -----      -----    -----      -----    -----
  +--> ?PR?SMART_XUNJI?Z_SENSOR
  +--> ?PR?SMART_SOUNDJIAQU?Z_SENSOR
  +--> ?PR?SMART_ZIYOUBIZHANG?Z_SENSOR
  +--> ?PR?SMART_YSSBJIAQU?Z_SENSOR
  +--> ?PR?SMART_CSBJIAQU?Z_SENSOR
  +--> ?PR?SMART_GENSUI?Z_SENSOR
  +--> ?PR?SMART_XUNJIBIZHANG?Z_SENSOR
  +--> ?PR?SMART_XUNJIYANSE?Z_SENSOR
  +--> ?PR?SMART_XUNJICSBJIAQU?Z_SENSOR
  +--> ?PR?SMART_YSSB_VERIFY?Z_SENSOR

?PR?SMART_SOUNDJIAQU?Z_SENSOR              -----    -----      -----    -----      -----    -----
  +--> ?PR?CHECK_DJ_STATE?Z_MAIN
  +--> ?PR?MILLIS?Z_TIMER
  +--> ?CO?Z_SENSOR
  +--> ?PR?_PARSE_CMD?Z_MAIN
  +--> ?PR?_BEEP_ON_TIMES?Z_GPIO

?PR?SMART_ZIYOUBIZHANG?Z_SENSOR            -----    -----      -----    -----      0463H    0002H
  +--> ?PR?MILLIS?Z_TIMER
  +--> ?PR?GET_ADC_CSB_MIDDLE?Z_SENSOR
  +--> ?PR?_CAR_PWM_SET?Z_PWM

?PR?GET_ADC_CSB_MIDDLE?Z_SENSOR            -----    -----      -----    -----      0467H    0001H
  +--> ?PR?GET_CSB_VALUE?Z_SENSOR
  +--> ?PR?_SELECTION_SORT?Z_GLOBAL
BL51 BANKED LINKER/LOCATER V6.22                                                      05/28/2020  22:54:09  PAGE 13



?PR?_SELECTION_SORT?Z_GLOBAL               -----    -----      -----    -----      0468H    000AH

?PR?SMART_YSSBJIAQU?Z_SENSOR               -----    -----      -----    -----      -----    -----
  +--> ?PR?CHECK_DJ_STATE?Z_MAIN
  +--> ?PR?MILLIS?Z_TIMER
  +--> ?PR?GET_ADC_YSSB_MIDDLE?Z_SENSOR
  +--> ?CO?Z_SENSOR
  +--> ?PR?PRINTF?PRINTF
  +--> ?PR?_UART1_SEND_STR?Z_UART
  +--> ?PR?_MDELAY?Z_DELAY
  +--> ?PR?_PARSE_CMD?Z_MAIN
  +--> ?PR?_BEEP_ON_TIMES?Z_GPIO

?PR?GET_ADC_YSSB_MIDDLE?Z_SENSOR           -----    -----      -----    -----      -----    -----
  +--> ?PR?_ADC_READ?Z_ADC
  +--> ?PR?_SELECTION_SORT?Z_GLOBAL

?PR?_ADC_READ?Z_ADC                        -----    -----      -----    -----      -----    -----
  +--> ?PR?_ADC_INIT?Z_ADC

?PR?SMART_CSBJIAQU?Z_SENSOR                -----    -----      -----    -----      -----    -----
  +--> ?PR?CHECK_DJ_STATE?Z_MAIN
  +--> ?PR?MILLIS?Z_TIMER
  +--> ?PR?GET_ADC_CSB_MIDDLE?Z_SENSOR
  +--> ?CO?Z_SENSOR
  +--> ?PR?_PARSE_CMD?Z_MAIN
  +--> ?PR?_BEEP_ON_TIMES?Z_GPIO

?PR?SMART_GENSUI?Z_SENSOR                  -----    -----      -----    -----      0463H    0004H
  +--> ?PR?MILLIS?Z_TIMER
  +--> ?PR?GET_ADC_CSB_MIDDLE?Z_SENSOR
  +--> ?PR?_CAR_PWM_SET?Z_PWM

?PR?SMART_XUNJIBIZHANG?Z_SENSOR            -----    -----      -----    -----      -----    -----
  +--> ?PR?MILLIS?Z_TIMER
  +--> ?PR?GET_ADC_CSB_MIDDLE?Z_SENSOR
  +--> ?PR?_CAR_PWM_SET?Z_PWM
  +--> ?PR?SMART_XUNJI?Z_SENSOR

?PR?SMART_XUNJIYANSE?Z_SENSOR              -----    -----      -----    -----      -----    -----
  +--> ?PR?CHECK_DJ_STATE?Z_MAIN
  +--> ?PR?MILLIS?Z_TIMER
  +--> ?PR?GET_ADC_YSSB_MIDDLE?Z_SENSOR
  +--> ?PR?_CAR_PWM_SET?Z_PWM
  +--> ?PR?_MDELAY?Z_DELAY
  +--> ?CO?Z_SENSOR
  +--> ?PR?_PARSE_CMD?Z_MAIN
  +--> ?PR?_BEEP_ON_TIMES?Z_GPIO
  +--> ?PR?SMART_XUNJI?Z_SENSOR

?PR?SMART_XUNJICSBJIAQU?Z_SENSOR           -----    -----      -----    -----      0463H    0002H
  +--> ?PR?CHECK_DJ_STATE?Z_MAIN
  +--> ?PR?GET_ADC_CSB_MIDDLE?Z_SENSOR
  +--> ?PR?MILLIS?Z_TIMER
  +--> ?PR?_BEEP_ON_TIMES?Z_GPIO
  +--> ?PR?_CAR_PWM_SET?Z_PWM
BL51 BANKED LINKER/LOCATER V6.22                                                      05/28/2020  22:54:09  PAGE 14


  +--> ?CO?Z_SENSOR
  +--> ?PR?_PARSE_CMD?Z_MAIN
  +--> ?PR?SMART_XUNJI?Z_SENSOR

?PR?SMART_YSSB_VERIFY?Z_SENSOR             -----    -----      -----    -----      0463H    0004H
  +--> ?PR?_BEEP_ON_TIMES?Z_GPIO
  +--> ?PR?GET_ADC_YSSB_MIDDLE?Z_SENSOR
  +--> ?PR?_MDELAY?Z_DELAY
  +--> ?PR?REWRITE_EEPROM?Z_MAIN
  +--> ?CO?Z_SENSOR
  +--> ?PR?PRINTF?PRINTF
  +--> ?PR?_UART1_SEND_STR?Z_UART



SYMBOL TABLE OF MODULE:  .\obj\Kibot-Jxb51 (Z_MAIN)

  VALUE           TYPE          NAME
  ----------------------------------

  -------         MODULE        Z_MAIN
  C:0000H         SYMBOL        _ICE_DUMMY_
  D:00D0H         PUBLIC        PSW
  D:0080H         PUBLIC        P0
  D:0090H         PUBLIC        P1
  D:00A0H         PUBLIC        P2
  D:00B0H         PUBLIC        P3
  D:00C0H         PUBLIC        P4
  D:00C8H         PUBLIC        P5
  D:00E8H         PUBLIC        P6
  D:00F8H         PUBLIC        P7
  D:00A8H         PUBLIC        IE
  B:00A8H.7       PUBLIC        EA
  D:00B8H         PUBLIC        IP
  D:0088H         PUBLIC        TCON
  D:0098H         PUBLIC        SCON
  D:00C7H         PUBLIC        IAP_CONTR
  D:00D8H         PUBLIC        CCON
  C:7AD2H         PUBLIC        setup_global
  C:7AD5H         PUBLIC        setup_gpio
  C:7AD8H         PUBLIC        setup_nled
  C:001EH         PUBLIC        setup_vol
  C:7ADBH         PUBLIC        setup_beep
  C:7ADEH         PUBLIC        setup_djio
  C:64FEH         PUBLIC        setup_w25q64
  C:7AE1H         PUBLIC        setup_ps2
  C:7AE4H         PUBLIC        setup_dj_timer
  C:7AAEH         PUBLIC        setup_car_pwm
  C:7942H         PUBLIC        setup_uart1
  C:7959H         PUBLIC        setup_uart2
  C:7970H         PUBLIC        setup_uart4
  C:7AE7H         PUBLIC        setup_systick
  C:7347H         PUBLIC        setup_oled
  C:5E24H         PUBLIC        setup_start
  C:6916H         PUBLIC        setup_servo_bias
  C:7ABCH         PUBLIC        setup_interrupt
  C:74C2H         PUBLIC        loop_nled
BL51 BANKED LINKER/LOCATER V6.22                                                      05/28/2020  22:54:09  PAGE 15


  C:0046H         PUBLIC        loop_uart
  C:5F02H         PUBLIC        loop_action
  C:4ED9H         PUBLIC        loop_bt_once
  C:7412H         PUBLIC        loop_ps2_data
  C:70C2H         PUBLIC        loop_ps2_button
  C:65A4H         PUBLIC        loop_ps2_car_pwm
  C:721DH         PUBLIC        loop_save_something
  C:6E1BH         PUBLIC        loop_vol_warning
  C:0096H         PUBLIC        soft_reset
  C:40A9H         PUBLIC        _parse_psx_buf
  C:114BH         PUBLIC        _parse_cmd
  C:4B64H         PUBLIC        _action_save
  C:6773H         PUBLIC        _get_action_index
  C:6453H         PUBLIC        _print_group
  C:738EH         PUBLIC        _int_exchange
  C:616BH         PUBLIC        _erase_sector
  C:6D4DH         PUBLIC        _do_group_once
  C:6A1EH         PUBLIC        check_dj_state
  C:2998H         PUBLIC        _do_action
  C:78F9H         PUBLIC        _replace_char
  C:7799H         PUBLIC        rewrite_eeprom
  B:00A0H.0       PUBLIC        nled
  B:00C8H.1       PUBLIC        beep
  X:0431H         PUBLIC        adc7_value
  X:0433H         PUBLIC        adc0_value
  X:0435H         PUBLIC        do_start_index
  X:0437H         PUBLIC        do_time
  X:0439H         PUBLIC        group_num_start
  X:043BH         PUBLIC        group_num_end
  X:043DH         PUBLIC        group_num_times
  X:043FH         PUBLIC        i
  X:0440H         PUBLIC        car_dw
  X:0441H         PUBLIC        bias_systick_ms_bak
  X:0445H         PUBLIC        djBiasSaveFlag
  X:0446H         PUBLIC        dbt_flag
  X:0447H         PUBLIC        vol_adc
  X:044BH         PUBLIC        save_addr_sector
  X:044FH         PUBLIC        save_action_index_bak
  X:0453H         PUBLIC        psx_buf
  C:386CH         PUBLIC        pre_cmd_set_red
  C:389CH         PUBLIC        pre_cmd_set_grn
  C:6C0CH         PUBLIC        main
  C:009AH         PUBLIC        handle_uart
  -------         PROC          MAIN
  C:6C0CH         LINE#         123
  C:6C0CH         LINE#         124
  C:6C0FH         LINE#         125
  C:6C12H         LINE#         126
  C:6C15H         LINE#         127
  C:6C18H         LINE#         128
  C:6C1BH         LINE#         130
  C:6C1EH         LINE#         131
  C:6C21H         LINE#         132
  C:6C24H         LINE#         133
  C:6C27H         LINE#         134
  C:6C2AH         LINE#         135
  C:6C2DH         LINE#         136
BL51 BANKED LINKER/LOCATER V6.22                                                      05/28/2020  22:54:09  PAGE 16


  C:6C30H         LINE#         138
  C:6C33H         LINE#         139
  C:6C36H         LINE#         140
  C:6C39H         LINE#         142
  C:6C3CH         LINE#         144
  C:6C3FH         LINE#         146
  C:6C42H         LINE#         149
  C:6C45H         LINE#         150
  C:6C48H         LINE#         151
  C:6C4FH         LINE#         152
  C:6C52H         LINE#         153
  C:6C59H         LINE#         154
  C:6C5CH         LINE#         156
  C:6C5CH         LINE#         157
  C:6C5FH         LINE#         158
  C:6C62H         LINE#         159
  C:6C65H         LINE#         160
  C:6C68H         LINE#         161
  C:6C6BH         LINE#         162
  C:6C6EH         LINE#         163
  C:6C71H         LINE#         164
  C:6C74H         LINE#         165
  C:6C77H         LINE#         177
  -------         ENDPROC       MAIN
  -------         PROC          SETUP_GLOBAL
  C:7AD2H         LINE#         185
  C:7AD2H         LINE#         187
  -------         ENDPROC       SETUP_GLOBAL
  -------         PROC          SETUP_GPIO
  C:7AD5H         LINE#         190
  C:7AD5H         LINE#         192
  -------         ENDPROC       SETUP_GPIO
  -------         PROC          SETUP_NLED
  C:7AD8H         LINE#         195
  C:7AD8H         LINE#         196
  C:7ADAH         LINE#         197
  -------         ENDPROC       SETUP_NLED
  -------         PROC          SETUP_BEEP
  C:7ADBH         LINE#         199
  C:7ADBH         LINE#         200
  C:7ADDH         LINE#         201
  -------         ENDPROC       SETUP_BEEP
  -------         PROC          SETUP_DJIO
  C:7ADEH         LINE#         203
  C:7ADEH         LINE#         204
  -------         ENDPROC       SETUP_DJIO
  -------         PROC          SETUP_VOL
  C:001EH         LINE#         207
  C:001EH         LINE#         208
  -------         ENDPROC       SETUP_VOL
  -------         PROC          SETUP_W25Q64
  C:64FEH         LINE#         212
  C:64FEH         LINE#         214
  C:6501H         LINE#         215
  C:6512H         LINE#         217
  C:652CH         LINE#         218
  C:6548H         LINE#         219
BL51 BANKED LINKER/LOCATER V6.22                                                      05/28/2020  22:54:09  PAGE 17


  C:6552H         LINE#         220
  C:655CH         LINE#         221
  C:655CH         LINE#         223
  C:6568H         LINE#         224
  C:6577H         LINE#         225
  C:6587H         LINE#         226
  C:658FH         LINE#         227
  C:6598H         LINE#         228
  C:6598H         LINE#         230
  C:65A1H         LINE#         231
  C:65A3H         LINE#         232
  C:65A3H         LINE#         233
  -------         ENDPROC       SETUP_W25Q64
  -------         PROC          SETUP_PS2
  C:7AE1H         LINE#         236
  C:7AE1H         LINE#         238
  -------         ENDPROC       SETUP_PS2
  -------         PROC          SETUP_DJ_TIMER
  C:7AE4H         LINE#         241
  C:7AE4H         LINE#         242
  -------         ENDPROC       SETUP_DJ_TIMER
  -------         PROC          SETUP_CAR_PWM
  C:7AAEH         LINE#         245
  C:7AAEH         LINE#         247
  -------         ENDPROC       SETUP_CAR_PWM
  -------         PROC          SETUP_UART1
  C:7942H         LINE#         251
  C:7942H         LINE#         253
  C:794DH         LINE#         255
  C:7950H         LINE#         257
  -------         ENDPROC       SETUP_UART1
  -------         PROC          SETUP_UART2
  C:7959H         LINE#         260
  C:7959H         LINE#         262
  C:7964H         LINE#         264
  C:7967H         LINE#         266
  -------         ENDPROC       SETUP_UART2
  -------         PROC          SETUP_UART4
  C:7970H         LINE#         269
  C:7970H         LINE#         271
  C:797BH         LINE#         273
  C:797EH         LINE#         276
  -------         ENDPROC       SETUP_UART4
  -------         PROC          SETUP_SYSTICK
  C:7AE7H         LINE#         279
  C:7AE7H         LINE#         281
  -------         ENDPROC       SETUP_SYSTICK
  -------         PROC          SETUP_OLED
  -------         DO            
  X:0463H         SYMBOL        i
  -------         ENDDO         
  C:7347H         LINE#         284
  C:7347H         LINE#         286
  C:734CH         LINE#         287
  C:7364H         LINE#         288
  C:7370H         LINE#         290
  C:737FH         LINE#         291
BL51 BANKED LINKER/LOCATER V6.22                                                      05/28/2020  22:54:09  PAGE 18


  -------         ENDPROC       SETUP_OLED
  -------         PROC          SETUP_START
  C:5E24H         LINE#         297
  C:5E24H         LINE#         299
  C:5E2DH         LINE#         302
  C:5E43H         LINE#         303
  C:5E59H         LINE#         304
  C:5E6FH         LINE#         307
  C:5E78H         LINE#         310
  C:5E83H         LINE#         311
  C:5E92H         LINE#         312
  C:5E99H         LINE#         313
  C:5EA2H         LINE#         314
  C:5EA2H         LINE#         315
  C:5EC0H         LINE#         316
  C:5ECEH         LINE#         317
  C:5EDBH         LINE#         318
  C:5EE8H         LINE#         319
  C:5EF5H         LINE#         320
  C:5EFEH         LINE#         321
  C:5F01H         LINE#         322
  C:5F01H         LINE#         323
  C:5F01H         LINE#         324
  -------         ENDPROC       SETUP_START
  -------         PROC          SETUP_SERVO_BIAS
  C:6916H         LINE#         326
  C:6916H         LINE#         329
  C:6925H         LINE#         330
  C:6954H         LINE#         331
  C:697EH         LINE#         332
  C:6993H         LINE#         333
  C:699BH         LINE#         337
  -------         ENDPROC       SETUP_SERVO_BIAS
  -------         PROC          SETUP_INTERRUPT
  C:7ABCH         LINE#         340
  C:7ABCH         LINE#         342
  C:7ABFH         LINE#         345
  C:7AC1H         LINE#         346
  -------         ENDPROC       SETUP_INTERRUPT
  -------         PROC          LOOP_NLED
  -------         DO            
  X:040DH         SYMBOL        systick_ms_bak
  -------         ENDDO         
  C:74C2H         LINE#         355
  C:74C2H         LINE#         357
  C:74EDH         LINE#         358
  C:74F6H         LINE#         359
  C:74F8H         LINE#         360
  C:74F8H         LINE#         361
  -------         ENDPROC       LOOP_NLED
  -------         PROC          LOOP_UART
  C:0046H         LINE#         363
  C:0046H         LINE#         364
  C:004CH         LINE#         368
  C:0053H         LINE#         370
  C:0056H         LINE#         371
  C:0065H         LINE#         373
BL51 BANKED LINKER/LOCATER V6.22                                                      05/28/2020  22:54:09  PAGE 19


  C:0068H         LINE#         374
  C:0071H         LINE#         377
  C:007AH         LINE#         378
  C:007AH         LINE#         380
  C:0089H         LINE#         381
  C:008EH         LINE#         382
  C:0092H         LINE#         383
  C:0092H         LINE#         386
  -------         ENDPROC       LOOP_UART
  -------         PROC          LOOP_SAVE_SOMETHING
  -------         DO            
  X:0411H         SYMBOL        saveTime
  -------         ENDDO         
  C:721DH         LINE#         389
  C:721DH         LINE#         391
  C:7257H         LINE#         392
  C:725CH         LINE#         393
  C:7265H         LINE#         394
  C:7268H         LINE#         395
  C:7268H         LINE#         397
  -------         ENDPROC       LOOP_SAVE_SOMETHING
  -------         PROC          LOOP_PS2_DATA
  -------         DO            
  X:0415H         SYMBOL        systick_ms_bak
  -------         ENDDO         
  C:7412H         LINE#         400
  C:7412H         LINE#         402
  C:743CH         LINE#         404
  C:743CH         LINE#         405
  C:7445H         LINE#         406
  C:744EH         LINE#         415
  -------         ENDPROC       LOOP_PS2_DATA
  -------         PROC          LOOP_PS2_CAR_PWM
  -------         DO            
  X:0419H         SYMBOL        car_left_bak
  X:041BH         SYMBOL        car_right_bak
  X:0463H         SYMBOL        car_left
  X:0465H         SYMBOL        car_right
  -------         ENDDO         
  C:65A4H         LINE#         418
  C:65A4H         LINE#         422
  C:65AFH         LINE#         423
  C:65D2H         LINE#         424
  C:65F3H         LINE#         426
  C:6611H         LINE#         427
  C:6622H         LINE#         428
  C:6631H         LINE#         429
  C:6640H         LINE#         430
  C:6640H         LINE#         432
  -------         ENDPROC       LOOP_PS2_CAR_PWM
  -------         PROC          LOOP_PS2_BUTTON
  -------         DO            
  X:041DH         SYMBOL        psx_button_bak
  X:041FH         SYMBOL        mode_bak
  -------         ENDDO         
  C:70C2H         LINE#         436
  C:70C2H         LINE#         441
BL51 BANKED LINKER/LOCATER V6.22                                                      05/28/2020  22:54:09  PAGE 20


  C:70CEH         LINE#         442
  C:70D0H         LINE#         443
  C:70D3H         LINE#         444
  C:70D9H         LINE#         445
  C:70D9H         LINE#         446
  C:70E1H         LINE#         447
  C:70E7H         LINE#         449
  C:70E7H         LINE#         451
  C:70FFH         LINE#         452
  C:70FFH         LINE#         453
  C:70FFH         LINE#         454
  C:710DH         LINE#         455
  C:7115H         LINE#         456
  C:711DH         LINE#         457
  C:711DH         LINE#         459
  -------         ENDPROC       LOOP_PS2_BUTTON
  -------         PROC          _PARSE_PSX_BUF
  D:0001H         SYMBOL        buf
  X:0463H         SYMBOL        mode
  -------         DO            
  X:0464H         SYMBOL        i
  X:0465H         SYMBOL        pos
  X:0420H         SYMBOL        bak
  X:0422H         SYMBOL        temp
  X:0424H         SYMBOL        temp2
  -------         ENDDO         
  C:40A9H         LINE#         461
  C:40AEH         LINE#         462
  C:40B3H         LINE#         464
  C:40CDH         LINE#         466
  C:40DFH         LINE#         467
  C:40EBH         LINE#         468
  C:40F9H         LINE#         469
  C:410BH         LINE#         470
  C:412BH         LINE#         471
  C:412BH         LINE#         472
  C:413AH         LINE#         474
  C:4149H         LINE#         475
  C:4151H         LINE#         476
  C:417DH         LINE#         477
  C:418AH         LINE#         478
  C:41CCH         LINE#         479
  C:41CCH         LINE#         481
  C:41E8H         LINE#         482
  C:41F6H         LINE#         483
  C:4211H         LINE#         487
  C:4220H         LINE#         488
  C:4220H         LINE#         489
  C:4223H         LINE#         490
  C:4240H         LINE#         494
  C:424FH         LINE#         495
  C:424FH         LINE#         496
  C:4252H         LINE#         497
  C:4252H         LINE#         502
  C:425AH         LINE#         503
  C:425DH         LINE#         505
  C:426CH         LINE#         506
BL51 BANKED LINKER/LOCATER V6.22                                                      05/28/2020  22:54:09  PAGE 21


  C:4274H         LINE#         507
  C:42A0H         LINE#         508
  C:42ADH         LINE#         509
  C:42EFH         LINE#         510
  C:42EFH         LINE#         512
  C:430BH         LINE#         513
  C:4310H         LINE#         514
  C:4331H         LINE#         518
  C:4349H         LINE#         519
  C:435EH         LINE#         520
  C:435EH         LINE#         521
  C:4361H         LINE#         522
  C:4387H         LINE#         526
  C:439FH         LINE#         527
  C:43B4H         LINE#         528
  C:43B4H         LINE#         529
  C:43B7H         LINE#         530
  C:43B7H         LINE#         533
  C:43B7H         LINE#         534
  C:43B7H         LINE#         538
  C:43B7H         LINE#         539
  C:43C0H         LINE#         540
  C:43CFH         LINE#         541
  C:43DAH         LINE#         542
  C:43DAH         LINE#         544
  -------         ENDPROC       _PARSE_PSX_BUF
  -------         PROC          HANDLE_UART
  C:009AH         LINE#         546
  C:009AH         LINE#         550
  -------         ENDPROC       HANDLE_UART
  C:1145H         SYMBOL        L?0388
  -------         PROC          L?0387
  -------         ENDPROC       L?0387
  C:1145H         SYMBOL        L?0388
  -------         PROC          _PARSE_CMD
  X:0466H         SYMBOL        cmd
  -------         DO            
  X:0426H         SYMBOL        djrFlag
  X:0469H         SYMBOL        pos
  X:046BH         SYMBOL        i
  X:046DH         SYMBOL        index
  X:046FH         SYMBOL        int1
  X:0471H         SYMBOL        int2
  -------         ENDDO         
  C:114BH         LINE#         567
  C:1156H         LINE#         573
  C:1159H         LINE#         575
  C:1183H         LINE#         576
  C:1189H         LINE#         577
  C:11A0H         LINE#         578
  C:11BAH         LINE#         579
  C:11F4H         LINE#         580
  C:1204H         LINE#         581
  C:120DH         LINE#         582
  C:1215H         LINE#         583
  C:121BH         LINE#         584
  C:1246H         LINE#         585
BL51 BANKED LINKER/LOCATER V6.22                                                      05/28/2020  22:54:09  PAGE 22


  C:1275H         LINE#         586
  C:1296H         LINE#         587
  C:12D0H         LINE#         588
  C:12ECH         LINE#         589
  C:12ECH         LINE#         590
  C:12ECH         LINE#         593
  C:1316H         LINE#         594
  C:1319H         LINE#         595
  C:1340H         LINE#         596
  C:137BH         LINE#         597
  C:138CH         LINE#         598
  C:138CH         LINE#         599
  C:13B3H         LINE#         600
  C:13EEH         LINE#         601
  C:13FFH         LINE#         602
  C:13FFH         LINE#         603
  C:1426H         LINE#         604
  C:1455H         LINE#         605
  C:1460H         LINE#         606
  C:1466H         LINE#         607
  C:1466H         LINE#         608
  C:1491H         LINE#         609
  C:14D8H         LINE#         611
  C:14EFH         LINE#         612
  C:14F7H         LINE#         613
  C:1506H         LINE#         614
  C:150BH         LINE#         616
  C:150CH         LINE#         617
  C:1512H         LINE#         618
  C:1512H         LINE#         620
  C:1512H         LINE#         621
  C:1512H         LINE#         622
  C:153FH         LINE#         623
  C:157AH         LINE#         624
  C:158BH         LINE#         625
  C:15CAH         LINE#         627
  C:15D3H         LINE#         628
  C:15D3H         LINE#         629
  C:15FAH         LINE#         630
  C:1600H         LINE#         631
  C:1605H         LINE#         632
  C:1605H         LINE#         633
  C:162EH         LINE#         634
  C:1634H         LINE#         635
  C:163BH         LINE#         636
  C:1646H         LINE#         637
  C:166EH         LINE#         638
  C:1672H         LINE#         639
  C:169CH         LINE#         640
  C:16A0H         LINE#         641
  C:16C9H         LINE#         642
  C:16D1H         LINE#         643
  C:16FBH         LINE#         644
  C:1703H         LINE#         645
  C:172DH         LINE#         646
  C:1732H         LINE#         647
  C:175CH         LINE#         648
BL51 BANKED LINKER/LOCATER V6.22                                                      05/28/2020  22:54:09  PAGE 23


  C:1760H         LINE#         649
  C:178AH         LINE#         650
  C:178EH         LINE#         651
  C:17BBH         LINE#         652
  C:17C4H         LINE#         654
  C:17CBH         LINE#         655
  C:180DH         LINE#         656
  C:18A8H         LINE#         657
  C:18C6H         LINE#         658
  C:18F0H         LINE#         659
  C:18F6H         LINE#         660
  C:18FFH         LINE#         661
  C:1919H         LINE#         662
  C:1933H         LINE#         663
  C:194DH         LINE#         664
  C:19EEH         LINE#         665
  C:19FFH         LINE#         667
  C:1A05H         LINE#         668
  C:1A07H         LINE#         669
  C:1A09H         LINE#         670
  C:1A10H         LINE#         671
  C:1A10H         LINE#         672
  C:1A21H         LINE#         673
  C:1A49H         LINE#         674
  C:1A4FH         LINE#         675
  C:1A79H         LINE#         676
  C:1A81H         LINE#         677
  C:1A85H         LINE#         678
  C:1A88H         LINE#         679
  C:1A8CH         LINE#         680
  C:1A8CH         LINE#         681
  C:1AB6H         LINE#         682
  C:1ABBH         LINE#         683
  C:1B05H         LINE#         684
  C:1B0EH         LINE#         685
  C:1B2CH         LINE#         686
  C:1B51H         LINE#         687
  C:1B87H         LINE#         688
  C:1B94H         LINE#         689
  C:1B9BH         LINE#         690
  C:1BA1H         LINE#         691
  C:1BA1H         LINE#         692
  C:1BA9H         LINE#         693
  C:1BB1H         LINE#         694
  C:1BB7H         LINE#         695
  C:1BB7H         LINE#         696
  C:1BC6H         LINE#         697
  C:1BCEH         LINE#         698
  C:1BD5H         LINE#         699
  C:1BE4H         LINE#         700
  C:1BECH         LINE#         701
  C:1BF4H         LINE#         702
  C:1BFBH         LINE#         703
  C:1C0AH         LINE#         704
  C:1C0CH         LINE#         705
  C:1C13H         LINE#         706
  C:1C17H         LINE#         707
BL51 BANKED LINKER/LOCATER V6.22                                                      05/28/2020  22:54:09  PAGE 24


  C:1C17H         LINE#         709
  C:1C2EH         LINE#         710
  C:1C36H         LINE#         711
  C:1C45H         LINE#         712
  C:1C4AH         LINE#         713
  C:1C4FH         LINE#         714
  C:1C50H         LINE#         715
  C:1C53H         LINE#         716
  C:1C53H         LINE#         718
  C:1C53H         LINE#         719
  C:1C7AH         LINE#         720
  C:1C80H         LINE#         721
  C:1CAAH         LINE#         722
  C:1CD9H         LINE#         723
  C:1CEEH         LINE#         724
  C:1CF3H         LINE#         725
  C:1CFEH         LINE#         726
  C:1D03H         LINE#         728
  C:1D03H         LINE#         729
  C:1D03H         LINE#         730
  C:1D2CH         LINE#         731
  C:1D32H         LINE#         732
  C:1D3DH         LINE#         733
  C:1D45H         LINE#         734
  C:1D6CH         LINE#         735
  C:1D72H         LINE#         736
  C:1D75H         LINE#         737
  C:1D7BH         LINE#         738
  C:1DA4H         LINE#         739
  C:1DA9H         LINE#         740
  C:1DACH         LINE#         741
  C:1DB5H         LINE#         742
  C:1DB5H         LINE#         743
  -------         ENDPROC       _PARSE_CMD
  -------         PROC          _ACTION_SAVE
  X:0463H         SYMBOL        str
  -------         DO            
  X:0466H         SYMBOL        action_index
  -------         ENDDO         
  C:4B64H         LINE#         747
  C:4B6FH         LINE#         748
  C:4B74H         LINE#         750
  C:4B91H         LINE#         751
  C:4B96H         LINE#         752
  C:4B99H         LINE#         753
  C:4BA2H         LINE#         755
  C:4BBAH         LINE#         756
  C:4BF6H         LINE#         757
  C:4C0AH         LINE#         758
  C:4C21H         LINE#         759
  C:4C23H         LINE#         760
  C:4C32H         LINE#         761
  C:4C4BH         LINE#         762
  C:4C65H         LINE#         763
  C:4C65H         LINE#         764
  C:4C6BH         LINE#         765
  C:4C6EH         LINE#         767
BL51 BANKED LINKER/LOCATER V6.22                                                      05/28/2020  22:54:09  PAGE 25


  C:4C74H         LINE#         768
  C:4C77H         LINE#         770
  C:4C77H         LINE#         772
  C:4C8DH         LINE#         774
  C:4CA9H         LINE#         776
  C:4CB2H         LINE#         778
  C:4CB2H         LINE#         780
  C:4CD9H         LINE#         781
  C:4CEFH         LINE#         782
  C:4D05H         LINE#         783
  C:4D3AH         LINE#         785
  C:4D43H         LINE#         787
  -------         ENDPROC       _ACTION_SAVE
  -------         PROC          _GET_ACTION_INDEX
  X:0468H         SYMBOL        str
  -------         DO            
  X:046BH         SYMBOL        index
  -------         ENDDO         
  C:6773H         LINE#         789
  C:677EH         LINE#         790
  C:6783H         LINE#         792
  C:6793H         LINE#         793
  C:6797H         LINE#         794
  C:679CH         LINE#         795
  C:67B4H         LINE#         796
  C:67D9H         LINE#         797
  C:67E3H         LINE#         798
  C:67E5H         LINE#         799
  C:67EEH         LINE#         800
  C:67EEH         LINE#         801
  C:67F8H         LINE#         802
  C:67F8H         LINE#         803
  C:67FAH         LINE#         804
  C:67FEH         LINE#         805
  -------         ENDPROC       _GET_ACTION_INDEX
  -------         PROC          _PRINT_GROUP
  X:0473H         SYMBOL        start
  X:0475H         SYMBOL        end
  C:6453H         LINE#         807
  C:6461H         LINE#         808
  C:647CH         LINE#         809
  C:6493H         LINE#         810
  C:6493H         LINE#         811
  C:64AEH         LINE#         812
  C:64BDH         LINE#         813
  C:64DBH         LINE#         814
  C:64E4H         LINE#         815
  C:64EDH         LINE#         816
  C:64FDH         LINE#         817
  -------         ENDPROC       _PRINT_GROUP
  -------         PROC          _INT_EXCHANGE
  X:0477H         SYMBOL        int1
  X:047AH         SYMBOL        int2
  -------         DO            
  D:0006H         SYMBOL        int_temp
  -------         ENDDO         
  C:738EH         LINE#         820
BL51 BANKED LINKER/LOCATER V6.22                                                      05/28/2020  22:54:09  PAGE 26


  C:7399H         LINE#         822
  C:739FH         LINE#         823
  C:73C0H         LINE#         824
  -------         ENDPROC       _INT_EXCHANGE
  -------         PROC          _ERASE_SECTOR
  X:0473H         SYMBOL        start
  X:0475H         SYMBOL        end
  C:616BH         LINE#         827
  C:6179H         LINE#         828
  C:6194H         LINE#         829
  C:61ABH         LINE#         830
  C:61ABH         LINE#         831
  C:61C2H         LINE#         832
  C:61DEH         LINE#         833
  C:61E7H         LINE#         834
  C:620DH         LINE#         835
  C:6216H         LINE#         836
  C:6226H         LINE#         837
  C:6230H         LINE#         838
  -------         ENDPROC       _ERASE_SECTOR
  -------         PROC          _DO_GROUP_ONCE
  X:0473H         SYMBOL        group_num
  C:6D4DH         LINE#         842
  C:6D55H         LINE#         843
  C:6D64H         LINE#         845
  C:6D82H         LINE#         847
  C:6D85H         LINE#         848
  C:6DABH         LINE#         849
  -------         ENDPROC       _DO_GROUP_ONCE
  -------         PROC          LOOP_ACTION
  C:5F02H         LINE#         881
  C:5F02H         LINE#         885
  C:5F14H         LINE#         886
  C:5F1FH         LINE#         888
  C:5F35H         LINE#         889
  C:5F41H         LINE#         890
  C:5F49H         LINE#         891
  C:5F56H         LINE#         892
  C:5F64H         LINE#         893
  C:5F6BH         LINE#         894
  C:5F6BH         LINE#         895
  C:5F6BH         LINE#         896
  C:5F6BH         LINE#         897
  C:5F6DH         LINE#         899
  C:5F6DH         LINE#         900
  C:5F7BH         LINE#         901
  C:5F7CH         LINE#         902
  C:5F90H         LINE#         903
  C:5F9FH         LINE#         904
  C:5FA9H         LINE#         905
  C:5FB7H         LINE#         906
  C:5FBEH         LINE#         907
  C:5FC3H         LINE#         908
  C:5FCCH         LINE#         909
  C:5FCCH         LINE#         910
  C:5FCCH         LINE#         912
  C:5FCCH         LINE#         913
BL51 BANKED LINKER/LOCATER V6.22                                                      05/28/2020  22:54:09  PAGE 27


  C:5FDAH         LINE#         914
  C:5FDAH         LINE#         915
  C:5FDAH         LINE#         917
  -------         ENDPROC       LOOP_ACTION
  -------         PROC          CHECK_DJ_STATE
  -------         DO            
  X:0465H         SYMBOL        i
  X:0467H         SYMBOL        inc
  -------         ENDDO         
  C:6A1EH         LINE#         919
  C:6A1EH         LINE#         921
  C:6A28H         LINE#         922
  C:6A41H         LINE#         923
  C:6A74H         LINE#         924
  C:6A8BH         LINE#         925
  C:6A9BH         LINE#         926
  C:6A9DH         LINE#         927
  -------         ENDPROC       CHECK_DJ_STATE
  C:2992H         SYMBOL        L?0386
  -------         PROC          L?0385
  -------         ENDPROC       L?0385
  C:2992H         SYMBOL        L?0386
  -------         PROC          _DO_ACTION
  X:0475H         SYMBOL        uart_receive_buf
  -------         DO            
  X:0478H         SYMBOL        car_left
  X:047AH         SYMBOL        car_right
  X:047CH         SYMBOL        index
  X:047EH         SYMBOL        time
  X:0480H         SYMBOL        i
  X:0482H         SYMBOL        lst_i
  X:0484H         SYMBOL        parse_ok
  X:0486H         SYMBOL        bias
  X:0488H         SYMBOL        pwm
  X:048CH         SYMBOL        aim_temp
  -------         ENDDO         
  C:2998H         LINE#         929
  C:29A3H         LINE#         935
  C:29A6H         LINE#         936
  C:29AFH         LINE#         938
  C:2A05H         LINE#         939
  C:2A4FH         LINE#         940
  C:2A98H         LINE#         941
  C:2ACCH         LINE#         942
  C:2AD7H         LINE#         943
  C:2ADBH         LINE#         944
  C:2AE8H         LINE#         945
  C:2AE8H         LINE#         946
  C:2B5CH         LINE#         947
  C:2B80H         LINE#         948
  C:2B9DH         LINE#         949
  C:2BA7H         LINE#         950
  C:2BC3H         LINE#         951
  C:2BCDH         LINE#         952
  C:2BCDH         LINE#         954
  C:2BF8H         LINE#         955
  C:2C1CH         LINE#         956
BL51 BANKED LINKER/LOCATER V6.22                                                      05/28/2020  22:54:09  PAGE 28


  C:2C36H         LINE#         957
  C:2C3FH         LINE#         958
  C:2C45H         LINE#         959
  C:2C46H         LINE#         961
  C:2C8FH         LINE#         962
  C:2CDAH         LINE#         963
  C:2CE2H         LINE#         964
  C:2D1DH         LINE#         965
  C:2D3DH         LINE#         966
  C:2D3DH         LINE#         969
  C:2D4CH         LINE#         970
  C:2D6FH         LINE#         971
  C:2D8AH         LINE#         972
  C:2D9CH         LINE#         973
  C:2D9FH         LINE#         974
  C:2DA1H         LINE#         975
  C:2DAEH         LINE#         976
  C:2DB4H         LINE#         977
  C:2DC3H         LINE#         978
  C:2DC5H         LINE#         979
  C:2DCCH         LINE#         980
  C:2DD3H         LINE#         981
  C:2DD3H         LINE#         982
  C:2DD3H         LINE#         984
  C:2DE2H         LINE#         985
  C:2E05H         LINE#         986
  C:2E20H         LINE#         987
  C:2E32H         LINE#         988
  C:2E35H         LINE#         989
  C:2E37H         LINE#         990
  C:2E44H         LINE#         991
  C:2E4AH         LINE#         992
  C:2E59H         LINE#         993
  C:2E5BH         LINE#         994
  C:2E62H         LINE#         995
  C:2E69H         LINE#         996
  C:2E69H         LINE#         997
  C:2E69H         LINE#         1000
  C:2E69H         LINE#         1003
  C:2E76H         LINE#         1004
  C:2E95H         LINE#         1005
  C:2E99H         LINE#         1006
  C:2EA5H         LINE#         1007
  C:2EBAH         LINE#         1008
  C:2EDAH         LINE#         1009
  C:2F0DH         LINE#         1010
  C:2F0FH         LINE#         1011
  C:2F2FH         LINE#         1012
  C:2F47H         LINE#         1013
  C:2F6DH         LINE#         1014
  C:2FC7H         LINE#         1015
  C:2FCAH         LINE#         1016
  C:2FEAH         LINE#         1017
  C:2FFEH         LINE#         1018
  C:301EH         LINE#         1019
  C:3051H         LINE#         1020
  C:3053H         LINE#         1023
BL51 BANKED LINKER/LOCATER V6.22                                                      05/28/2020  22:54:09  PAGE 29


  C:30B3H         LINE#         1025
  C:30FAH         LINE#         1026
  C:3121H         LINE#         1027
  C:3145H         LINE#         1029
  C:317FH         LINE#         1030
  C:318EH         LINE#         1031
  C:3194H         LINE#         1032
  C:3194H         LINE#         1034
  C:31BFH         LINE#         1035
  C:31DFH         LINE#         1036
  C:327AH         LINE#         1037
  C:327AH         LINE#         1040
  C:327AH         LINE#         1042
  C:3289H         LINE#         1043
  C:32ACH         LINE#         1044
  C:32C7H         LINE#         1045
  C:32D9H         LINE#         1046
  C:32DCH         LINE#         1047
  C:32DEH         LINE#         1048
  C:32EBH         LINE#         1049
  C:32F1H         LINE#         1050
  C:3300H         LINE#         1051
  C:3302H         LINE#         1052
  C:3309H         LINE#         1053
  C:3310H         LINE#         1054
  C:3310H         LINE#         1055
  C:3310H         LINE#         1057
  C:331FH         LINE#         1058
  C:3342H         LINE#         1059
  C:335DH         LINE#         1060
  C:336FH         LINE#         1061
  C:3372H         LINE#         1062
  C:3374H         LINE#         1063
  C:3381H         LINE#         1064
  C:3387H         LINE#         1065
  C:3396H         LINE#         1066
  C:3398H         LINE#         1067
  C:339FH         LINE#         1068
  C:33A6H         LINE#         1069
  C:33A6H         LINE#         1070
  C:33A6H         LINE#         1072
  C:33A9H         LINE#         1073
  C:33B7H         LINE#         1074
  C:33B7H         LINE#         1075
  C:33BAH         LINE#         1076
  -------         ENDPROC       _DO_ACTION
  -------         PROC          _REPLACE_CHAR
  D:0001H         SYMBOL        str
  D:0005H         SYMBOL        ch1
  X:046CH         SYMBOL        ch2
  C:78F9H         LINE#         1078
  C:78F9H         LINE#         1079
  C:78FEH         LINE#         1080
  C:7901H         LINE#         1081
  C:7908H         LINE#         1082
  C:7908H         LINE#         1083
  C:790FH         LINE#         1084
BL51 BANKED LINKER/LOCATER V6.22                                                      05/28/2020  22:54:09  PAGE 30


  C:7911H         LINE#         1086
  -------         ENDPROC       _REPLACE_CHAR
  -------         PROC          LOOP_VOL_WARNING
  -------         DO            
  X:0427H         SYMBOL        systick_ms_bak
  -------         ENDDO         
  C:6E1BH         LINE#         1089
  C:6E1BH         LINE#         1092
  C:6E46H         LINE#         1093
  C:6E4FH         LINE#         1094
  C:6E5CH         LINE#         1095
  C:6E7EH         LINE#         1097
  -------         ENDPROC       LOOP_VOL_WARNING
  -------         PROC          REWRITE_EEPROM
  C:7799H         LINE#         1103
  C:7799H         LINE#         1104
  C:77A4H         LINE#         1105
  -------         ENDPROC       REWRITE_EEPROM
  -------         PROC          LOOP_BT_ONCE
  -------         DO            
  X:042BH         SYMBOL        first_change
  X:042CH         SYMBOL        step
  X:042DH         SYMBOL        systick_ms_bak
  -------         ENDDO         
  C:4ED9H         LINE#         1108
  C:4ED9H         LINE#         1111
  C:4EE2H         LINE#         1112
  C:4F13H         LINE#         1113
  C:4F1CH         LINE#         1114
  C:4F27H         LINE#         1115
  C:4F2AH         LINE#         1116
  C:4F30H         LINE#         1117
  C:4F30H         LINE#         1118
  C:4F65H         LINE#         1119
  C:4F6EH         LINE#         1120
  C:4F79H         LINE#         1121
  C:4F79H         LINE#         1122
  C:4FAEH         LINE#         1123
  C:4FB7H         LINE#         1124
  C:4FC0H         LINE#         1125
  C:4FC0H         LINE#         1126
  C:4FF4H         LINE#         1127
  C:4FFDH         LINE#         1128
  C:5006H         LINE#         1129
  C:500CH         LINE#         1130
  C:503FH         LINE#         1131
  C:5048H         LINE#         1132
  C:5051H         LINE#         1133
  C:5057H         LINE#         1134
  C:505CH         LINE#         1135
  C:505CH         LINE#         1136
  C:505CH         LINE#         1137
  -------         ENDPROC       LOOP_BT_ONCE
  -------         PROC          SOFT_RESET
  C:0096H         LINE#         1139
  C:0096H         LINE#         1140
  C:0099H         LINE#         1141
BL51 BANKED LINKER/LOCATER V6.22                                                      05/28/2020  22:54:09  PAGE 31


  -------         ENDPROC       SOFT_RESET
  -------         ENDMOD        Z_MAIN

  -------         MODULE        Z_ADC
  C:0000H         SYMBOL        _ICE_DUMMY_
  C:7987H         PUBLIC        _adc_init
  C:76FDH         PUBLIC        _adc_read
  D:00BCH         PUBLIC        ADC_CONTR
  D:00BDH         PUBLIC        ADC_RES
  D:00BEH         PUBLIC        ADC_LOW2
  D:009DH         PUBLIC        P1ASF
  -------         PROC          _ADC_INIT
  D:0007H         SYMBOL        ch
  C:7987H         LINE#         16
  C:7987H         LINE#         17
  C:7994H         LINE#         18
  C:7997H         LINE#         19
  C:799AH         LINE#         20
  C:799BH         LINE#         21
  -------         ENDPROC       _ADC_INIT
  -------         PROC          _ADC_READ
  D:0006H         SYMBOL        ch
  C:76FDH         LINE#         23
  C:76FFH         LINE#         24
  C:7702H         LINE#         25
  C:7707H         LINE#         26
  C:7708H         LINE#         27
  C:7709H         LINE#         28
  C:770AH         LINE#         29
  C:770BH         LINE#         30
  C:7710H         LINE#         31
  C:7713H         LINE#         33
  C:7724H         LINE#         36
  -------         ENDPROC       _ADC_READ
  -------         ENDMOD        Z_ADC

  -------         MODULE        Z_DELAY
  C:0000H         SYMBOL        _ICE_DUMMY_
  C:7A63H         PUBLIC        _delay
  C:7A01H         PUBLIC        _udelay
  C:7846H         PUBLIC        _mdelay
  -------         PROC          _DELAY
  D:0006H         SYMBOL        t
  C:7A63H         LINE#         3
  C:7A63H         LINE#         5
  C:7A6DH         LINE#         7
  -------         ENDPROC       _DELAY
  -------         PROC          _UDELAY
  D:0006H         SYMBOL        t
  -------         DO            
  D:0005H         SYMBOL        i
  -------         ENDDO         
  C:7A01H         LINE#         9
  C:7A01H         LINE#         11
  C:7A0BH         LINE#         12
  C:7A0DH         LINE#         13
  C:7A13H         LINE#         15
BL51 BANKED LINKER/LOCATER V6.22                                                      05/28/2020  22:54:09  PAGE 32


  -------         ENDPROC       _UDELAY
  -------         PROC          _MDELAY
  D:0006H         SYMBOL        t
  -------         DO            
  D:0004H         SYMBOL        i
  D:0002H         SYMBOL        j
  -------         ENDDO         
  C:7846H         LINE#         17
  C:7846H         LINE#         19
  C:7850H         LINE#         20
  C:785EH         LINE#         21
  C:7865H         LINE#         22
  -------         ENDPROC       _MDELAY
  -------         ENDMOD        Z_DELAY

  -------         MODULE        Z_GLOBAL
  C:0000H         SYMBOL        _ICE_DUMMY_
  D:00D0H         PUBLIC        PSW
  D:0080H         PUBLIC        P0
  D:0090H         PUBLIC        P1
  D:00A0H         PUBLIC        P2
  D:00B0H         PUBLIC        P3
  D:00C0H         PUBLIC        P4
  D:00C8H         PUBLIC        P5
  D:00E8H         PUBLIC        P6
  D:00F8H         PUBLIC        P7
  D:00A8H         PUBLIC        IE
  D:00B8H         PUBLIC        IP
  D:0088H         PUBLIC        TCON
  D:0098H         PUBLIC        SCON
  D:00D8H         PUBLIC        CCON
  X:0000H         PUBLIC        duoji_doing
  X:0070H         PUBLIC        eeprom_info
  X:0131H         PUBLIC        uart_receive_buf
  X:0335H         PUBLIC        uart1_get_ok
  X:0336H         PUBLIC        uart1_mode
  X:0337H         PUBLIC        uart_receive_buf_index
  X:0338H         PUBLIC        cmd_return
  X:039CH         PUBLIC        timer1_flag_dj
  X:039DH         PUBLIC        duoji_index1
  X:039EH         PUBLIC        smart_mode
  X:039FH         PUBLIC        group_do_ok
  X:03A0H         PUBLIC        csb_cnt
  C:71CDH         PUBLIC        global_init
  C:5841H         PUBLIC        _str_contain_str
  C:79B1H         PUBLIC        _abs_int
  C:548AH         PUBLIC        _selection_sort
  -------         PROC          GLOBAL_INIT
  -------         DO            
  D:0003H         SYMBOL        i
  -------         ENDDO         
  C:71CDH         LINE#         16
  C:71CDH         LINE#         19
  C:71CFH         LINE#         20
  C:71E4H         LINE#         21
  C:71F9H         LINE#         22
  C:720EH         LINE#         23
BL51 BANKED LINKER/LOCATER V6.22                                                      05/28/2020  22:54:09  PAGE 33


  C:7213H         LINE#         25
  C:7218H         LINE#         26
  C:721AH         LINE#         27
  C:721CH         LINE#         29
  -------         ENDPROC       GLOBAL_INIT
  -------         PROC          _STR_CONTAIN_STR
  X:0473H         SYMBOL        str
  X:0476H         SYMBOL        str2
  -------         DO            
  X:0479H         SYMBOL        str_temp
  X:047CH         SYMBOL        str_temp2
  -------         ENDDO         
  C:5841H         LINE#         31
  C:584CH         LINE#         33
  C:5857H         LINE#         34
  C:586CH         LINE#         35
  C:5880H         LINE#         36
  C:5894H         LINE#         37
  C:58A4H         LINE#         38
[...]
  C:7A98H         LINE#         48
  C:7A9AH         LINE#         49
  C:7A9CH         LINE#         50
  -------         ENDPROC       IIC_START
  -------         PROC          IIC_STOP
  C:7A9DH         LINE#         55
  C:7A9DH         LINE#         56
  C:7A9DH         LINE#         57
  C:7A9FH         LINE#         58
  C:7AA1H         LINE#         59
  C:7AA3H         LINE#         60
  C:7AA5H         LINE#         61
  -------         ENDPROC       IIC_STOP
  -------         PROC          L?0098
  -------         ENDPROC       L?0098
  -------         PROC          _WRITE_IIC_BYTE
  D:0007H         SYMBOL        IIC_Byte
  -------         DO            
  D:0006H         SYMBOL        i
  -------         ENDDO         
  C:772CH         LINE#         66
  C:772CH         LINE#         67
  C:772CH         LINE#         69
  C:772EH         LINE#         70
  C:772EH         LINE#         71
  C:7732H         LINE#         72
  C:7736H         LINE#         74
  C:7738H         LINE#         75
  C:773AH         LINE#         76
  C:773CH         LINE#         77
  C:7740H         LINE#         78
  C:7745H         LINE#         79
  C:7747H         LINE#         80
  C:7749H         LINE#         81
  C:774BH         LINE#         82
  -------         ENDPROC       _WRITE_IIC_BYTE
  C:7612H         SYMBOL        L?0094
  -------         PROC          L?0093
  -------         ENDPROC       L?0093
  C:7612H         SYMBOL        L?0094
BL51 BANKED LINKER/LOCATER V6.22                                                      05/28/2020  22:54:09  PAGE 63


  -------         PROC          _OLED_WRDAT
  D:0005H         SYMBOL        IIC_Data
  C:7617H         LINE#         85
  C:7617H         LINE#         86
  C:7617H         LINE#         87
  C:7617H         LINE#         88
  C:761AH         LINE#         89
  C:761FH         LINE#         90
  C:7624H         LINE#         91
  -------         ENDPROC       _OLED_WRDAT
  C:78CAH         SYMBOL        L?0096
  -------         PROC          L?0095
  -------         ENDPROC       L?0095
  C:78CAH         SYMBOL        L?0096
  -------         PROC          _OLED_WRCMD
  D:0005H         SYMBOL        IIC_Command
  C:78CFH         LINE#         94
  C:78CFH         LINE#         95
  C:78CFH         LINE#         96
  C:78CFH         LINE#         97
  C:78D2H         LINE#         98
  C:78D7H         LINE#         99
  C:78DCH         LINE#         100
  -------         ENDPROC       _OLED_WRCMD
  -------         PROC          L?0097
  -------         ENDPROC       L?0097
  -------         PROC          _OLED_SET_POS
  D:0004H         SYMBOL        x
  D:0005H         SYMBOL        y
  C:777BH         LINE#         103
  C:777DH         LINE#         104
  C:777DH         LINE#         105
  C:7784H         LINE#         106
  C:7790H         LINE#         107
  -------         ENDPROC       _OLED_SET_POS
  -------         PROC          _OLED_FILL
  D:0004H         SYMBOL        bmp_dat
  -------         DO            
  D:0003H         SYMBOL        y
  D:0002H         SYMBOL        x
  -------         ENDDO         
  C:78DFH         LINE#         110
  C:78E1H         LINE#         111
  C:78E1H         LINE#         113
  C:78E3H         LINE#         114
  C:78E3H         LINE#         115
  C:78E4H         LINE#         116
  C:78E4H         LINE#         117
  C:78E7H         LINE#         118
  C:78E9H         LINE#         119
  C:78F3H         LINE#         120
  C:78F8H         LINE#         121
  -------         ENDPROC       _OLED_FILL
  -------         PROC          OLED_CLS
  -------         DO            
  D:0004H         SYMBOL        y
  D:0003H         SYMBOL        x
BL51 BANKED LINKER/LOCATER V6.22                                                      05/28/2020  22:54:09  PAGE 64


  -------         ENDDO         
  C:792AH         LINE#         123
  C:792AH         LINE#         124
  C:792AH         LINE#         126
  C:792CH         LINE#         127
  C:792CH         LINE#         128
  C:792DH         LINE#         129
  C:792DH         LINE#         130
  C:7930H         LINE#         131
  C:7932H         LINE#         132
  C:793CH         LINE#         133
  C:7941H         LINE#         134
  -------         ENDPROC       OLED_CLS
  -------         PROC          OLED_INIT
  C:6641H         LINE#         136
  C:6641H         LINE#         137
  C:6641H         LINE#         138
  C:6648H         LINE#         139
  C:664DH         LINE#         140
  C:664FH         LINE#         141
  C:6652H         LINE#         142
  C:6657H         LINE#         143
  C:665CH         LINE#         144
  C:6661H         LINE#         145
  C:6666H         LINE#         146
  C:666BH         LINE#         147
  C:6670H         LINE#         148
  C:6675H         LINE#         149
  C:667AH         LINE#         150
  C:667FH         LINE#         151
  C:6684H         LINE#         152
  C:6689H         LINE#         153
  C:668EH         LINE#         154
  C:6693H         LINE#         155
  C:6698H         LINE#         156
  C:669DH         LINE#         157
  C:66A2H         LINE#         158
  C:66A7H         LINE#         159
  C:66ACH         LINE#         160
  C:66B1H         LINE#         161
  C:66B6H         LINE#         162
  C:66BBH         LINE#         163
  C:66C0H         LINE#         164
  C:66C5H         LINE#         165
  C:66CAH         LINE#         166
  C:66CFH         LINE#         167
  C:66D4H         LINE#         168
  C:66DAH         LINE#         170
  -------         ENDPROC       OLED_INIT
  -------         PROC          _OLED_P6X8STR
  X:0464H         SYMBOL        x
  X:0465H         SYMBOL        y
  X:0467H         SYMBOL        ch
  -------         DO            
  X:046AH         SYMBOL        c
  D:0004H         SYMBOL        i
  X:046BH         SYMBOL        j
BL51 BANKED LINKER/LOCATER V6.22                                                      05/28/2020  22:54:09  PAGE 65


  -------         ENDDO         
  C:6B1AH         LINE#         173
  C:6B2EH         LINE#         174
  C:6B2EH         LINE#         175
  C:6B34H         LINE#         176
  C:6B4DH         LINE#         177
  C:6B4DH         LINE#         178
  C:6B53H         LINE#         179
  C:6B6CH         LINE#         180
  C:6B78H         LINE#         181
  C:6B7AH         LINE#         182
  C:6B85H         LINE#         183
  C:6B8CH         LINE#         184
  C:6B92H         LINE#         185
  C:6B94H         LINE#         186
  -------         ENDPROC       _OLED_P6X8STR
  -------         PROC          _OLED_P8X16STR
  X:0464H         SYMBOL        x
  X:0465H         SYMBOL        y
  X:0467H         SYMBOL        ch
  -------         DO            
  X:046AH         SYMBOL        c
  D:0004H         SYMBOL        i
  X:046BH         SYMBOL        j
  -------         ENDDO         
  C:60A4H         LINE#         188
  C:60B8H         LINE#         189
  C:60B8H         LINE#         190
  C:60BEH         LINE#         191
  C:60DAH         LINE#         192
  C:60DAH         LINE#         193
  C:60E0H         LINE#         194
  C:60F9H         LINE#         195
  C:6105H         LINE#         196
  C:6107H         LINE#         197
  C:6129H         LINE#         198
  C:6136H         LINE#         199
  C:6138H         LINE#         200
  C:615AH         LINE#         201
  C:6161H         LINE#         202
  C:6167H         LINE#         203
  C:616AH         LINE#         204
  -------         ENDPROC       _OLED_P8X16STR
  -------         PROC          _OLED_SHOWSTR
  X:04D2H         SYMBOL        x
  X:04D3H         SYMBOL        y
  X:04D4H         SYMBOL        ch
  X:04D7H         SYMBOL        TextSize
  -------         DO            
  X:04D8H         SYMBOL        c
  D:0004H         SYMBOL        i
  X:04D9H         SYMBOL        j
  -------         ENDDO         
  C:595AH         LINE#         213
  C:596BH         LINE#         214
  C:596BH         LINE#         215
  C:5973H         LINE#         216
BL51 BANKED LINKER/LOCATER V6.22                                                      05/28/2020  22:54:09  PAGE 66


  C:5981H         LINE#         217
  C:5981H         LINE#         218
  C:5981H         LINE#         219
  C:5981H         LINE#         220
  C:599DH         LINE#         221
  C:599DH         LINE#         222
  C:59A3H         LINE#         223
  C:59B2H         LINE#         224
  C:59B5H         LINE#         225
  C:59B7H         LINE#         226
  C:59C2H         LINE#         227
  C:59C9H         LINE#         228
  C:59CFH         LINE#         229
  C:59D1H         LINE#         230
  C:59D1H         LINE#         231
  C:59D1H         LINE#         232
  C:59D1H         LINE#         233
  C:59EAH         LINE#         234
  C:59EAH         LINE#         235
  C:59F0H         LINE#         236
  C:59FFH         LINE#         237
  C:5A02H         LINE#         238
  C:5A04H         LINE#         239
  C:5A26H         LINE#         240
  C:5A32H         LINE#         241
  C:5A34H         LINE#         242
  C:5A56H         LINE#         243
  C:5A5DH         LINE#         244
  C:5A63H         LINE#         245
  C:5A66H         LINE#         246
  C:5A66H         LINE#         247
  C:5A66H         LINE#         248
  -------         ENDPROC       _OLED_SHOWSTR
  -------         PROC          _OLED_P16X16CH
  D:0001H         SYMBOL        x
  X:0464H         SYMBOL        y
  D:0002H         SYMBOL        N
  -------         DO            
  D:0004H         SYMBOL        wm
  D:0002H         SYMBOL        adder
  -------         ENDDO         
  C:7065H         LINE#         252
  C:706FH         LINE#         253
  C:706FH         LINE#         254
  C:7071H         LINE#         255
  C:7080H         LINE#         256
  C:708BH         LINE#         257
  C:708DH         LINE#         258
  C:708DH         LINE#         259
  C:7096H         LINE#         260
  C:709BH         LINE#         261
  C:70A0H         LINE#         262
  C:70ACH         LINE#         263
  C:70AEH         LINE#         264
  C:70AEH         LINE#         265
  C:70B7H         LINE#         266
  C:70BCH         LINE#         267
BL51 BANKED LINKER/LOCATER V6.22                                                      05/28/2020  22:54:09  PAGE 67


  C:70C1H         LINE#         268
  -------         ENDPROC       _OLED_P16X16CH
  -------         PROC          _DRAW_BMP
  X:04B7H         SYMBOL        x0
  X:04B8H         SYMBOL        y0
  X:04BAH         SYMBOL        x1
  X:04BCH         SYMBOL        y1
  X:04BEH         SYMBOL        BMP
  -------         DO            
  X:04C1H         SYMBOL        j
  X:04C3H         SYMBOL        x
  X:04C4H         SYMBOL        y
  -------         ENDDO         
  C:5FDBH         LINE#         270
  C:5FECH         LINE#         271
  C:5FECH         LINE#         272
  C:5FF3H         LINE#         275
  C:601AH         LINE#         276
  C:602FH         LINE#         277
  C:6050H         LINE#         278
  C:6050H         LINE#         279
  C:6058H         LINE#         280
  C:6074H         LINE#         281
  C:6074H         LINE#         282
  C:6093H         LINE#         283
  C:609BH         LINE#         284
  C:60A3H         LINE#         285
  -------         ENDPROC       _DRAW_BMP
  -------         ENDMOD        Z_OLED

  -------         MODULE        ?C?FPADD
  C:1DBDH         PUBLIC        ?C?FPADD
  C:1DB9H         PUBLIC        ?C?FPSUB
  -------         ENDMOD        ?C?FPADD

  -------         MODULE        ?C?FPMUL
  C:1EAEH         PUBLIC        ?C?FPMUL
  -------         ENDMOD        ?C?FPMUL

  -------         MODULE        ?C?FPDIV
  C:1FB7H         PUBLIC        ?C?FPDIV
  -------         ENDMOD        ?C?FPDIV

  -------         MODULE        ?C?FPCMP
  C:2056H         PUBLIC        ?C?FPCMP
  C:2054H         PUBLIC        ?C?FPCMP3
  -------         ENDMOD        ?C?FPCMP

  -------         MODULE        ?C?FPNEG
  C:20C1H         PUBLIC        ?C?FPNEG
  -------         ENDMOD        ?C?FPNEG

  -------         MODULE        ?C?FCAST
  C:20DCH         PUBLIC        ?C?FCASTC
  C:20D7H         PUBLIC        ?C?FCASTI
  C:20D2H         PUBLIC        ?C?FCASTL
  -------         ENDMOD        ?C?FCAST
BL51 BANKED LINKER/LOCATER V6.22                                                      05/28/2020  22:54:09  PAGE 68



  -------         MODULE        ?C?CASTF
  C:2110H         PUBLIC        ?C?CASTF
  -------         ENDMOD        ?C?CASTF

  -------         MODULE        PRINTF
  X:0477H         PUBLIC        ?_PRINTF?BYTE
  X:0477H         PUBLIC        ?_SPRINTF?BYTE
  C:3937H         PUBLIC        _PRINTF
  C:3931H         PUBLIC        _SPRINTF
  -------         ENDMOD        PRINTF

  -------         MODULE        SCANF
  X:0473H         PUBLIC        ?_SCANF?BYTE
  X:0473H         PUBLIC        ?_SSCANF?BYTE
  C:3DDCH         PUBLIC        _SCANF
  C:3DD8H         PUBLIC        _SSCANF
  -------         ENDMOD        SCANF

  -------         MODULE        ?C?FPROUND
  C:2191H         PUBLIC        ?C?FPROUND
  -------         ENDMOD        ?C?FPROUND

  -------         MODULE        ?C?FPCONVERT
  C:21CEH         PUBLIC        ?C?FPCONVERT
  -------         ENDMOD        ?C?FPCONVERT

  -------         MODULE        ?C?FTNPWR
  C:2303H         PUBLIC        ?C?FTNPWR
  -------         ENDMOD        ?C?FTNPWR

  -------         MODULE        ?C?COPY
  C:2413H         PUBLIC        ?C?COPY
  -------         ENDMOD        ?C?COPY

  -------         MODULE        ?C?CLDPTR
  C:2439H         PUBLIC        ?C?CLDPTR
  -------         ENDMOD        ?C?CLDPTR

  -------         MODULE        ?C?CLDOPTR
  C:2452H         PUBLIC        ?C?CLDOPTR
  -------         ENDMOD        ?C?CLDOPTR

  -------         MODULE        ?C?CSTPTR
  C:247FH         PUBLIC        ?C?CSTPTR
  -------         ENDMOD        ?C?CSTPTR

  -------         MODULE        ?C?CSTOPTR
  C:2491H         PUBLIC        ?C?CSTOPTR
  -------         ENDMOD        ?C?CSTOPTR

  -------         MODULE        ?C?IMUL
  C:24B3H         PUBLIC        ?C?IMUL
  -------         ENDMOD        ?C?IMUL

  -------         MODULE        ?C?SIDIV
  C:24C5H         PUBLIC        ?C?SIDIV
BL51 BANKED LINKER/LOCATER V6.22                                                      05/28/2020  22:54:09  PAGE 69


  -------         ENDMOD        ?C?SIDIV

  -------         MODULE        ?C?IILDX
  C:24FBH         PUBLIC        ?C?IILDX
  -------         ENDMOD        ?C?IILDX

  -------         MODULE        ?C?ILDIX
  C:2511H         PUBLIC        ?C?ILDIX
  -------         ENDMOD        ?C?ILDIX

  -------         MODULE        ?C?ILDPTR
  C:2527H         PUBLIC        ?C?ILDPTR
  -------         ENDMOD        ?C?ILDPTR

  -------         MODULE        ?C?ILDOPTR
  C:2552H         PUBLIC        ?C?ILDOPTR
  -------         ENDMOD        ?C?ILDOPTR

  -------         MODULE        ?C?ISTPTR
  C:258AH         PUBLIC        ?C?ISTPTR
  -------         ENDMOD        ?C?ISTPTR

  -------         MODULE        ?C?ISTOPTR
  C:25A9H         PUBLIC        ?C?ISTOPTR
  -------         ENDMOD        ?C?ISTOPTR

  -------         MODULE        ?C?LMUL
  C:25D6H         PUBLIC        ?C?LMUL
  -------         ENDMOD        ?C?LMUL

  -------         MODULE        ?C?ULDIV
  C:2661H         PUBLIC        ?C?ULDIV
  -------         ENDMOD        ?C?ULDIV

  -------         MODULE        ?C?LNEG
  C:26F3H         PUBLIC        ?C?LNEG
  -------         ENDMOD        ?C?LNEG

  -------         MODULE        ?C?ULCMP
  C:2701H         PUBLIC        ?C?ULCMP
  -------         ENDMOD        ?C?ULCMP

  -------         MODULE        ?C?ULSHR
  C:2712H         PUBLIC        ?C?ULSHR
  -------         ENDMOD        ?C?ULSHR

  -------         MODULE        ?C?LSHL
  C:2725H         PUBLIC        ?C?LSHL
  -------         ENDMOD        ?C?LSHL

  -------         MODULE        ?C?LSTPTR
  C:2738H         PUBLIC        ?C?LSTPTR
  -------         ENDMOD        ?C?LSTPTR

  -------         MODULE        ?C?LSTXDATA
  C:2752H         PUBLIC        ?C?LSTXDATA
  -------         ENDMOD        ?C?LSTXDATA
BL51 BANKED LINKER/LOCATER V6.22                                                      05/28/2020  22:54:09  PAGE 70



  -------         MODULE        ?C?LSTKXDATA
  C:275EH         PUBLIC        ?C?LSTKXDATA
  -------         ENDMOD        ?C?LSTKXDATA

  -------         MODULE        ?C?OFFXADD
  C:278FH         PUBLIC        ?C?OFFXADD
  -------         ENDMOD        ?C?OFFXADD

  -------         MODULE        ?C?PLDXDATA
  C:279BH         PUBLIC        ?C?PLDXDATA
  -------         ENDMOD        ?C?PLDXDATA

  -------         MODULE        ?C?PLDIXDATA
  C:27A4H         PUBLIC        ?C?PLDIXDATA
  -------         ENDMOD        ?C?PLDIXDATA

  -------         MODULE        ?C?PILDXDATA
  C:27BBH         PUBLIC        ?C?PILDXDATA
  -------         ENDMOD        ?C?PILDXDATA

  -------         MODULE        ?C?PSTXDATA
  C:27D2H         PUBLIC        ?C?PSTXDATA
  -------         ENDMOD        ?C?PSTXDATA

  -------         MODULE        ?C?CCASE
  C:27DBH         PUBLIC        ?C?CCASE
  -------         ENDMOD        ?C?CCASE

  -------         MODULE        PUTCHAR
  C:774CH         PUBLIC        _PUTCHAR
  -------         ENDMOD        PUTCHAR

  -------         MODULE        GETCHAR
  B:0021H.3       PUBLIC        ?C?CHARLOADED
  X:04E5H         PUBLIC        ?_UNGETCHAR?BYTE
  C:79D9H         PUBLIC        GETCHAR
  -------         ENDMOD        GETCHAR

  -------         MODULE        UNGETC
  C:7AA6H         PUBLIC        _UNGETCHAR
  -------         ENDMOD        UNGETC

  -------         MODULE        ISSPACE
  C:79EDH         PUBLIC        _isspace
  -------         ENDMOD        ISSPACE

  -------         MODULE        ?C?STRCPY
  C:28CDH         PUBLIC        ?C?STRCPY
  -------         ENDMOD        ?C?STRCPY

  -------         MODULE        STRLEN
  C:799CH         PUBLIC        _STRLEN
  -------         ENDMOD        STRLEN

  -------         MODULE        ?C?MEMSET
  C:28EAH         PUBLIC        ?C?MEMSET
BL51 BANKED LINKER/LOCATER V6.22                                                      05/28/2020  22:54:09  PAGE 71


  -------         ENDMOD        ?C?MEMSET

  -------         MODULE        ?C?UIDIV
  C:2916H         PUBLIC        ?C?UIDIV
  -------         ENDMOD        ?C?UIDIV

  -------         MODULE        ?C?LSTIDATA
  C:296BH         PUBLIC        ?C?LSTIDATA
  -------         ENDMOD        ?C?LSTIDATA

  -------         MODULE        ?C?LSTPDATA
  C:2977H         PUBLIC        ?C?LSTPDATA
  -------         ENDMOD        ?C?LSTPDATA

  -------         MODULE        _GETKEY
  C:7A78H         PUBLIC        _GETKEY
  -------         ENDMOD        _GETKEY

*** WARNING L16: UNCALLED SEGMENT, IGNORED FOR OVERLAY PROCESS
    SEGMENT: ?PR?HANDLE_UART?Z_MAIN

*** WARNING L16: UNCALLED SEGMENT, IGNORED FOR OVERLAY PROCESS
    SEGMENT: ?PR?LOOP_VOL_WARNING?Z_MAIN

*** WARNING L16: UNCALLED SEGMENT, IGNORED FOR OVERLAY PROCESS
    SEGMENT: ?PR?_UDELAY?Z_DELAY

*** WARNING L16: UNCALLED SEGMENT, IGNORED FOR OVERLAY PROCESS
    SEGMENT: ?PR?_ABS_INT?Z_GLOBAL

*** WARNING L16: UNCALLED SEGMENT, IGNORED FOR OVERLAY PROCESS
    SEGMENT: ?PR?GET_UART_TIMEOUT?Z_UART

*** WARNING L16: UNCALLED SEGMENT, IGNORED FOR OVERLAY PROCESS
    SEGMENT: ?PR?UART2_CLOSE?Z_UART

*** WARNING L16: UNCALLED SEGMENT, IGNORED FOR OVERLAY PROCESS
    SEGMENT: ?PR?UART4_CLOSE?Z_UART

*** WARNING L16: UNCALLED SEGMENT, IGNORED FOR OVERLAY PROCESS
    SEGMENT: ?PR?_SPIFLASHWRITE?Z_W25Q64

*** WARNING L16: UNCALLED SEGMENT, IGNORED FOR OVERLAY PROCESS
    SEGMENT: ?PR?_OLED_SHOWSTR?Z_OLED

*** WARNING L16: UNCALLED SEGMENT, IGNORED FOR OVERLAY PROCESS
    SEGMENT: ?PR?_DRAW_BMP?Z_OLED

Program Size: data=29.4 xdata=1254 code=31478
LINK/LOCATE RUN COMPLETE.  10 WARNING(S),  0 ERROR(S)
