C51 COMPILER V9.60.0.0   Z_DELAY                                                           07/09/2022 18:24:18 PAGE 1   


C51 COMPILER V9.60.0.0, COMPILATION OF MODULE Z_DELAY
OBJECT MODULE PLACED IN .\obj\z_delay.obj
COMPILER INVOKED BY: C:\Keil_v5\C51\BIN\C51.EXE src\z_delay.c LARGE OPTIMIZE(8,SPEED) BROWSE ORDER INCDIR(.\src) DEBUG O
                    -BJECTEXTEND PRINT(.\lst\z_delay.lst) TABS(2) OBJECT(.\obj\z_delay.obj)

line level    source

   1          #include "z_delay.h"
   2          
   3          void delay(unsigned int t) {
   4   1        while(t--);
   5   1      }
   6          
   7          void udelay(unsigned int t) {
   8   1        unsigned char i;
   9   1        while(t--) {
  10   2          i = 3;
  11   2          while (--i);
  12   2        }
  13   1      }
  14          
  15          void mdelay(unsigned int t) {
  16   1        unsigned int i, j;
  17   1        for(i=0;i<t;i++) {
  18   2          for(j=0;j<1000;j++);
  19   2        }
  20   1      }


MODULE INFORMATION:   STATIC OVERLAYABLE
   CODE SIZE        =     62    ----
   CONSTANT SIZE    =   ----    ----
   XDATA SIZE       =   ----    ----
   PDATA SIZE       =   ----    ----
   DATA SIZE        =   ----    ----
   IDATA SIZE       =   ----    ----
   BIT SIZE         =   ----    ----
END OF MODULE INFORMATION.


C51 COMPILATION COMPLETE.  0 WARNING(S),  0 ERROR(S)
