C51 COMPILER V9.60.0.0   Z_PS2                                                             07/09/2022 18:24:18 PAGE 1   


C51 COMPILER V9.60.0.0, COMPILATION OF MODULE Z_PS2
OBJECT MODULE PLACED IN .\obj\z_ps2.obj
COMPILER INVOKED BY: C:\Keil_v5\C51\BIN\C51.EXE src\z_ps2.c LARGE OPTIMIZE(8,SPEED) BROWSE ORDER INCDIR(.\src) DEBUG OBJ
                    -ECTEXTEND PRINT(.\lst\z_ps2.lst) TABS(2) OBJECT(.\obj\z_ps2.obj)

line level    source

   1          #include <intrins.h>
   2          #include "z_ps2.h"
   3          #include "z_delay.h"
   4          
   5          
   6          void ps2_delay(unsigned int t) {
   7   1        while(t--);
   8   1      }
   9          
  10          void psx_init(void) {
  11   1        PS2_ATT = 1;
  12   1        PS2_CMD = 1;
  13   1        PS2_CLK = 1;
  14   1        //PS2_DAT = 0;
  15   1        //PS2_ACK = 1;
  16   1        return;
  17   1      }
  18          
  19          unsigned char psx_transfer(unsigned char dat) {
  20   1        
  21   1        unsigned char rd_data ,wt_data, i;
  22   1        wt_data = dat;
  23   1        rd_data = 0;
  24   1        for(i = 0;i < 8;i++){
  25   2          PS2_CMD = (bit) (wt_data & (0x01 << i));
  26   2          PS2_CLK = 1;
  27   2          PS2_CLK = 0;
  28   2          ps2_delay(10);
  29   2          PS2_CLK = 1;
  30   2          if(PS2_DAT) {
  31   3            rd_data |= 0x01<<i;
  32   3          }
  33   2          ps2_delay(10);
  34   2        }
  35   1        return rd_data;
  36   1      }
  37            
  38          
  39          void psx_write_read(unsigned char *get_buf) {
  40   1        PS2_ATT = 0;
  41   1        
  42   1        get_buf[0] = psx_transfer(START_CMD);
  43   1        get_buf[1] = psx_transfer(ASK_DAT_CMD);
  44   1        get_buf[2] = psx_transfer(get_buf[0]);
  45   1        get_buf[3] = psx_transfer(get_buf[0]);
  46   1        get_buf[4] = psx_transfer(get_buf[0]);
  47   1        get_buf[5] = psx_transfer(get_buf[0]);
  48   1        get_buf[6] = psx_transfer(get_buf[0]);
  49   1        get_buf[7] = psx_transfer(get_buf[0]);
  50   1        get_buf[8] = psx_transfer(get_buf[0]);
  51   1        
  52   1        PS2_ATT = 1;
  53   1        return;
  54   1      }
C51 COMPILER V9.60.0.0   Z_PS2                                                             07/09/2022 18:24:18 PAGE 2   



MODULE INFORMATION:   STATIC OVERLAYABLE
   CODE SIZE        =    287    ----
   CONSTANT SIZE    =   ----    ----
   XDATA SIZE       =   ----       3
   PDATA SIZE       =   ----    ----
   DATA SIZE        =   ----    ----
   IDATA SIZE       =   ----    ----
   BIT SIZE         =   ----    ----
END OF MODULE INFORMATION.


C51 COMPILATION COMPLETE.  0 WARNING(S),  0 ERROR(S)
