C51 COMPILER V9.60.0.0   Z_SENSOR                                                          07/09/2022 18:24:19 PAGE 1   


C51 COMPILER V9.60.0.0, COMPILATION OF MODULE Z_SENSOR
OBJECT MODULE PLACED IN .\obj\z_sensor.obj
COMPILER INVOKED BY: C:\Keil_v5\C51\BIN\C51.EXE src\z_sensor.c LARGE OPTIMIZE(8,SPEED) BROWSE ORDER INCDIR(.\src) DEBUG 
                    -OBJECTEXTEND PRINT(.\lst\z_sensor.lst) TABS(2) OBJECT(.\obj\z_sensor.obj)

line level    source

   1          #include <stdio.h>
   2          #include <string.h>
   3          
   4          #include "z_sensor.h"
   5          #include "z_adc.h"
   6          #include "z_global.h"
   7          #include "z_gpio.h"
   8          #include "z_pwm.h"
   9          #include "z_timer.h"
  10          #include "z_uart.h"
  11          #include "z_main.h"
  12          #include "z_w25q64.h"
  13          
  14          
  15          
  16          /*
  17            智能功能代码
  18          */
  19          
  20          //P44
  21          
  22          //初始化传感器IO口
  23          void setup_sensor(void) {
  24   1      //  P4M1 &= ~(1<<0);
  25   1      //  P4M0 &= ~(1<<0);
  26   1        //不需要配置，默认准双向I/O口
  27   1      }
  28          
  29          void AI_jiaqu(void) {
  30   1        if(group_do_ok == 0)return;//有动作执行，直接返回
  31   1      //  sprintf((char *)uart_receive_buf, "AI_Read() = %d\r\n", AI_Read());
  32   1      //  uart1_send_str(uart_receive_buf);
  33   1        //mdelay(500);
  34   1        if(AI_Read() == 0) {
  35   2          mdelay(20);
  36   2          if(AI_Read() == 0) {
  37   3            parse_cmd((u8 *)"$DGT:1-9,1!");
  38   3            beep_on_times(1, 100);
  39   3          } 
  40   2        }
  41   1      }


MODULE INFORMATION:   STATIC OVERLAYABLE
   CODE SIZE        =     41    ----
   CONSTANT SIZE    =     12    ----
   XDATA SIZE       =   ----    ----
   PDATA SIZE       =   ----    ----
   DATA SIZE        =   ----    ----
   IDATA SIZE       =   ----    ----
   BIT SIZE         =   ----    ----
END OF MODULE INFORMATION.


C51 COMPILATION COMPLETE.  0 WARNING(S),  0 ERROR(S)
